

Microchip MPLAB XC8 Assembler V4.00 build 20260614213421 
                                                                                               Mon Sep 28 17:24:57 2026

Microchip MPLAB XC8 C Compiler v4.00 build 20260614213421 Og1 
     1                           	processor	18F4580
     2                           	fnconf	rparam,??,?,0
     3                           	pagewidth 120
     4                           	psect	idataCOMRAM,global,class=CODE,space=0,delta=1,noexec
     5                           	psect	cinit,global,reloc=2,class=CODE,space=0,delta=1
     6                           	psect	dataCOMRAM,global,class=COMRAM,space=1,delta=1,lowdata,noexec
     7                           	psect	cstackCOMRAM,global,class=COMRAM,space=1,delta=1,lowdata,noexec
     8                           	psect	text0,global,reloc=2,class=CODE,space=0,delta=1
     9                           	psect	text1,global,reloc=2,class=CODE,space=0,delta=1
    10                           	psect	text2,global,reloc=2,class=CODE,space=0,delta=1,group=1
    11                           	psect	text3,global,reloc=2,class=CODE,space=0,delta=1,group=1
    12                           	psect	smallconst,global,reloc=2,class=SMALLCONST,space=0,delta=1,noexec
    13                           	psect	intsave_regs,global,class=BIGRAM,space=1,delta=1,noexec
    14                           	psect	rparam,global,class=COMRAM,space=1,delta=1,noexec
    15   000000                     
    16                           ; Generated 02/09/2026 GMT
    17                           ; 
    18                           ; Copyright (c) 2026 Microchip Technology Inc. and its subsidiaries.
    19                           ; 
    20                           ; Licensed under the Apache License, Version 2.0 (the "License");
    21                           ; you may not use this file except in compliance with the License.
    22                           ; You may obtain a copy of the License at
    23                           ; 
    24                           ;   http://www.apache.org/licenses/LICENSE-2.0
    25                           ; 
    26                           ; Unless required by applicable law or agreed to in writing, software
    27                           ; distributed under the License is distributed on an "AS IS" BASIS,
    28                           ; WITHOUT WARRANTIES OR CONDITIONS OF ANY KIND, either express or implied.
    29                           ; See the License for the specific language governing permissions and
    30                           ; limitations under the License.
    31                           ; 
    32                           ; 
    33                           ; Code-generator required, PIC18F4580 Definitions
    34                           ; 
    35                           ; SFR Addresses
    36   000FE0                     bsr             equ	4064
    37   000FE9                     fsr0            equ	4073
    38   000FEA                     fsr0h           equ	4074
    39   000FE9                     fsr0l           equ	4073
    40   000FE1                     fsr1            equ	4065
    41   000FE2                     fsr1h           equ	4066
    42   000FE1                     fsr1l           equ	4065
    43   000FD9                     fsr2            equ	4057
    44   000FDA                     fsr2h           equ	4058
    45   000FD9                     fsr2l           equ	4057
    46   000FEF                     indf0           equ	4079
    47   000FE7                     indf1           equ	4071
    48   000FDF                     indf2           equ	4063
    49   000FF2                     intcon          equ	4082
    50   000000                     nvmcon          equ	0
    51   000FF9                     pcl             equ	4089
    52   000FFA                     pclath          equ	4090
    53   000FFB                     pclatu          equ	4091
    54   000FEB                     plusw0          equ	4075
    55   000FE3                     plusw1          equ	4067
    56   000FDB                     plusw2          equ	4059
    57   000FED                     postdec0        equ	4077
    58   000FE5                     postdec1        equ	4069
    59   000FDD                     postdec2        equ	4061
    60   000FEE                     postinc0        equ	4078
    61   000FE6                     postinc1        equ	4070
    62   000FDE                     postinc2        equ	4062
    63   000FEC                     preinc0         equ	4076
    64   000FE4                     preinc1         equ	4068
    65   000FDC                     preinc2         equ	4060
    66   000FF3                     prod            equ	4083
    67   000FF4                     prodh           equ	4084
    68   000FF3                     prodl           equ	4083
    69   000FD8                     status          equ	4056
    70   000FF5                     tablat          equ	4085
    71   000FF6                     tblptr          equ	4086
    72   000FF7                     tblptrh         equ	4087
    73   000FF6                     tblptrl         equ	4086
    74   000FF8                     tblptru         equ	4088
    75   000FFD                     tosl            equ	4093
    76   000FE8                     wreg            equ	4072
    77   000D60                     RXF6SIDH        equ	3424	;# 
    78   000D61                     RXF6SIDL        equ	3425	;# 
    79   000D62                     RXF6EIDH        equ	3426	;# 
    80   000D63                     RXF6EIDL        equ	3427	;# 
    81   000D64                     RXF7SIDH        equ	3428	;# 
    82   000D65                     RXF7SIDL        equ	3429	;# 
    83   000D66                     RXF7EIDH        equ	3430	;# 
    84   000D67                     RXF7EIDL        equ	3431	;# 
    85   000D68                     RXF8SIDH        equ	3432	;# 
    86   000D69                     RXF8SIDL        equ	3433	;# 
    87   000D6A                     RXF8EIDH        equ	3434	;# 
    88   000D6B                     RXF8EIDL        equ	3435	;# 
    89   000D70                     RXF9SIDH        equ	3440	;# 
    90   000D71                     RXF9SIDL        equ	3441	;# 
    91   000D72                     RXF9EIDH        equ	3442	;# 
    92   000D73                     RXF9EIDL        equ	3443	;# 
    93   000D74                     RXF10SIDH       equ	3444	;# 
    94   000D75                     RXF10SIDL       equ	3445	;# 
    95   000D76                     RXF10EIDH       equ	3446	;# 
    96   000D77                     RXF10EIDL       equ	3447	;# 
    97   000D78                     RXF11SIDH       equ	3448	;# 
    98   000D79                     RXF11SIDL       equ	3449	;# 
    99   000D7A                     RXF11EIDH       equ	3450	;# 
   100   000D7B                     RXF11EIDL       equ	3451	;# 
   101   000D80                     RXF12SIDH       equ	3456	;# 
   102   000D81                     RXF12SIDL       equ	3457	;# 
   103   000D82                     RXF12EIDH       equ	3458	;# 
   104   000D83                     RXF12EIDL       equ	3459	;# 
   105   000D84                     RXF13SIDH       equ	3460	;# 
   106   000D85                     RXF13SIDL       equ	3461	;# 
   107   000D86                     RXF13EIDH       equ	3462	;# 
   108   000D87                     RXF13EIDL       equ	3463	;# 
   109   000D88                     RXF14SIDH       equ	3464	;# 
   110   000D89                     RXF14SIDL       equ	3465	;# 
   111   000D8A                     RXF14EIDH       equ	3466	;# 
   112   000D8B                     RXF14EIDL       equ	3467	;# 
   113   000D90                     RXF15SIDH       equ	3472	;# 
   114   000D91                     RXF15SIDL       equ	3473	;# 
   115   000D92                     RXF15EIDH       equ	3474	;# 
   116   000D93                     RXF15EIDL       equ	3475	;# 
   117   000DD4                     RXFCON0         equ	3540	;# 
   118   000DD5                     RXFCON1         equ	3541	;# 
   119   000DD8                     SDFLC           equ	3544	;# 
   120   000DE0                     RXFBCON0        equ	3552	;# 
   121   000DE1                     RXFBCON1        equ	3553	;# 
   122   000DE2                     RXFBCON2        equ	3554	;# 
   123   000DE3                     RXFBCON3        equ	3555	;# 
   124   000DE4                     RXFBCON4        equ	3556	;# 
   125   000DE5                     RXFBCON5        equ	3557	;# 
   126   000DE6                     RXFBCON6        equ	3558	;# 
   127   000DE7                     RXFBCON7        equ	3559	;# 
   128   000DF0                     MSEL0           equ	3568	;# 
   129   000DF1                     MSEL1           equ	3569	;# 
   130   000DF2                     MSEL2           equ	3570	;# 
   131   000DF3                     MSEL3           equ	3571	;# 
   132   000DF8                     BSEL0           equ	3576	;# 
   133   000DFA                     BIE0            equ	3578	;# 
   134   000DFC                     TXBIE           equ	3580	;# 
   135   000E20                     B0CON           equ	3616	;# 
   136   000E21                     B0SIDH          equ	3617	;# 
   137   000E22                     B0SIDL          equ	3618	;# 
   138   000E23                     B0EIDH          equ	3619	;# 
   139   000E24                     B0EIDL          equ	3620	;# 
   140   000E25                     B0DLC           equ	3621	;# 
   141   000E26                     B0D0            equ	3622	;# 
   142   000E27                     B0D1            equ	3623	;# 
   143   000E28                     B0D2            equ	3624	;# 
   144   000E29                     B0D3            equ	3625	;# 
   145   000E2A                     B0D4            equ	3626	;# 
   146   000E2B                     B0D5            equ	3627	;# 
   147   000E2C                     B0D6            equ	3628	;# 
   148   000E2D                     B0D7            equ	3629	;# 
   149   000E2E                     CANSTAT_RO9     equ	3630	;# 
   150   000E2F                     CANCON_RO9      equ	3631	;# 
   151   000E30                     B1CON           equ	3632	;# 
   152   000E31                     B1SIDH          equ	3633	;# 
   153   000E32                     B1SIDL          equ	3634	;# 
   154   000E33                     B1EIDH          equ	3635	;# 
   155   000E34                     B1EIDL          equ	3636	;# 
   156   000E35                     B1DLC           equ	3637	;# 
   157   000E36                     B1D0            equ	3638	;# 
   158   000E37                     B1D1            equ	3639	;# 
   159   000E38                     B1D2            equ	3640	;# 
   160   000E39                     B1D3            equ	3641	;# 
   161   000E3A                     B1D4            equ	3642	;# 
   162   000E3B                     B1D5            equ	3643	;# 
   163   000E3C                     B1D6            equ	3644	;# 
   164   000E3D                     B1D7            equ	3645	;# 
   165   000E3E                     CANSTAT_RO8     equ	3646	;# 
   166   000E3F                     CANCON_RO8      equ	3647	;# 
   167   000E40                     B2CON           equ	3648	;# 
   168   000E41                     B2SIDH          equ	3649	;# 
   169   000E42                     B2SIDL          equ	3650	;# 
   170   000E43                     B2EIDH          equ	3651	;# 
   171   000E44                     B2EIDL          equ	3652	;# 
   172   000E45                     B2DLC           equ	3653	;# 
   173   000E46                     B2D0            equ	3654	;# 
   174   000E47                     B2D1            equ	3655	;# 
   175   000E48                     B2D2            equ	3656	;# 
   176   000E49                     B2D3            equ	3657	;# 
   177   000E4A                     B2D4            equ	3658	;# 
   178   000E4B                     B2D5            equ	3659	;# 
   179   000E4C                     B2D6            equ	3660	;# 
   180   000E4D                     B2D7            equ	3661	;# 
   181   000E4E                     CANSTAT_RO7     equ	3662	;# 
   182   000E4F                     CANCON_RO7      equ	3663	;# 
   183   000E50                     B3CON           equ	3664	;# 
   184   000E51                     B3SIDH          equ	3665	;# 
   185   000E52                     B3SIDL          equ	3666	;# 
   186   000E53                     B3EIDH          equ	3667	;# 
   187   000E54                     B3EIDL          equ	3668	;# 
   188   000E55                     B3DLC           equ	3669	;# 
   189   000E56                     B3D0            equ	3670	;# 
   190   000E57                     B3D1            equ	3671	;# 
   191   000E58                     B3D2            equ	3672	;# 
   192   000E59                     B3D3            equ	3673	;# 
   193   000E5A                     B3D4            equ	3674	;# 
   194   000E5B                     B3D5            equ	3675	;# 
   195   000E5C                     B3D6            equ	3676	;# 
   196   000E5D                     B3D7            equ	3677	;# 
   197   000E5E                     CANSTAT_RO6     equ	3678	;# 
   198   000E5F                     CANCON_RO6      equ	3679	;# 
   199   000E60                     B4CON           equ	3680	;# 
   200   000E61                     B4SIDH          equ	3681	;# 
   201   000E62                     B4SIDL          equ	3682	;# 
   202   000E63                     B4EIDH          equ	3683	;# 
   203   000E64                     B4EIDL          equ	3684	;# 
   204   000E65                     B4DLC           equ	3685	;# 
   205   000E66                     B4D0            equ	3686	;# 
   206   000E67                     B4D1            equ	3687	;# 
   207   000E68                     B4D2            equ	3688	;# 
   208   000E69                     B4D3            equ	3689	;# 
   209   000E6A                     B4D4            equ	3690	;# 
   210   000E6B                     B4D5            equ	3691	;# 
   211   000E6C                     B4D6            equ	3692	;# 
   212   000E6D                     B4D7            equ	3693	;# 
   213   000E6E                     CANSTAT_RO5     equ	3694	;# 
   214   000E6F                     CANCON_RO5      equ	3695	;# 
   215   000E70                     B5CON           equ	3696	;# 
   216   000E71                     B5SIDH          equ	3697	;# 
   217   000E72                     B5SIDL          equ	3698	;# 
   218   000E73                     B5EIDH          equ	3699	;# 
   219   000E74                     B5EIDL          equ	3700	;# 
   220   000E75                     B5DLC           equ	3701	;# 
   221   000E76                     B5D0            equ	3702	;# 
   222   000E77                     B5D1            equ	3703	;# 
   223   000E78                     B5D2            equ	3704	;# 
   224   000E79                     B5D3            equ	3705	;# 
   225   000E7A                     B5D4            equ	3706	;# 
   226   000E7B                     B5D5            equ	3707	;# 
   227   000E7C                     B5D6            equ	3708	;# 
   228   000E7D                     B5D7            equ	3709	;# 
   229   000E7E                     CANSTAT_RO4     equ	3710	;# 
   230   000E7F                     CANCON_RO4      equ	3711	;# 
   231   000F00                     RXF0SIDH        equ	3840	;# 
   232   000F01                     RXF0SIDL        equ	3841	;# 
   233   000F02                     RXF0EIDH        equ	3842	;# 
   234   000F03                     RXF0EIDL        equ	3843	;# 
   235   000F04                     RXF1SIDH        equ	3844	;# 
   236   000F05                     RXF1SIDL        equ	3845	;# 
   237   000F06                     RXF1EIDH        equ	3846	;# 
   238   000F07                     RXF1EIDL        equ	3847	;# 
   239   000F08                     RXF2SIDH        equ	3848	;# 
   240   000F09                     RXF2SIDL        equ	3849	;# 
   241   000F0A                     RXF2EIDH        equ	3850	;# 
   242   000F0B                     RXF2EIDL        equ	3851	;# 
   243   000F0C                     RXF3SIDH        equ	3852	;# 
   244   000F0D                     RXF3SIDL        equ	3853	;# 
   245   000F0E                     RXF3EIDH        equ	3854	;# 
   246   000F0F                     RXF3EIDL        equ	3855	;# 
   247   000F10                     RXF4SIDH        equ	3856	;# 
   248   000F11                     RXF4SIDL        equ	3857	;# 
   249   000F12                     RXF4EIDH        equ	3858	;# 
   250   000F13                     RXF4EIDL        equ	3859	;# 
   251   000F14                     RXF5SIDH        equ	3860	;# 
   252   000F15                     RXF5SIDL        equ	3861	;# 
   253   000F16                     RXF5EIDH        equ	3862	;# 
   254   000F17                     RXF5EIDL        equ	3863	;# 
   255   000F18                     RXM0SIDH        equ	3864	;# 
   256   000F19                     RXM0SIDL        equ	3865	;# 
   257   000F1A                     RXM0EIDH        equ	3866	;# 
   258   000F1B                     RXM0EIDL        equ	3867	;# 
   259   000F1C                     RXM1SIDH        equ	3868	;# 
   260   000F1D                     RXM1SIDL        equ	3869	;# 
   261   000F1E                     RXM1EIDH        equ	3870	;# 
   262   000F1F                     RXM1EIDL        equ	3871	;# 
   263   000F20                     TXB2CON         equ	3872	;# 
   264   000F21                     TXB2SIDH        equ	3873	;# 
   265   000F22                     TXB2SIDL        equ	3874	;# 
   266   000F23                     TXB2EIDH        equ	3875	;# 
   267   000F24                     TXB2EIDL        equ	3876	;# 
   268   000F25                     TXB2DLC         equ	3877	;# 
   269   000F26                     TXB2D0          equ	3878	;# 
   270   000F27                     TXB2D1          equ	3879	;# 
   271   000F28                     TXB2D2          equ	3880	;# 
   272   000F29                     TXB2D3          equ	3881	;# 
   273   000F2A                     TXB2D4          equ	3882	;# 
   274   000F2B                     TXB2D5          equ	3883	;# 
   275   000F2C                     TXB2D6          equ	3884	;# 
   276   000F2D                     TXB2D7          equ	3885	;# 
   277   000F2E                     CANSTAT_RO3     equ	3886	;# 
   278   000F2F                     CANCON_RO3      equ	3887	;# 
   279   000F30                     TXB1CON         equ	3888	;# 
   280   000F31                     TXB1SIDH        equ	3889	;# 
   281   000F32                     TXB1SIDL        equ	3890	;# 
   282   000F33                     TXB1EIDH        equ	3891	;# 
   283   000F34                     TXB1EIDL        equ	3892	;# 
   284   000F35                     TXB1DLC         equ	3893	;# 
   285   000F36                     TXB1D0          equ	3894	;# 
   286   000F37                     TXB1D1          equ	3895	;# 
   287   000F38                     TXB1D2          equ	3896	;# 
   288   000F39                     TXB1D3          equ	3897	;# 
   289   000F3A                     TXB1D4          equ	3898	;# 
   290   000F3B                     TXB1D5          equ	3899	;# 
   291   000F3C                     TXB1D6          equ	3900	;# 
   292   000F3D                     TXB1D7          equ	3901	;# 
   293   000F3E                     CANSTAT_RO2     equ	3902	;# 
   294   000F3F                     CANCON_RO2      equ	3903	;# 
   295   000F40                     TXB0CON         equ	3904	;# 
   296   000F41                     TXB0SIDH        equ	3905	;# 
   297   000F42                     TXB0SIDL        equ	3906	;# 
   298   000F43                     TXB0EIDH        equ	3907	;# 
   299   000F44                     TXB0EIDL        equ	3908	;# 
   300   000F45                     TXB0DLC         equ	3909	;# 
   301   000F46                     TXB0D0          equ	3910	;# 
   302   000F47                     TXB0D1          equ	3911	;# 
   303   000F48                     TXB0D2          equ	3912	;# 
   304   000F49                     TXB0D3          equ	3913	;# 
   305   000F4A                     TXB0D4          equ	3914	;# 
   306   000F4B                     TXB0D5          equ	3915	;# 
   307   000F4C                     TXB0D6          equ	3916	;# 
   308   000F4D                     TXB0D7          equ	3917	;# 
   309   000F4E                     CANSTAT_RO1     equ	3918	;# 
   310   000F4F                     CANCON_RO1      equ	3919	;# 
   311   000F50                     RXB1CON         equ	3920	;# 
   312   000F51                     RXB1SIDH        equ	3921	;# 
   313   000F52                     RXB1SIDL        equ	3922	;# 
   314   000F53                     RXB1EIDH        equ	3923	;# 
   315   000F54                     RXB1EIDL        equ	3924	;# 
   316   000F55                     RXB1DLC         equ	3925	;# 
   317   000F56                     RXB1D0          equ	3926	;# 
   318   000F57                     RXB1D1          equ	3927	;# 
   319   000F58                     RXB1D2          equ	3928	;# 
   320   000F59                     RXB1D3          equ	3929	;# 
   321   000F5A                     RXB1D4          equ	3930	;# 
   322   000F5B                     RXB1D5          equ	3931	;# 
   323   000F5C                     RXB1D6          equ	3932	;# 
   324   000F5D                     RXB1D7          equ	3933	;# 
   325   000F5E                     CANSTAT_RO0     equ	3934	;# 
   326   000F5F                     CANCON_RO0      equ	3935	;# 
   327   000F60                     RXB0CON         equ	3936	;# 
   328   000F61                     RXB0SIDH        equ	3937	;# 
   329   000F62                     RXB0SIDL        equ	3938	;# 
   330   000F63                     RXB0EIDH        equ	3939	;# 
   331   000F64                     RXB0EIDL        equ	3940	;# 
   332   000F65                     RXB0DLC         equ	3941	;# 
   333   000F66                     RXB0D0          equ	3942	;# 
   334   000F67                     RXB0D1          equ	3943	;# 
   335   000F68                     RXB0D2          equ	3944	;# 
   336   000F69                     RXB0D3          equ	3945	;# 
   337   000F6A                     RXB0D4          equ	3946	;# 
   338   000F6B                     RXB0D5          equ	3947	;# 
   339   000F6C                     RXB0D6          equ	3948	;# 
   340   000F6D                     RXB0D7          equ	3949	;# 
   341   000F6E                     CANSTAT         equ	3950	;# 
   342   000F6F                     CANCON          equ	3951	;# 
   343   000F70                     BRGCON1         equ	3952	;# 
   344   000F71                     BRGCON2         equ	3953	;# 
   345   000F72                     BRGCON3         equ	3954	;# 
   346   000F73                     CIOCON          equ	3955	;# 
   347   000F74                     COMSTAT         equ	3956	;# 
   348   000F75                     RXERRCNT        equ	3957	;# 
   349   000F76                     TXERRCNT        equ	3958	;# 
   350   000F77                     ECANCON         equ	3959	;# 
   351   000F80                     PORTA           equ	3968	;# 
   352   000F81                     PORTB           equ	3969	;# 
   353   000F82                     PORTC           equ	3970	;# 
   354   000F83                     PORTD           equ	3971	;# 
   355   000F84                     PORTE           equ	3972	;# 
   356   000F89                     LATA            equ	3977	;# 
   357   000F8A                     LATB            equ	3978	;# 
   358   000F8B                     LATC            equ	3979	;# 
   359   000F8C                     LATD            equ	3980	;# 
   360   000F8D                     LATE            equ	3981	;# 
   361   000F92                     TRISA           equ	3986	;# 
   362   000F92                     DDRA            equ	3986	;# 
   363   000F93                     TRISB           equ	3987	;# 
   364   000F93                     DDRB            equ	3987	;# 
   365   000F94                     TRISC           equ	3988	;# 
   366   000F94                     DDRC            equ	3988	;# 
   367   000F95                     TRISD           equ	3989	;# 
   368   000F95                     DDRD            equ	3989	;# 
   369   000F96                     TRISE           equ	3990	;# 
   370   000F96                     DDRE            equ	3990	;# 
   371   000F9B                     OSCTUNE         equ	3995	;# 
   372   000F9D                     PIE1            equ	3997	;# 
   373   000F9E                     PIR1            equ	3998	;# 
   374   000F9F                     IPR1            equ	3999	;# 
   375   000FA0                     PIE2            equ	4000	;# 
   376   000FA1                     PIR2            equ	4001	;# 
   377   000FA2                     IPR2            equ	4002	;# 
   378   000FA3                     PIE3            equ	4003	;# 
   379   000FA4                     PIR3            equ	4004	;# 
   380   000FA5                     IPR3            equ	4005	;# 
   381   000FA6                     EECON1          equ	4006	;# 
   382   000FA7                     EECON2          equ	4007	;# 
   383   000FA8                     EEDATA          equ	4008	;# 
   384   000FA9                     EEADR           equ	4009	;# 
   385   000FAB                     RCSTA           equ	4011	;# 
   386   000FAB                     RCSTA1          equ	4011	;# 
   387   000FAC                     TXSTA           equ	4012	;# 
   388   000FAC                     TXSTA1          equ	4012	;# 
   389   000FAD                     TXREG           equ	4013	;# 
   390   000FAD                     TXREG1          equ	4013	;# 
   391   000FAE                     RCREG           equ	4014	;# 
   392   000FAE                     RCREG1          equ	4014	;# 
   393   000FAF                     SPBRG           equ	4015	;# 
   394   000FAF                     SPBRG1          equ	4015	;# 
   395   000FB0                     SPBRGH          equ	4016	;# 
   396   000FB1                     T3CON           equ	4017	;# 
   397   000FB2                     TMR3            equ	4018	;# 
   398   000FB2                     TMR3L           equ	4018	;# 
   399   000FB3                     TMR3H           equ	4019	;# 
   400   000FB4                     CMCON           equ	4020	;# 
   401   000FB5                     CVRCON          equ	4021	;# 
   402   000FB6                     ECCP1AS         equ	4022	;# 
   403   000FB7                     ECCP1DEL        equ	4023	;# 
   404   000FB8                     BAUDCON         equ	4024	;# 
   405   000FB8                     BAUDCTL         equ	4024	;# 
   406   000FBA                     ECCP1CON        equ	4026	;# 
   407   000FBB                     ECCPR1          equ	4027	;# 
   408   000FBB                     ECCPR1L         equ	4027	;# 
   409   000FBC                     ECCPR1H         equ	4028	;# 
   410   000FBD                     CCP1CON         equ	4029	;# 
   411   000FBE                     CCPR1           equ	4030	;# 
   412   000FBE                     CCPR1L          equ	4030	;# 
   413   000FBF                     CCPR1H          equ	4031	;# 
   414   000FC0                     ADCON2          equ	4032	;# 
   415   000FC1                     ADCON1          equ	4033	;# 
   416   000FC2                     ADCON0          equ	4034	;# 
   417   000FC3                     ADRES           equ	4035	;# 
   418   000FC3                     ADRESL          equ	4035	;# 
   419   000FC4                     ADRESH          equ	4036	;# 
   420   000FC5                     SSPCON2         equ	4037	;# 
   421   000FC6                     SSPCON1         equ	4038	;# 
   422   000FC7                     SSPSTAT         equ	4039	;# 
   423   000FC8                     SSPADD          equ	4040	;# 
   424   000FC9                     SSPBUF          equ	4041	;# 
   425   000FCA                     T2CON           equ	4042	;# 
   426   000FCB                     PR2             equ	4043	;# 
   427   000FCB                     MEMCON          equ	4043	;# 
   428   000FCC                     TMR2            equ	4044	;# 
   429   000FCD                     T1CON           equ	4045	;# 
   430   000FCE                     TMR1            equ	4046	;# 
   431   000FCE                     TMR1L           equ	4046	;# 
   432   000FCF                     TMR1H           equ	4047	;# 
   433   000FD0                     RCON            equ	4048	;# 
   434   000FD1                     WDTCON          equ	4049	;# 
   435   000FD2                     HLVDCON         equ	4050	;# 
   436   000FD2                     LVDCON          equ	4050	;# 
   437   000FD3                     OSCCON          equ	4051	;# 
   438   000FD5                     T0CON           equ	4053	;# 
   439   000FD6                     TMR0            equ	4054	;# 
   440   000FD6                     TMR0L           equ	4054	;# 
   441   000FD7                     TMR0H           equ	4055	;# 
   442   000FD8                     STATUS          equ	4056	;# 
   443   000FD9                     FSR2            equ	4057	;# 
   444   000FD9                     FSR2L           equ	4057	;# 
   445   000FDA                     FSR2H           equ	4058	;# 
   446   000FDB                     PLUSW2          equ	4059	;# 
   447   000FDC                     PREINC2         equ	4060	;# 
   448   000FDD                     POSTDEC2        equ	4061	;# 
   449   000FDE                     POSTINC2        equ	4062	;# 
   450   000FDF                     INDF2           equ	4063	;# 
   451   000FE0                     BSR             equ	4064	;# 
   452   000FE1                     FSR1            equ	4065	;# 
   453   000FE1                     FSR1L           equ	4065	;# 
   454   000FE2                     FSR1H           equ	4066	;# 
   455   000FE3                     PLUSW1          equ	4067	;# 
   456   000FE4                     PREINC1         equ	4068	;# 
   457   000FE5                     POSTDEC1        equ	4069	;# 
   458   000FE6                     POSTINC1        equ	4070	;# 
   459   000FE7                     INDF1           equ	4071	;# 
   460   000FE8                     WREG            equ	4072	;# 
   461   000FE9                     FSR0            equ	4073	;# 
   462   000FE9                     FSR0L           equ	4073	;# 
   463   000FEA                     FSR0H           equ	4074	;# 
   464   000FEB                     PLUSW0          equ	4075	;# 
   465   000FEC                     PREINC0         equ	4076	;# 
   466   000FED                     POSTDEC0        equ	4077	;# 
   467   000FEE                     POSTINC0        equ	4078	;# 
   468   000FEF                     INDF0           equ	4079	;# 
   469   000FF0                     INTCON3         equ	4080	;# 
   470   000FF1                     INTCON2         equ	4081	;# 
   471   000FF2                     INTCON          equ	4082	;# 
   472   000FF3                     PROD            equ	4083	;# 
   473   000FF3                     PRODL           equ	4083	;# 
   474   000FF4                     PRODH           equ	4084	;# 
   475   000FF5                     TABLAT          equ	4085	;# 
   476   000FF6                     TBLPTR          equ	4086	;# 
   477   000FF6                     TBLPTRL         equ	4086	;# 
   478   000FF7                     TBLPTRH         equ	4087	;# 
   479   000FF8                     TBLPTRU         equ	4088	;# 
   480   000FF9                     PCLAT           equ	4089	;# 
   481   000FF9                     PC              equ	4089	;# 
   482   000FF9                     PCL             equ	4089	;# 
   483   000FFA                     PCLATH          equ	4090	;# 
   484   000FFB                     PCLATU          equ	4091	;# 
   485   000FFC                     STKPTR          equ	4092	;# 
   486   000FFD                     TOS             equ	4093	;# 
   487   000FFD                     TOSL            equ	4093	;# 
   488   000FFE                     TOSH            equ	4094	;# 
   489   000FFF                     TOSU            equ	4095	;# 
   490                           
   491                           	psect	idataCOMRAM
   492   000958                     __pidataCOMRAM:
   493                           	callstack 0
   494                           
   495                           ;initializer for main@F10608
   496   000958  E7                 	db	231
   497   000959  21                 	db	33
   498   00095A  CB                 	db	203
   499   00095B  6B                 	db	107
   500   00095C  2D                 	db	45
   501   00095D  6E                 	db	110
   502   00095E  EE                 	db	238
   503   00095F  23                 	db	35
   504   000960  EF                 	db	239
   505   000961  6F                 	db	111
   506   000F92                     _TRISA          set	3986
   507   000F95                     _TRISD          set	3989
   508   000F80                     _PORTA          set	3968
   509   000F83                     _PORTD          set	3971
   510   007C10                     _RC0            set	31760
   511                           
   512                           ; #config settings
   513                           
   514                           	psect	cinit
   515   000932                     __pcinit:
   516                           	callstack 0
   517   000932                     start_initialization:
   518                           	callstack 0
   519   000932                     __initialization:
   520                           	callstack 0
   521                           
   522                           ; Initialize objects allocated to COMRAM (10 bytes)
   523                           ; load TBLPTR registers with __pidataCOMRAM
   524   000932  0E58               	movlw	low __pidataCOMRAM
   525   000934  6EF6               	movwf	tblptrl,c
   526   000936  0E09               	movlw	high __pidataCOMRAM
   527   000938  6EF7               	movwf	tblptrh,c
   528   00093A  0E00               	movlw	low (__pidataCOMRAM shr (0+16))
   529   00093C  6EF8               	movwf	tblptru,c
   530   00093E  EE00  F023         	lfsr	0,__pdataCOMRAM
   531   000942  EE10 F00A          	lfsr	1,10
   532   000946                     copy_data0:
   533   000946  0009               	tblrd		*+
   534   000948  CFF5 FFEE          	movff	tablat,postinc0
   535   00094C  50E5               	movf	postdec1,w,c
   536   00094E  50E1               	movf	fsr1l,w,c
   537   000950  E1FA               	bnz	copy_data0
   538   000952                     end_of_initialization:
   539                           	callstack 0
   540   000952                     __end_of__initialization:
   541                           	callstack 0
   542   000952  0100               	movlb	0
   543   000954  EF01  F003         	goto	_main	;jump to C main() function
   544                           
   545                           	psect	dataCOMRAM
   546   000023                     __pdataCOMRAM:
   547                           	callstack 0
   548   000023                     main@F10608:
   549                           	callstack 0
   550   000023                     	ds	10
   551                           
   552                           	psect	cstackCOMRAM
   553   000001                     __pcstackCOMRAM:
   554                           	callstack 0
   555   000001                     ?___awdiv:
   556                           	callstack 0
   557   000001                     display@ssd:
   558                           	callstack 0
   559   000001                     ___awdiv@dividend:
   560                           	callstack 0
   561                           
   562                           ; 2 bytes @ 0x0
   563   000001                     	ds	1
   564   000002                     ??_display:
   565                           
   566                           ; 1 bytes @ 0x1
   567   000002                     	ds	1
   568   000003                     ___awdiv@divisor:
   569                           	callstack 0
   570                           
   571                           ; 2 bytes @ 0x2
   572   000003                     	ds	1
   573   000004                     display@delay:
   574                           	callstack 0
   575                           
   576                           ; 2 bytes @ 0x3
   577   000004                     	ds	1
   578   000005                     ___awdiv@counter:
   579                           	callstack 0
   580   000005                     
   581                           ; 1 bytes @ 0x4
   582   000005                     	ds	1
   583   000006                     ___awdiv@sign:
   584                           	callstack 0
   585   000006                     display@i:
   586                           	callstack 0
   587                           
   588                           ; 2 bytes @ 0x5
   589   000006                     	ds	1
   590   000007                     ___awdiv@quotient:
   591                           	callstack 0
   592                           
   593                           ; 2 bytes @ 0x6
   594   000007                     	ds	2
   595   000009                     ?___awmod:
   596                           	callstack 0
   597   000009                     ___awmod@dividend:
   598                           	callstack 0
   599                           
   600                           ; 2 bytes @ 0x8
   601   000009                     	ds	2
   602   00000B                     ___awmod@divisor:
   603                           	callstack 0
   604                           
   605                           ; 2 bytes @ 0xA
   606   00000B                     	ds	2
   607   00000D                     ___awmod@counter:
   608                           	callstack 0
   609   00000D                     
   610                           ; 1 bytes @ 0xC
   611   00000D                     	ds	1
   612   00000E                     ___awmod@sign:
   613                           	callstack 0
   614                           
   615                           ; 1 bytes @ 0xD
   616   00000E                     	ds	1
   617   00000F                     main@digit:
   618                           	callstack 0
   619   00000F                     
   620                           ; 1 bytes @ 0xE
   621   00000F                     	ds	10
   622   000019                     main@ssd:
   623                           	callstack 0
   624                           
   625                           ; 4 bytes @ 0x18
   626   000019                     	ds	4
   627   00001D                     main@count:
   628                           	callstack 0
   629                           
   630                           ; 2 bytes @ 0x1C
   631   00001D                     	ds	2
   632   00001F                     main@flag:
   633                           	callstack 0
   634                           
   635                           ; 2 bytes @ 0x1E
   636   00001F                     	ds	2
   637   000021                     main@num:
   638                           	callstack 0
   639                           
   640                           ; 2 bytes @ 0x20
   641   000021                     	ds	2
   642                           
   643 ;;
   644 ;;Main: autosize = 0, tempsize = 0, incstack = 0, save=0
   645 ;;
   646 ;; *************** function _main *****************
   647 ;; Defined at:
   648 ;;		line 19 in file "main.c"
   649 ;; Parameters:    Size  Location     Type
   650 ;;		None
   651 ;; Auto vars:     Size  Location     Type
   652 ;;  digit          10   14[COMRAM] unsigned char [10]
   653 ;;  ssd             4   24[COMRAM] unsigned char [4]
   654 ;;  num             2   32[COMRAM] int 
   655 ;;  flag            2   30[COMRAM] int 
   656 ;;  count           2   28[COMRAM] int 
   657 ;; Return value:  Size  Location     Type
   658 ;;                  1    wreg      void 
   659 ;; Registers used:
   660 ;;		wreg, fsr1l, fsr1h, fsr2l, fsr2h, status,2, status,0, cstack
   661 ;; Tracked objects:
   662 ;;		On entry : 0/0
   663 ;;		On exit  : 0/0
   664 ;;		Unchanged: 0/0
   665 ;; Data sizes:     COMRAM   BANK0   BANK1   BANK2   BANK3   BANK4   BANK5
   666 ;;      Params:         0       0       0       0       0       0       0
   667 ;;      Locals:        20       0       0       0       0       0       0
   668 ;;      Temps:          0       0       0       0       0       0       0
   669 ;;      Totals:        20       0       0       0       0       0       0
   670 ;;Total ram usage:       20 bytes
   671 ;; Hardware stack levels required when called: 1
   672 ;; This function calls:
   673 ;;		___awdiv
   674 ;;		___awmod
   675 ;;		_display
   676 ;; This function is called by:
   677 ;;		Startup code after reset
   678 ;; This function uses a non-reentrant model
   679 ;;
   680                           
   681                           	psect	text0
   682   000602                     __ptext0:
   683                           	callstack 0
   684   000602                     _main:
   685                           	callstack 30
   686   000602                     
   687                           ;main.c: 20:     TRISD=0X00;
   688   000602  6A95               	clrf	149,c	;volatile
   689                           
   690                           ;main.c: 21:     PORTD=0X00;
   691   000604  6A83               	clrf	131,c	;volatile
   692   000606                     
   693                           ;main.c: 23:     TRISA = TRISA & 0XF0;
   694   000606  5092               	movf	146,w,c	;volatile
   695   000608  0BF0               	andlw	240
   696   00060A  6E92               	movwf	146,c	;volatile
   697                           
   698                           ;main.c: 24:     PORTA = PORTA & 0XF0;
   699   00060C  5080               	movf	128,w,c	;volatile
   700   00060E  0BF0               	andlw	240
   701   000610  6E80               	movwf	128,c	;volatile
   702   000612                     
   703                           ;main.c: 26:     unsigned char digit[]={0XE7,0X21,0XCB,0X6B,0X2D,0X6E,0XEE,0X23,0XEF,0X6
      +                          F};
   704   000612  EE20  F023         	lfsr	2,main@F10608
   705   000616  EE10  F00F         	lfsr	1,main@digit
   706   00061A  0E09               	movlw	9
   707   00061C                     u351:
   708   00061C  CFDB FFE3          	movff	plusw2,plusw1
   709   000620  06E8               	decf	wreg,f,c
   710   000622  E2FC               	bc	u351
   711   000624                     
   712                           ;main.c: 27:     int flag=1;
   713   000624  6A20               	clrf	(main@flag+1)^0,c
   714   000626  0E01               	movlw	1
   715   000628  6E1F               	movwf	main@flag^0,c
   716   00062A                     
   717                           ;main.c: 28:     int num=0;
   718   00062A  6A22               	clrf	(main@num+1)^0,c
   719   00062C  0E00               	movlw	0
   720   00062E  6E21               	movwf	main@num^0,c
   721   000630                     
   722                           ;main.c: 29:     int count=0;
   723   000630  6A1E               	clrf	(main@count+1)^0,c
   724   000632  0E00               	movlw	0
   725   000634  6E1D               	movwf	main@count^0,c
   726   000636                     l1065:
   727                           
   728                           ;main.c: 34:         if(RC0 == 0){
   729   000636  B082               	btfsc	3970,0,c	;volatile
   730   000638  EF20  F003         	goto	u361
   731   00063C  EF22  F003         	goto	u360
   732   000640                     u361:
   733   000640  EF4A  F003         	goto	l1079
   734   000644                     u360:
   735   000644                     
   736                           ;main.c: 35:             count++;
   737   000644  4A1D               	infsnz	main@count^0,f,c
   738   000646  2A1E               	incf	(main@count+1)^0,f,c
   739   000648                     
   740                           ;main.c: 37:             if(count > 300){
   741   000648  BE1E               	btfsc	(main@count+1)^0,7,c
   742   00064A  EF30  F003         	goto	u371
   743   00064E  0E2D               	movlw	45
   744   000650  5C1D               	subwf	main@count^0,w,c
   745   000652  0E01               	movlw	1
   746   000654  581E               	subwfb	(main@count+1)^0,w,c
   747   000656  A0D8               	btfss	status,0,c
   748   000658  EF30  F003         	goto	u371
   749   00065C  EF32  F003         	goto	u370
   750   000660                     u371:
   751   000660  EF3A  F003         	goto	l1073
   752   000664                     u370:
   753   000664                     
   754                           ;main.c: 38:                 num = 0;
   755   000664  6A22               	clrf	(main@num+1)^0,c
   756   000666  0E00               	movlw	0
   757   000668  6E21               	movwf	main@num^0,c
   758                           
   759                           ;main.c: 39:                 flag = 0;
   760   00066A  6A20               	clrf	(main@flag+1)^0,c
   761   00066C  0E00               	movlw	0
   762   00066E  6E1F               	movwf	main@flag^0,c
   763                           
   764                           ;main.c: 40:             }
   765   000670  EF50  F003         	goto	l1081
   766   000674                     l1073:
   767   000674  501F               	movf	main@flag^0,w,c
   768   000676  1020               	iorwf	(main@flag+1)^0,w,c
   769   000678  B4D8               	btfsc	status,2,c
   770   00067A  EF41  F003         	goto	u381
   771   00067E  EF43  F003         	goto	u380
   772   000682                     u381:
   773   000682  EF50  F003         	goto	l1081
   774   000686                     u380:
   775   000686                     
   776                           ;main.c: 42:                 num++;
   777   000686  4A21               	infsnz	main@num^0,f,c
   778   000688  2A22               	incf	(main@num+1)^0,f,c
   779   00068A                     
   780                           ;main.c: 43:                 flag = 0;
   781   00068A  6A20               	clrf	(main@flag+1)^0,c
   782   00068C  0E00               	movlw	0
   783   00068E  6E1F               	movwf	main@flag^0,c
   784   000690  EF50  F003         	goto	l1081
   785   000694                     l1079:
   786                           
   787                           ;main.c: 47:             flag = 1;
   788   000694  6A20               	clrf	(main@flag+1)^0,c
   789   000696  0E01               	movlw	1
   790   000698  6E1F               	movwf	main@flag^0,c
   791                           
   792                           ;main.c: 48:             count = 0;
   793   00069A  6A1E               	clrf	(main@count+1)^0,c
   794   00069C  0E00               	movlw	0
   795   00069E  6E1D               	movwf	main@count^0,c
   796   0006A0                     l1081:
   797                           
   798                           ;main.c: 51:         ssd[0]=digit[num/1000];
   799   0006A0  C021  F001         	movff	main@num,___awdiv@dividend
   800   0006A4  C022  F002         	movff	main@num+1,___awdiv@dividend+1
   801   0006A8  0E03               	movlw	3
   802   0006AA  6E04               	movwf	(___awdiv@divisor+1)^0,c
   803   0006AC  0EE8               	movlw	232
   804   0006AE  6E03               	movwf	___awdiv@divisor^0,c
   805   0006B0  ECA7  F003         	call	___awdiv	;wreg free
   806   0006B4  5001               	movf	?___awdiv^0,w,c
   807   0006B6  0F0F               	addlw	low main@digit
   808   0006B8  6ED9               	movwf	fsr2l,c
   809   0006BA  6ADA               	clrf	fsr2h,c
   810   0006BC  50DF               	movf	indf2,w,c
   811   0006BE  6E19               	movwf	main@ssd^0,c
   812   0006C0                     
   813                           ;main.c: 52:         ssd[1]=digit[(num/100)%10];
   814   0006C0  6A04               	clrf	(___awdiv@divisor+1)^0,c
   815   0006C2  0E64               	movlw	100
   816   0006C4  6E03               	movwf	___awdiv@divisor^0,c
   817   0006C6  C021  F001         	movff	main@num,___awdiv@dividend
   818   0006CA  C022  F002         	movff	main@num+1,___awdiv@dividend+1
   819   0006CE  ECA7  F003         	call	___awdiv	;wreg free
   820   0006D2  C001  F009         	movff	?___awdiv,___awmod@dividend
   821   0006D6  C002  F00A         	movff	?___awdiv+1,___awmod@dividend+1
   822   0006DA  6A0C               	clrf	(___awmod@divisor+1)^0,c
   823   0006DC  0E0A               	movlw	10
   824   0006DE  6E0B               	movwf	___awmod@divisor^0,c
   825   0006E0  EC07  F004         	call	___awmod	;wreg free
   826   0006E4  5009               	movf	?___awmod^0,w,c
   827   0006E6  0F0F               	addlw	low main@digit
   828   0006E8  6ED9               	movwf	fsr2l,c
   829   0006EA  6ADA               	clrf	fsr2h,c
   830   0006EC  50DF               	movf	indf2,w,c
   831   0006EE  6E1A               	movwf	(main@ssd+1)^0,c
   832   0006F0                     
   833                           ;main.c: 53:         ssd[2]=digit[(num/10)%10];
   834   0006F0  6A04               	clrf	(___awdiv@divisor+1)^0,c
   835   0006F2  0E0A               	movlw	10
   836   0006F4  6E03               	movwf	___awdiv@divisor^0,c
   837   0006F6  C021  F001         	movff	main@num,___awdiv@dividend
   838   0006FA  C022  F002         	movff	main@num+1,___awdiv@dividend+1
   839   0006FE  ECA7  F003         	call	___awdiv	;wreg free
   840   000702  C001  F009         	movff	?___awdiv,___awmod@dividend
   841   000706  C002  F00A         	movff	?___awdiv+1,___awmod@dividend+1
   842   00070A  6A0C               	clrf	(___awmod@divisor+1)^0,c
   843   00070C  0E0A               	movlw	10
   844   00070E  6E0B               	movwf	___awmod@divisor^0,c
   845   000710  EC07  F004         	call	___awmod	;wreg free
   846   000714  5009               	movf	?___awmod^0,w,c
   847   000716  0F0F               	addlw	low main@digit
   848   000718  6ED9               	movwf	fsr2l,c
   849   00071A  6ADA               	clrf	fsr2h,c
   850   00071C  50DF               	movf	indf2,w,c
   851   00071E  6E1B               	movwf	(main@ssd+2)^0,c
   852   000720                     
   853                           ;main.c: 54:         ssd[3]=digit[num%10];
   854   000720  C021  F009         	movff	main@num,___awmod@dividend
   855   000724  C022  F00A         	movff	main@num+1,___awmod@dividend+1
   856   000728  6A0C               	clrf	(___awmod@divisor+1)^0,c
   857   00072A  0E0A               	movlw	10
   858   00072C  6E0B               	movwf	___awmod@divisor^0,c
   859   00072E  EC07  F004         	call	___awmod	;wreg free
   860   000732  5009               	movf	?___awmod^0,w,c
   861   000734  0F0F               	addlw	low main@digit
   862   000736  6ED9               	movwf	fsr2l,c
   863   000738  6ADA               	clrf	fsr2h,c
   864   00073A  50DF               	movf	indf2,w,c
   865   00073C  6E1C               	movwf	(main@ssd+3)^0,c
   866   00073E                     
   867                           ;main.c: 56:         display(ssd);
   868   00073E  0E19               	movlw	low main@ssd
   869   000740  6E01               	movwf	display@ssd^0,c
   870   000742  EC5E  F004         	call	_display	;wreg free
   871   000746  EF1B  F003         	goto	l1065
   872   00074A  EFFE  F017         	goto	start
   873   00074E                     __end_of_main:
   874                           	callstack 0
   875                           
   876 ;; *************** function _display *****************
   877 ;; Defined at:
   878 ;;		line 10 in file "main.c"
   879 ;; Parameters:    Size  Location     Type
   880 ;;  ssd             1    0[COMRAM] PTR unsigned char 
   881 ;;		 -> main@ssd(4), 
   882 ;; Auto vars:     Size  Location     Type
   883 ;;  delay           2    3[COMRAM] int 
   884 ;;  i               2    5[COMRAM] int 
   885 ;; Return value:  Size  Location     Type
   886 ;;                  1    wreg      void 
   887 ;; Registers used:
   888 ;;		wreg, fsr2l, fsr2h, status,2, status,0
   889 ;; Tracked objects:
   890 ;;		On entry : 0/0
   891 ;;		On exit  : 0/0
   892 ;;		Unchanged: 0/0
   893 ;; Data sizes:     COMRAM   BANK0   BANK1   BANK2   BANK3   BANK4   BANK5
   894 ;;      Params:         1       0       0       0       0       0       0
   895 ;;      Locals:         4       0       0       0       0       0       0
   896 ;;      Temps:          2       0       0       0       0       0       0
   897 ;;      Totals:         7       0       0       0       0       0       0
   898 ;;Total ram usage:        7 bytes
   899 ;; Hardware stack levels used: 1
   900 ;; This function calls:
   901 ;;		Nothing
   902 ;; This function is called by:
   903 ;;		_main
   904 ;; This function uses a non-reentrant model
   905 ;;
   906                           
   907                           	psect	text1
   908   0008BC                     __ptext1:
   909                           	callstack 0
   910   0008BC                     _display:
   911                           	callstack 30
   912   0008BC                     
   913                           ;main.c: 11:     for(int i=0;i<4;i++){
   914   0008BC  6A07               	clrf	(display@i+1)^0,c
   915   0008BE  0E00               	movlw	0
   916   0008C0  6E06               	movwf	display@i^0,c
   917   0008C2                     l961:
   918                           
   919                           ;main.c: 12:         PORTD=ssd[i];
   920   0008C2  5001               	movf	display@ssd^0,w,c
   921   0008C4  2406               	addwf	display@i^0,w,c
   922   0008C6  6ED9               	movwf	fsr2l,c
   923   0008C8  6ADA               	clrf	fsr2h,c
   924   0008CA  50DF               	movf	indf2,w,c
   925   0008CC  6E83               	movwf	131,c	;volatile
   926   0008CE                     
   927                           ;main.c: 13:         PORTA= PORTA & 0XF0|1<<i;
   928   0008CE  C006  F002         	movff	display@i,??_display
   929   0008D2  0E01               	movlw	1
   930   0008D4  6E03               	movwf	(??_display+1)^0,c
   931   0008D6  2A02               	incf	??_display^0,f,c
   932   0008D8  EF70  F004         	goto	u204
   933   0008DC                     u205:
   934   0008DC  90D8               	bcf	status,0,c
   935   0008DE  3603               	rlcf	(??_display+1)^0,f,c
   936   0008E0                     u204:
   937   0008E0  2E02               	decfsz	??_display^0,f,c
   938   0008E2  EF6E  F004         	goto	u205
   939   0008E6  5080               	movf	128,w,c	;volatile
   940   0008E8  0BF0               	andlw	240
   941   0008EA  1003               	iorwf	(??_display+1)^0,w,c
   942   0008EC  6E80               	movwf	128,c	;volatile
   943   0008EE                     
   944                           ;main.c: 15:         for(int delay=1000; delay--;);
   945   0008EE  0E03               	movlw	3
   946   0008F0  6E05               	movwf	(display@delay+1)^0,c
   947   0008F2  0EE8               	movlw	232
   948   0008F4  6E04               	movwf	display@delay^0,c
   949   0008F6                     l967:
   950   0008F6  0604               	decf	display@delay^0,f,c
   951   0008F8  A0D8               	btfss	status,0,c
   952   0008FA  0605               	decf	(display@delay+1)^0,f,c
   953   0008FC  2804               	incf	display@delay^0,w,c
   954   0008FE  E106               	bnz	u211
   955   000900  2805               	incf	(display@delay+1)^0,w,c
   956   000902  A4D8               	btfss	status,2,c
   957   000904  EF86  F004         	goto	u211
   958   000908  EF88  F004         	goto	u210
   959   00090C                     u211:
   960   00090C  EF7B  F004         	goto	l967
   961   000910                     u210:
   962   000910                     
   963                           ;main.c: 16:     };main.c: 11:     for(int i=0;i<4;i++){
   964   000910  4A06               	infsnz	display@i^0,f,c
   965   000912  2A07               	incf	(display@i+1)^0,f,c
   966   000914  BE07               	btfsc	(display@i+1)^0,7,c
   967   000916  EF96  F004         	goto	u221
   968   00091A  5007               	movf	(display@i+1)^0,w,c
   969   00091C  E109               	bnz	u220
   970   00091E  0E04               	movlw	4
   971   000920  5C06               	subwf	display@i^0,w,c
   972   000922  A0D8               	btfss	status,0,c
   973   000924  EF96  F004         	goto	u221
   974   000928  EF98  F004         	goto	u220
   975   00092C                     u221:
   976   00092C  EF61  F004         	goto	l961
   977   000930                     u220:
   978   000930  0012               	return		;funcret
   979   000932                     __end_of_display:
   980                           	callstack 0
   981                           
   982 ;; *************** function ___awmod *****************
   983 ;; Defined at:
   984 ;;		line 7 in file "C:\Program Files\Microchip\xc8\v4.00\pic\sources\c99\common\awmod.c"
   985 ;; Parameters:    Size  Location     Type
   986 ;;  dividend        2    8[COMRAM] int 
   987 ;;  divisor         2   10[COMRAM] int 
   988 ;; Auto vars:     Size  Location     Type
   989 ;;  sign            1   13[COMRAM] unsigned char 
   990 ;;  counter         1   12[COMRAM] unsigned char 
   991 ;; Return value:  Size  Location     Type
   992 ;;                  2    8[COMRAM] int 
   993 ;; Registers used:
   994 ;;		wreg, status,2, status,0
   995 ;; Tracked objects:
   996 ;;		On entry : 0/0
   997 ;;		On exit  : 0/0
   998 ;;		Unchanged: 0/0
   999 ;; Data sizes:     COMRAM   BANK0   BANK1   BANK2   BANK3   BANK4   BANK5
  1000 ;;      Params:         4       0       0       0       0       0       0
  1001 ;;      Locals:         2       0       0       0       0       0       0
  1002 ;;      Temps:          0       0       0       0       0       0       0
  1003 ;;      Totals:         6       0       0       0       0       0       0
  1004 ;;Total ram usage:        6 bytes
  1005 ;; Hardware stack levels used: 1
  1006 ;; This function calls:
  1007 ;;		Nothing
  1008 ;; This function is called by:
  1009 ;;		_main
  1010 ;; This function uses a non-reentrant model
  1011 ;;
  1012                           
  1013                           	psect	text2
  1014   00080E                     __ptext2:
  1015                           	callstack 0
  1016   00080E                     ___awmod:
  1017                           	callstack 30
  1018   00080E  6A0E               	clrf	___awmod@sign^0,c
  1019   000810  BE0A               	btfsc	(___awmod@dividend+1)^0,7,c
  1020   000812  EF0F  F004         	goto	u290
  1021   000816  EF0D  F004         	goto	u291
  1022   00081A                     u291:
  1023   00081A  EF15  F004         	goto	l1025
  1024   00081E                     u290:
  1025   00081E  6C09               	negf	___awmod@dividend^0,c
  1026   000820  1E0A               	comf	(___awmod@dividend+1)^0,f,c
  1027   000822  B0D8               	btfsc	status,0,c
  1028   000824  2A0A               	incf	(___awmod@dividend+1)^0,f,c
  1029   000826  0E01               	movlw	1
  1030   000828  6E0E               	movwf	___awmod@sign^0,c
  1031   00082A                     l1025:
  1032   00082A  BE0C               	btfsc	(___awmod@divisor+1)^0,7,c
  1033   00082C  EF1C  F004         	goto	u300
  1034   000830  EF1A  F004         	goto	u301
  1035   000834                     u301:
  1036   000834  EF20  F004         	goto	l1029
  1037   000838                     u300:
  1038   000838  6C0B               	negf	___awmod@divisor^0,c
  1039   00083A  1E0C               	comf	(___awmod@divisor+1)^0,f,c
  1040   00083C  B0D8               	btfsc	status,0,c
  1041   00083E  2A0C               	incf	(___awmod@divisor+1)^0,f,c
  1042   000840                     l1029:
  1043   000840  500B               	movf	___awmod@divisor^0,w,c
  1044   000842  100C               	iorwf	(___awmod@divisor+1)^0,w,c
  1045   000844  B4D8               	btfsc	status,2,c
  1046   000846  EF27  F004         	goto	u311
  1047   00084A  EF29  F004         	goto	u310
  1048   00084E                     u311:
  1049   00084E  EF4D  F004         	goto	l1045
  1050   000852                     u310:
  1051   000852  0E01               	movlw	1
  1052   000854  6E0D               	movwf	___awmod@counter^0,c
  1053   000856  EF31  F004         	goto	l1035
  1054   00085A                     l1033:
  1055   00085A  90D8               	bcf	status,0,c
  1056   00085C  360B               	rlcf	___awmod@divisor^0,f,c
  1057   00085E  360C               	rlcf	(___awmod@divisor+1)^0,f,c
  1058   000860  2A0D               	incf	___awmod@counter^0,f,c
  1059   000862                     l1035:
  1060   000862  AE0C               	btfss	(___awmod@divisor+1)^0,7,c
  1061   000864  EF36  F004         	goto	u321
  1062   000868  EF38  F004         	goto	u320
  1063   00086C                     u321:
  1064   00086C  EF2D  F004         	goto	l1033
  1065   000870                     u320:
  1066   000870                     l1037:
  1067   000870  500B               	movf	___awmod@divisor^0,w,c
  1068   000872  5C09               	subwf	___awmod@dividend^0,w,c
  1069   000874  500C               	movf	(___awmod@divisor+1)^0,w,c
  1070   000876  580A               	subwfb	(___awmod@dividend+1)^0,w,c
  1071   000878  A0D8               	btfss	status,0,c
  1072   00087A  EF41  F004         	goto	u331
  1073   00087E  EF43  F004         	goto	u330
  1074   000882                     u331:
  1075   000882  EF47  F004         	goto	l1041
  1076   000886                     u330:
  1077   000886  500B               	movf	___awmod@divisor^0,w,c
  1078   000888  5E09               	subwf	___awmod@dividend^0,f,c
  1079   00088A  500C               	movf	(___awmod@divisor+1)^0,w,c
  1080   00088C  5A0A               	subwfb	(___awmod@dividend+1)^0,f,c
  1081   00088E                     l1041:
  1082   00088E  90D8               	bcf	status,0,c
  1083   000890  320C               	rrcf	(___awmod@divisor+1)^0,f,c
  1084   000892  320B               	rrcf	___awmod@divisor^0,f,c
  1085   000894  2E0D               	decfsz	___awmod@counter^0,f,c
  1086   000896  EF38  F004         	goto	l1037
  1087   00089A                     l1045:
  1088   00089A  500E               	movf	___awmod@sign^0,w,c
  1089   00089C  B4D8               	btfsc	status,2,c
  1090   00089E  EF53  F004         	goto	u341
  1091   0008A2  EF55  F004         	goto	u340
  1092   0008A6                     u341:
  1093   0008A6  EF59  F004         	goto	l1049
  1094   0008AA                     u340:
  1095   0008AA  6C09               	negf	___awmod@dividend^0,c
  1096   0008AC  1E0A               	comf	(___awmod@dividend+1)^0,f,c
  1097   0008AE  B0D8               	btfsc	status,0,c
  1098   0008B0  2A0A               	incf	(___awmod@dividend+1)^0,f,c
  1099   0008B2                     l1049:
  1100   0008B2  C009  F009         	movff	___awmod@dividend,?___awmod
  1101   0008B6  C00A  F00A         	movff	___awmod@dividend+1,?___awmod+1
  1102   0008BA  0012               	return		;funcret
  1103   0008BC                     __end_of___awmod:
  1104                           	callstack 0
  1105                           
  1106 ;; *************** function ___awdiv *****************
  1107 ;; Defined at:
  1108 ;;		line 7 in file "C:\Program Files\Microchip\xc8\v4.00\pic\sources\c99\common\awdiv.c"
  1109 ;; Parameters:    Size  Location     Type
  1110 ;;  dividend        2    0[COMRAM] int 
  1111 ;;  divisor         2    2[COMRAM] int 
  1112 ;; Auto vars:     Size  Location     Type
  1113 ;;  quotient        2    6[COMRAM] int 
  1114 ;;  sign            1    5[COMRAM] unsigned char 
  1115 ;;  counter         1    4[COMRAM] unsigned char 
  1116 ;; Return value:  Size  Location     Type
  1117 ;;                  2    0[COMRAM] int 
  1118 ;; Registers used:
  1119 ;;		wreg, status,2, status,0
  1120 ;; Tracked objects:
  1121 ;;		On entry : 0/0
  1122 ;;		On exit  : 0/0
  1123 ;;		Unchanged: 0/0
  1124 ;; Data sizes:     COMRAM   BANK0   BANK1   BANK2   BANK3   BANK4   BANK5
  1125 ;;      Params:         4       0       0       0       0       0       0
  1126 ;;      Locals:         4       0       0       0       0       0       0
  1127 ;;      Temps:          0       0       0       0       0       0       0
  1128 ;;      Totals:         8       0       0       0       0       0       0
  1129 ;;Total ram usage:        8 bytes
  1130 ;; Hardware stack levels used: 1
  1131 ;; This function calls:
  1132 ;;		Nothing
  1133 ;; This function is called by:
  1134 ;;		_main
  1135 ;; This function uses a non-reentrant model
  1136 ;;
  1137                           
  1138                           	psect	text3
  1139   00074E                     __ptext3:
  1140                           	callstack 0
  1141   00074E                     ___awdiv:
  1142                           	callstack 30
  1143   00074E  6A06               	clrf	___awdiv@sign^0,c
  1144   000750  BE04               	btfsc	(___awdiv@divisor+1)^0,7,c
  1145   000752  EFAF  F003         	goto	u230
  1146   000756  EFAD  F003         	goto	u231
  1147   00075A                     u231:
  1148   00075A  EFB5  F003         	goto	l981
  1149   00075E                     u230:
  1150   00075E  6C03               	negf	___awdiv@divisor^0,c
  1151   000760  1E04               	comf	(___awdiv@divisor+1)^0,f,c
  1152   000762  B0D8               	btfsc	status,0,c
  1153   000764  2A04               	incf	(___awdiv@divisor+1)^0,f,c
  1154   000766  0E01               	movlw	1
  1155   000768  6E06               	movwf	___awdiv@sign^0,c
  1156   00076A                     l981:
  1157   00076A  BE02               	btfsc	(___awdiv@dividend+1)^0,7,c
  1158   00076C  EFBC  F003         	goto	u240
  1159   000770  EFBA  F003         	goto	u241
  1160   000774                     u241:
  1161   000774  EFC2  F003         	goto	l987
  1162   000778                     u240:
  1163   000778  6C01               	negf	___awdiv@dividend^0,c
  1164   00077A  1E02               	comf	(___awdiv@dividend+1)^0,f,c
  1165   00077C  B0D8               	btfsc	status,0,c
  1166   00077E  2A02               	incf	(___awdiv@dividend+1)^0,f,c
  1167   000780  0E01               	movlw	1
  1168   000782  1A06               	xorwf	___awdiv@sign^0,f,c
  1169   000784                     l987:
  1170   000784  6A08               	clrf	(___awdiv@quotient+1)^0,c
  1171   000786  0E00               	movlw	0
  1172   000788  6E07               	movwf	___awdiv@quotient^0,c
  1173   00078A  5003               	movf	___awdiv@divisor^0,w,c
  1174   00078C  1004               	iorwf	(___awdiv@divisor+1)^0,w,c
  1175   00078E  B4D8               	btfsc	status,2,c
  1176   000790  EFCC  F003         	goto	u251
  1177   000794  EFCE  F003         	goto	u250
  1178   000798                     u251:
  1179   000798  EFF6  F003         	goto	l1009
  1180   00079C                     u250:
  1181   00079C  0E01               	movlw	1
  1182   00079E  6E05               	movwf	___awdiv@counter^0,c
  1183   0007A0  EFD6  F003         	goto	l995
  1184   0007A4                     l993:
  1185   0007A4  90D8               	bcf	status,0,c
  1186   0007A6  3603               	rlcf	___awdiv@divisor^0,f,c
  1187   0007A8  3604               	rlcf	(___awdiv@divisor+1)^0,f,c
  1188   0007AA  2A05               	incf	___awdiv@counter^0,f,c
  1189   0007AC                     l995:
  1190   0007AC  AE04               	btfss	(___awdiv@divisor+1)^0,7,c
  1191   0007AE  EFDB  F003         	goto	u261
  1192   0007B2  EFDD  F003         	goto	u260
  1193   0007B6                     u261:
  1194   0007B6  EFD2  F003         	goto	l993
  1195   0007BA                     u260:
  1196   0007BA                     l997:
  1197   0007BA  90D8               	bcf	status,0,c
  1198   0007BC  3607               	rlcf	___awdiv@quotient^0,f,c
  1199   0007BE  3608               	rlcf	(___awdiv@quotient+1)^0,f,c
  1200   0007C0  5003               	movf	___awdiv@divisor^0,w,c
  1201   0007C2  5C01               	subwf	___awdiv@dividend^0,w,c
  1202   0007C4  5004               	movf	(___awdiv@divisor+1)^0,w,c
  1203   0007C6  5802               	subwfb	(___awdiv@dividend+1)^0,w,c
  1204   0007C8  A0D8               	btfss	status,0,c
  1205   0007CA  EFE9  F003         	goto	u271
  1206   0007CE  EFEB  F003         	goto	u270
  1207   0007D2                     u271:
  1208   0007D2  EFF0  F003         	goto	l1005
  1209   0007D6                     u270:
  1210   0007D6  5003               	movf	___awdiv@divisor^0,w,c
  1211   0007D8  5E01               	subwf	___awdiv@dividend^0,f,c
  1212   0007DA  5004               	movf	(___awdiv@divisor+1)^0,w,c
  1213   0007DC  5A02               	subwfb	(___awdiv@dividend+1)^0,f,c
  1214   0007DE  8007               	bsf	___awdiv@quotient^0,0,c
  1215   0007E0                     l1005:
  1216   0007E0  90D8               	bcf	status,0,c
  1217   0007E2  3204               	rrcf	(___awdiv@divisor+1)^0,f,c
  1218   0007E4  3203               	rrcf	___awdiv@divisor^0,f,c
  1219   0007E6  2E05               	decfsz	___awdiv@counter^0,f,c
  1220   0007E8  EFDD  F003         	goto	l997
  1221   0007EC                     l1009:
  1222   0007EC  5006               	movf	___awdiv@sign^0,w,c
  1223   0007EE  B4D8               	btfsc	status,2,c
  1224   0007F0  EFFC  F003         	goto	u281
  1225   0007F4  EFFE  F003         	goto	u280
  1226   0007F8                     u281:
  1227   0007F8  EF02  F004         	goto	l1013
  1228   0007FC                     u280:
  1229   0007FC  6C07               	negf	___awdiv@quotient^0,c
  1230   0007FE  1E08               	comf	(___awdiv@quotient+1)^0,f,c
  1231   000800  B0D8               	btfsc	status,0,c
  1232   000802  2A08               	incf	(___awdiv@quotient+1)^0,f,c
  1233   000804                     l1013:
  1234   000804  C007  F001         	movff	___awdiv@quotient,?___awdiv
  1235   000808  C008  F002         	movff	___awdiv@quotient+1,?___awdiv+1
  1236   00080C  0012               	return		;funcret
  1237   00080E                     __end_of___awdiv:
  1238                           	callstack 0
  1239                           
  1240                           	psect	smallconst
  1241   000600                     __psmallconst:
  1242                           	callstack 0
  1243   000600  00                 	db	0
  1244   000601  00                 	db	0	; dummy byte at the end
  1245   000600                     __smallconst    set	__psmallconst
  1246   000600                     __mediumconst   set	__psmallconst
  1247   000000                     __activetblptr  equ	0
  1248                           
  1249                           	psect	rparam
  1250   000001                     ___rparam_used  equ	1
  1251   000000                     ___param_bank   equ	0
  1252   000000                     __Lparam        equ	__Lrparam
  1253   000000                     __Hparam        equ	__Hrparam
  1254                           tosu	equ	0xFFF
  1255                           tosh	equ	0xFFE
  1256                           tosl	equ	0xFFD
  1257                           stkptr	equ	0xFFC
  1258                           pclatu	equ	0xFFB
  1259                           pclath	equ	0xFFA
  1260                           pcl	equ	0xFF9
  1261                           tblptru	equ	0xFF8
  1262                           tblptrh	equ	0xFF7
  1263                           tblptrl	equ	0xFF6
  1264                           tablat	equ	0xFF5
  1265                           prodh	equ	0xFF4
  1266                           prodl	equ	0xFF3
  1267                           indf0	equ	0xFEF
  1268                           postinc0	equ	0xFEE
  1269                           postdec0	equ	0xFED
  1270                           preinc0	equ	0xFEC
  1271                           plusw0	equ	0xFEB
  1272                           fsr0h	equ	0xFEA
  1273                           fsr0l	equ	0xFE9
  1274                           wreg	equ	0xFE8
  1275                           indf1	equ	0xFE7
  1276                           postinc1	equ	0xFE6
  1277                           postdec1	equ	0xFE5
  1278                           preinc1	equ	0xFE4
  1279                           plusw1	equ	0xFE3
  1280                           fsr1h	equ	0xFE2
  1281                           fsr1l	equ	0xFE1
  1282                           bsr	equ	0xFE0
  1283                           indf2	equ	0xFDF
  1284                           postinc2	equ	0xFDE
  1285                           postdec2	equ	0xFDD
  1286                           preinc2	equ	0xFDC
  1287                           plusw2	equ	0xFDB
  1288                           fsr2h	equ	0xFDA
  1289                           fsr2l	equ	0xFD9
  1290                           status	equ	0xFD8

Data Sizes:
    Strings     0
    Constant    0
    Data        10
    BSS         0
    Persistent  0
    Stack       0

Auto Spaces:
    Space          Size  Autos    Used
    COMRAM           95     34      44
    BANK0           160      0       0
    BANK1           256      0       0
    BANK2           256      0       0
    BANK3           256      0       0
    BANK4           256      0       0
    BANK5           256      0       0

Pointer List with Targets:

    display@ssd	PTR unsigned char  size(1) Largest target is 4
		 -> main@ssd(COMRAM[4]), 


Critical Paths under _main in COMRAM

    _main->___awmod
    ___awmod->___awdiv

Critical Paths under _main in BANK0

    None.

Critical Paths under _main in BANK1

    None.

Critical Paths under _main in BANK2

    None.

Critical Paths under _main in BANK3

    None.

Critical Paths under _main in BANK4

    None.

Critical Paths under _main in BANK5

    None.

Call Graph Tables:

 ---------------------------------------------------------------------------------
 (Depth) Function   	        Calls       Base Space   Used Autos Params    Refs
 ---------------------------------------------------------------------------------
 (0) _main                                                20    20      0    1075
                                             14 COMRAM    20    20      0
                            ___awdiv
                            ___awmod
                            _display
 ---------------------------------------------------------------------------------
 (1) _display                                              7     6      1     136
                                              0 COMRAM     7     6      1
 ---------------------------------------------------------------------------------
 (1) ___awmod                                              6     2      4     302
                                              8 COMRAM     6     2      4
                            ___awdiv (ARG)
 ---------------------------------------------------------------------------------
 (1) ___awdiv                                              8     4      4     306
                                              0 COMRAM     8     4      4
 ---------------------------------------------------------------------------------
 Estimated maximum stack depth 1
 ---------------------------------------------------------------------------------

 Call Graph Graphs:

 _main (ROOT)
   ___awdiv
   ___awmod
     ___awdiv (ARG)
   _display

Address spaces:
Name               Size   Autos  Total    Usage
BIGRAM            1535      0       0      0.0%
BITBIGSFRll        640      0       0      0.0%
BITBANK5           256      0       0      0.0%
BANK5              256      0       0      0.0%
BITBANK4           256      0       0      0.0%
BANK4              256      0       0      0.0%
BITBANK3           256      0       0      0.0%
BANK3              256      0       0      0.0%
BITBANK2           256      0       0      0.0%
BANK2              256      0       0      0.0%
BITBANK1           256      0       0      0.0%
BANK1              256      0       0      0.0%
BITBANK0           160      0       0      0.0%
BANK0              160      0       0      0.0%
BITBIGSFRh         125      0       0      0.0%
BITCOMRAM           95      0       0      0.0%
COMRAM              95     34      44     46.3%
BITBIGSFRlh          1      0       0      0.0%
STACK                0      0       0      0.0%
DATA                 0      0      44      0.0%


Microchip Technology PIC18 Macro Assembler V4.00 build 20260614213421 
Symbol Table                                                                                   Mon Sep 28 17:24:57 2026

                     l18 0930             ___awdiv@sign 0006                      l390 08BA  
                    l377 080C                      l961 08C2                      l971 0914  
                    l963 08CE                      l955 08BC                      l981 076A  
                    l973 074E                      l965 08EE                      l991 079C  
                    l983 0778                      l975 0750                      l967 08F6  
                    l993 07A4                      l985 0780                      l977 075E  
                    l969 0910                      l995 07AC                      l987 0784  
                    l979 0766                      l997 07BA                      l989 078A  
                    l999 07C0                      _RC0 7C10                      u210 0910  
                    u211 090C                      u300 0838                      u220 0930  
                    u204 08E0                      u301 0834                      u221 092C  
                    u205 08DC                      u230 075E                      u310 0852  
                    u231 075A                      u311 084E                      u240 0778  
                    u320 0870                      u241 0774                      u321 086C  
                    u250 079C                      u330 0886                      u251 0798  
                    u331 0882                      u260 07BA                      u340 08AA  
                    u261 07B6                      u341 08A6                      u270 07D6  
                    u271 07D2                      u351 061C                      u280 07FC  
                    u360 0644                      u281 07F8                      u361 0640  
                    u290 081E                      u370 0664                      u291 081A  
                    u371 0660                      u380 0686                      u381 0682  
           ___awmod@sign 000E                      wreg 0FE8                     l1001 07D6  
                   l1011 07FC                     l1003 07DE                     l1013 0804  
                   l1005 07E0                     l1021 081E                     l1007 07E6  
                   l1031 0852                     l1023 0826                     l1009 07EC  
                   l1041 088E                     l1033 085A                     l1025 082A  
                   l1017 080E                     l1043 0894                     l1035 0862  
                   l1027 0838                     l1019 0810                     l1037 0870  
                   l1045 089A                     l1029 0840                     l1061 062A  
                   l1053 0602                     l1047 08AA                     l1039 0886  
                   l1071 0664                     l1063 0630                     l1055 0606  
                   l1049 08B2                     l1081 06A0                     l1073 0674  
                   l1065 0636                     l1057 0612                     l1083 06C0  
                   l1075 0686                     l1067 0644                     l1059 0624  
                   l1085 06F0                     l1077 068A                     l1069 0648  
                   l1087 0720                     l1079 0694                     l1089 073E  
                   _main 0602                     fsr2h 0FDA                     indf2 0FDF  
                   fsr1l 0FE1                     fsr2l 0FD9                     start 2FFC  
           ___param_bank 0000                    ?_main 0001          __end_of___awdiv 080E  
        __end_of___awmod 08BC          ___awdiv@divisor 0003          ___awdiv@counter 0005  
                  _PORTA 0F80                    _PORTD 0F83                    _TRISA 0F92  
                  _TRISD 0F95             display@delay 0004          __end_of_display 0932  
                  tablat 0FF5                    plusw1 0FE3                    plusw2 0FDB  
                  status 0FD8          __initialization 0932             __end_of_main 074E  
                 ??_main 000F            __activetblptr 0000         ___awdiv@dividend 0001  
              ??___awdiv 0005                ??___awmod 000D         ___awdiv@quotient 0007  
        ___awmod@divisor 000B                   isa$std 0001          ___awmod@counter 000D  
              ??_display 0002             __pdataCOMRAM 0023             __mediumconst 0600  
                 tblptrh 0FF7                   tblptrl 0FF6                   tblptru 0FF8  
             __accesstop 0060  __end_of__initialization 0952            ___rparam_used 0001  
         __pcstackCOMRAM 0001                  __Hparam 0000                  __Lparam 0000  
                ___awdiv 074E                  ___awmod 080E             __psmallconst 0600  
                __pcinit 0932                  __ramtop 0600                  __ptext0 0602  
                __ptext1 08BC                  __ptext2 080E                  __ptext3 074E  
                _display 08BC         ___awmod@dividend 0009                  main@num 0021  
                main@ssd 0019     end_of_initialization 0952                  postdec1 0FE5  
                postinc0 0FEE               main@F10608 0023               display@ssd 0001  
          __pidataCOMRAM 0958      start_initialization 0932                 ?___awdiv 0001  
               ?___awmod 0009                 ?_display 0001              __smallconst 0600  
              main@digit 000F                main@count 001D                copy_data0 0946  
               __Hrparam 0000                 __Lrparam 0000                 isa$xinst 0000  
               main@flag 001F                 display@i 0006  
