

Microchip MPLAB XC8 Assembler V4.00 build 20260614213421 
                                                                                               Tue Sep 29 13:17:15 2026

Microchip MPLAB XC8 C Compiler v4.00 build 20260614213421 Og1 
     1                           	processor	18F4580
     2                           	fnconf	rparam,??,?,0
     3                           	pagewidth 120
     4                           	psect	idataCOMRAM,global,class=CODE,space=0,delta=1,noexec
     5                           	psect	cinit,global,reloc=2,class=CODE,space=0,delta=1
     6                           	psect	dataCOMRAM,global,class=COMRAM,space=1,delta=1,lowdata,noexec
     7                           	psect	cstackCOMRAM,global,class=COMRAM,space=1,delta=1,lowdata,noexec
     8                           	psect	text0,global,reloc=2,class=CODE,space=0,delta=1
     9                           	psect	text1,global,reloc=2,class=CODE,space=0,delta=1
    10                           	psect	text2,global,reloc=2,class=CODE,space=0,delta=1
    11                           	psect	text3,global,reloc=2,class=CODE,space=0,delta=1
    12                           	psect	text4,global,reloc=2,class=CODE,space=0,delta=1,group=1
    13                           	psect	text5,global,reloc=2,class=CODE,space=0,delta=1,group=1
    14                           	psect	smallconst,global,reloc=2,class=SMALLCONST,space=0,delta=1,noexec
    15                           	psect	intsave_regs,global,class=BIGRAM,space=1,delta=1,noexec
    16                           	psect	rparam,global,class=COMRAM,space=1,delta=1,noexec
    17   000000                     
    18                           ; Generated 02/09/2026 GMT
    19                           ; 
    20                           ; Copyright (c) 2026 Microchip Technology Inc. and its subsidiaries.
    21                           ; 
    22                           ; Licensed under the Apache License, Version 2.0 (the "License");
    23                           ; you may not use this file except in compliance with the License.
    24                           ; You may obtain a copy of the License at
    25                           ; 
    26                           ;   http://www.apache.org/licenses/LICENSE-2.0
    27                           ; 
    28                           ; Unless required by applicable law or agreed to in writing, software
    29                           ; distributed under the License is distributed on an "AS IS" BASIS,
    30                           ; WITHOUT WARRANTIES OR CONDITIONS OF ANY KIND, either express or implied.
    31                           ; See the License for the specific language governing permissions and
    32                           ; limitations under the License.
    33                           ; 
    34                           ; 
    35                           ; Code-generator required, PIC18F4580 Definitions
    36                           ; 
    37                           ; SFR Addresses
    38   000FE0                     bsr             equ	4064
    39   000FE9                     fsr0            equ	4073
    40   000FEA                     fsr0h           equ	4074
    41   000FE9                     fsr0l           equ	4073
    42   000FE1                     fsr1            equ	4065
    43   000FE2                     fsr1h           equ	4066
    44   000FE1                     fsr1l           equ	4065
    45   000FD9                     fsr2            equ	4057
    46   000FDA                     fsr2h           equ	4058
    47   000FD9                     fsr2l           equ	4057
    48   000FEF                     indf0           equ	4079
    49   000FE7                     indf1           equ	4071
    50   000FDF                     indf2           equ	4063
    51   000FF2                     intcon          equ	4082
    52   000000                     nvmcon          equ	0
    53   000FF9                     pcl             equ	4089
    54   000FFA                     pclath          equ	4090
    55   000FFB                     pclatu          equ	4091
    56   000FEB                     plusw0          equ	4075
    57   000FE3                     plusw1          equ	4067
    58   000FDB                     plusw2          equ	4059
    59   000FED                     postdec0        equ	4077
    60   000FE5                     postdec1        equ	4069
    61   000FDD                     postdec2        equ	4061
    62   000FEE                     postinc0        equ	4078
    63   000FE6                     postinc1        equ	4070
    64   000FDE                     postinc2        equ	4062
    65   000FEC                     preinc0         equ	4076
    66   000FE4                     preinc1         equ	4068
    67   000FDC                     preinc2         equ	4060
    68   000FF3                     prod            equ	4083
    69   000FF4                     prodh           equ	4084
    70   000FF3                     prodl           equ	4083
    71   000FD8                     status          equ	4056
    72   000FF5                     tablat          equ	4085
    73   000FF6                     tblptr          equ	4086
    74   000FF7                     tblptrh         equ	4087
    75   000FF6                     tblptrl         equ	4086
    76   000FF8                     tblptru         equ	4088
    77   000FFD                     tosl            equ	4093
    78   000FE8                     wreg            equ	4072
    79   000D60                     RXF6SIDH        equ	3424	;# 
    80   000D61                     RXF6SIDL        equ	3425	;# 
    81   000D62                     RXF6EIDH        equ	3426	;# 
    82   000D63                     RXF6EIDL        equ	3427	;# 
    83   000D64                     RXF7SIDH        equ	3428	;# 
    84   000D65                     RXF7SIDL        equ	3429	;# 
    85   000D66                     RXF7EIDH        equ	3430	;# 
    86   000D67                     RXF7EIDL        equ	3431	;# 
    87   000D68                     RXF8SIDH        equ	3432	;# 
    88   000D69                     RXF8SIDL        equ	3433	;# 
    89   000D6A                     RXF8EIDH        equ	3434	;# 
    90   000D6B                     RXF8EIDL        equ	3435	;# 
    91   000D70                     RXF9SIDH        equ	3440	;# 
    92   000D71                     RXF9SIDL        equ	3441	;# 
    93   000D72                     RXF9EIDH        equ	3442	;# 
    94   000D73                     RXF9EIDL        equ	3443	;# 
    95   000D74                     RXF10SIDH       equ	3444	;# 
    96   000D75                     RXF10SIDL       equ	3445	;# 
    97   000D76                     RXF10EIDH       equ	3446	;# 
    98   000D77                     RXF10EIDL       equ	3447	;# 
    99   000D78                     RXF11SIDH       equ	3448	;# 
   100   000D79                     RXF11SIDL       equ	3449	;# 
   101   000D7A                     RXF11EIDH       equ	3450	;# 
   102   000D7B                     RXF11EIDL       equ	3451	;# 
   103   000D80                     RXF12SIDH       equ	3456	;# 
   104   000D81                     RXF12SIDL       equ	3457	;# 
   105   000D82                     RXF12EIDH       equ	3458	;# 
   106   000D83                     RXF12EIDL       equ	3459	;# 
   107   000D84                     RXF13SIDH       equ	3460	;# 
   108   000D85                     RXF13SIDL       equ	3461	;# 
   109   000D86                     RXF13EIDH       equ	3462	;# 
   110   000D87                     RXF13EIDL       equ	3463	;# 
   111   000D88                     RXF14SIDH       equ	3464	;# 
   112   000D89                     RXF14SIDL       equ	3465	;# 
   113   000D8A                     RXF14EIDH       equ	3466	;# 
   114   000D8B                     RXF14EIDL       equ	3467	;# 
   115   000D90                     RXF15SIDH       equ	3472	;# 
   116   000D91                     RXF15SIDL       equ	3473	;# 
   117   000D92                     RXF15EIDH       equ	3474	;# 
   118   000D93                     RXF15EIDL       equ	3475	;# 
   119   000DD4                     RXFCON0         equ	3540	;# 
   120   000DD5                     RXFCON1         equ	3541	;# 
   121   000DD8                     SDFLC           equ	3544	;# 
   122   000DE0                     RXFBCON0        equ	3552	;# 
   123   000DE1                     RXFBCON1        equ	3553	;# 
   124   000DE2                     RXFBCON2        equ	3554	;# 
   125   000DE3                     RXFBCON3        equ	3555	;# 
   126   000DE4                     RXFBCON4        equ	3556	;# 
   127   000DE5                     RXFBCON5        equ	3557	;# 
   128   000DE6                     RXFBCON6        equ	3558	;# 
   129   000DE7                     RXFBCON7        equ	3559	;# 
   130   000DF0                     MSEL0           equ	3568	;# 
   131   000DF1                     MSEL1           equ	3569	;# 
   132   000DF2                     MSEL2           equ	3570	;# 
   133   000DF3                     MSEL3           equ	3571	;# 
   134   000DF8                     BSEL0           equ	3576	;# 
   135   000DFA                     BIE0            equ	3578	;# 
   136   000DFC                     TXBIE           equ	3580	;# 
   137   000E20                     B0CON           equ	3616	;# 
   138   000E21                     B0SIDH          equ	3617	;# 
   139   000E22                     B0SIDL          equ	3618	;# 
   140   000E23                     B0EIDH          equ	3619	;# 
   141   000E24                     B0EIDL          equ	3620	;# 
   142   000E25                     B0DLC           equ	3621	;# 
   143   000E26                     B0D0            equ	3622	;# 
   144   000E27                     B0D1            equ	3623	;# 
   145   000E28                     B0D2            equ	3624	;# 
   146   000E29                     B0D3            equ	3625	;# 
   147   000E2A                     B0D4            equ	3626	;# 
   148   000E2B                     B0D5            equ	3627	;# 
   149   000E2C                     B0D6            equ	3628	;# 
   150   000E2D                     B0D7            equ	3629	;# 
   151   000E2E                     CANSTAT_RO9     equ	3630	;# 
   152   000E2F                     CANCON_RO9      equ	3631	;# 
   153   000E30                     B1CON           equ	3632	;# 
   154   000E31                     B1SIDH          equ	3633	;# 
   155   000E32                     B1SIDL          equ	3634	;# 
   156   000E33                     B1EIDH          equ	3635	;# 
   157   000E34                     B1EIDL          equ	3636	;# 
   158   000E35                     B1DLC           equ	3637	;# 
   159   000E36                     B1D0            equ	3638	;# 
   160   000E37                     B1D1            equ	3639	;# 
   161   000E38                     B1D2            equ	3640	;# 
   162   000E39                     B1D3            equ	3641	;# 
   163   000E3A                     B1D4            equ	3642	;# 
   164   000E3B                     B1D5            equ	3643	;# 
   165   000E3C                     B1D6            equ	3644	;# 
   166   000E3D                     B1D7            equ	3645	;# 
   167   000E3E                     CANSTAT_RO8     equ	3646	;# 
   168   000E3F                     CANCON_RO8      equ	3647	;# 
   169   000E40                     B2CON           equ	3648	;# 
   170   000E41                     B2SIDH          equ	3649	;# 
   171   000E42                     B2SIDL          equ	3650	;# 
   172   000E43                     B2EIDH          equ	3651	;# 
   173   000E44                     B2EIDL          equ	3652	;# 
   174   000E45                     B2DLC           equ	3653	;# 
   175   000E46                     B2D0            equ	3654	;# 
   176   000E47                     B2D1            equ	3655	;# 
   177   000E48                     B2D2            equ	3656	;# 
   178   000E49                     B2D3            equ	3657	;# 
   179   000E4A                     B2D4            equ	3658	;# 
   180   000E4B                     B2D5            equ	3659	;# 
   181   000E4C                     B2D6            equ	3660	;# 
   182   000E4D                     B2D7            equ	3661	;# 
   183   000E4E                     CANSTAT_RO7     equ	3662	;# 
   184   000E4F                     CANCON_RO7      equ	3663	;# 
   185   000E50                     B3CON           equ	3664	;# 
   186   000E51                     B3SIDH          equ	3665	;# 
   187   000E52                     B3SIDL          equ	3666	;# 
   188   000E53                     B3EIDH          equ	3667	;# 
   189   000E54                     B3EIDL          equ	3668	;# 
   190   000E55                     B3DLC           equ	3669	;# 
   191   000E56                     B3D0            equ	3670	;# 
   192   000E57                     B3D1            equ	3671	;# 
   193   000E58                     B3D2            equ	3672	;# 
   194   000E59                     B3D3            equ	3673	;# 
   195   000E5A                     B3D4            equ	3674	;# 
   196   000E5B                     B3D5            equ	3675	;# 
   197   000E5C                     B3D6            equ	3676	;# 
   198   000E5D                     B3D7            equ	3677	;# 
   199   000E5E                     CANSTAT_RO6     equ	3678	;# 
   200   000E5F                     CANCON_RO6      equ	3679	;# 
   201   000E60                     B4CON           equ	3680	;# 
   202   000E61                     B4SIDH          equ	3681	;# 
   203   000E62                     B4SIDL          equ	3682	;# 
   204   000E63                     B4EIDH          equ	3683	;# 
   205   000E64                     B4EIDL          equ	3684	;# 
   206   000E65                     B4DLC           equ	3685	;# 
   207   000E66                     B4D0            equ	3686	;# 
   208   000E67                     B4D1            equ	3687	;# 
   209   000E68                     B4D2            equ	3688	;# 
   210   000E69                     B4D3            equ	3689	;# 
   211   000E6A                     B4D4            equ	3690	;# 
   212   000E6B                     B4D5            equ	3691	;# 
   213   000E6C                     B4D6            equ	3692	;# 
   214   000E6D                     B4D7            equ	3693	;# 
   215   000E6E                     CANSTAT_RO5     equ	3694	;# 
   216   000E6F                     CANCON_RO5      equ	3695	;# 
   217   000E70                     B5CON           equ	3696	;# 
   218   000E71                     B5SIDH          equ	3697	;# 
   219   000E72                     B5SIDL          equ	3698	;# 
   220   000E73                     B5EIDH          equ	3699	;# 
   221   000E74                     B5EIDL          equ	3700	;# 
   222   000E75                     B5DLC           equ	3701	;# 
   223   000E76                     B5D0            equ	3702	;# 
   224   000E77                     B5D1            equ	3703	;# 
   225   000E78                     B5D2            equ	3704	;# 
   226   000E79                     B5D3            equ	3705	;# 
   227   000E7A                     B5D4            equ	3706	;# 
   228   000E7B                     B5D5            equ	3707	;# 
   229   000E7C                     B5D6            equ	3708	;# 
   230   000E7D                     B5D7            equ	3709	;# 
   231   000E7E                     CANSTAT_RO4     equ	3710	;# 
   232   000E7F                     CANCON_RO4      equ	3711	;# 
   233   000F00                     RXF0SIDH        equ	3840	;# 
   234   000F01                     RXF0SIDL        equ	3841	;# 
   235   000F02                     RXF0EIDH        equ	3842	;# 
   236   000F03                     RXF0EIDL        equ	3843	;# 
   237   000F04                     RXF1SIDH        equ	3844	;# 
   238   000F05                     RXF1SIDL        equ	3845	;# 
   239   000F06                     RXF1EIDH        equ	3846	;# 
   240   000F07                     RXF1EIDL        equ	3847	;# 
   241   000F08                     RXF2SIDH        equ	3848	;# 
   242   000F09                     RXF2SIDL        equ	3849	;# 
   243   000F0A                     RXF2EIDH        equ	3850	;# 
   244   000F0B                     RXF2EIDL        equ	3851	;# 
   245   000F0C                     RXF3SIDH        equ	3852	;# 
   246   000F0D                     RXF3SIDL        equ	3853	;# 
   247   000F0E                     RXF3EIDH        equ	3854	;# 
   248   000F0F                     RXF3EIDL        equ	3855	;# 
   249   000F10                     RXF4SIDH        equ	3856	;# 
   250   000F11                     RXF4SIDL        equ	3857	;# 
   251   000F12                     RXF4EIDH        equ	3858	;# 
   252   000F13                     RXF4EIDL        equ	3859	;# 
   253   000F14                     RXF5SIDH        equ	3860	;# 
   254   000F15                     RXF5SIDL        equ	3861	;# 
   255   000F16                     RXF5EIDH        equ	3862	;# 
   256   000F17                     RXF5EIDL        equ	3863	;# 
   257   000F18                     RXM0SIDH        equ	3864	;# 
   258   000F19                     RXM0SIDL        equ	3865	;# 
   259   000F1A                     RXM0EIDH        equ	3866	;# 
   260   000F1B                     RXM0EIDL        equ	3867	;# 
   261   000F1C                     RXM1SIDH        equ	3868	;# 
   262   000F1D                     RXM1SIDL        equ	3869	;# 
   263   000F1E                     RXM1EIDH        equ	3870	;# 
   264   000F1F                     RXM1EIDL        equ	3871	;# 
   265   000F20                     TXB2CON         equ	3872	;# 
   266   000F21                     TXB2SIDH        equ	3873	;# 
   267   000F22                     TXB2SIDL        equ	3874	;# 
   268   000F23                     TXB2EIDH        equ	3875	;# 
   269   000F24                     TXB2EIDL        equ	3876	;# 
   270   000F25                     TXB2DLC         equ	3877	;# 
   271   000F26                     TXB2D0          equ	3878	;# 
   272   000F27                     TXB2D1          equ	3879	;# 
   273   000F28                     TXB2D2          equ	3880	;# 
   274   000F29                     TXB2D3          equ	3881	;# 
   275   000F2A                     TXB2D4          equ	3882	;# 
   276   000F2B                     TXB2D5          equ	3883	;# 
   277   000F2C                     TXB2D6          equ	3884	;# 
   278   000F2D                     TXB2D7          equ	3885	;# 
   279   000F2E                     CANSTAT_RO3     equ	3886	;# 
   280   000F2F                     CANCON_RO3      equ	3887	;# 
   281   000F30                     TXB1CON         equ	3888	;# 
   282   000F31                     TXB1SIDH        equ	3889	;# 
   283   000F32                     TXB1SIDL        equ	3890	;# 
   284   000F33                     TXB1EIDH        equ	3891	;# 
   285   000F34                     TXB1EIDL        equ	3892	;# 
   286   000F35                     TXB1DLC         equ	3893	;# 
   287   000F36                     TXB1D0          equ	3894	;# 
   288   000F37                     TXB1D1          equ	3895	;# 
   289   000F38                     TXB1D2          equ	3896	;# 
   290   000F39                     TXB1D3          equ	3897	;# 
   291   000F3A                     TXB1D4          equ	3898	;# 
   292   000F3B                     TXB1D5          equ	3899	;# 
   293   000F3C                     TXB1D6          equ	3900	;# 
   294   000F3D                     TXB1D7          equ	3901	;# 
   295   000F3E                     CANSTAT_RO2     equ	3902	;# 
   296   000F3F                     CANCON_RO2      equ	3903	;# 
   297   000F40                     TXB0CON         equ	3904	;# 
   298   000F41                     TXB0SIDH        equ	3905	;# 
   299   000F42                     TXB0SIDL        equ	3906	;# 
   300   000F43                     TXB0EIDH        equ	3907	;# 
   301   000F44                     TXB0EIDL        equ	3908	;# 
   302   000F45                     TXB0DLC         equ	3909	;# 
   303   000F46                     TXB0D0          equ	3910	;# 
   304   000F47                     TXB0D1          equ	3911	;# 
   305   000F48                     TXB0D2          equ	3912	;# 
   306   000F49                     TXB0D3          equ	3913	;# 
   307   000F4A                     TXB0D4          equ	3914	;# 
   308   000F4B                     TXB0D5          equ	3915	;# 
   309   000F4C                     TXB0D6          equ	3916	;# 
   310   000F4D                     TXB0D7          equ	3917	;# 
   311   000F4E                     CANSTAT_RO1     equ	3918	;# 
   312   000F4F                     CANCON_RO1      equ	3919	;# 
   313   000F50                     RXB1CON         equ	3920	;# 
   314   000F51                     RXB1SIDH        equ	3921	;# 
   315   000F52                     RXB1SIDL        equ	3922	;# 
   316   000F53                     RXB1EIDH        equ	3923	;# 
   317   000F54                     RXB1EIDL        equ	3924	;# 
   318   000F55                     RXB1DLC         equ	3925	;# 
   319   000F56                     RXB1D0          equ	3926	;# 
   320   000F57                     RXB1D1          equ	3927	;# 
   321   000F58                     RXB1D2          equ	3928	;# 
   322   000F59                     RXB1D3          equ	3929	;# 
   323   000F5A                     RXB1D4          equ	3930	;# 
   324   000F5B                     RXB1D5          equ	3931	;# 
   325   000F5C                     RXB1D6          equ	3932	;# 
   326   000F5D                     RXB1D7          equ	3933	;# 
   327   000F5E                     CANSTAT_RO0     equ	3934	;# 
   328   000F5F                     CANCON_RO0      equ	3935	;# 
   329   000F60                     RXB0CON         equ	3936	;# 
   330   000F61                     RXB0SIDH        equ	3937	;# 
   331   000F62                     RXB0SIDL        equ	3938	;# 
   332   000F63                     RXB0EIDH        equ	3939	;# 
   333   000F64                     RXB0EIDL        equ	3940	;# 
   334   000F65                     RXB0DLC         equ	3941	;# 
   335   000F66                     RXB0D0          equ	3942	;# 
   336   000F67                     RXB0D1          equ	3943	;# 
   337   000F68                     RXB0D2          equ	3944	;# 
   338   000F69                     RXB0D3          equ	3945	;# 
   339   000F6A                     RXB0D4          equ	3946	;# 
   340   000F6B                     RXB0D5          equ	3947	;# 
   341   000F6C                     RXB0D6          equ	3948	;# 
   342   000F6D                     RXB0D7          equ	3949	;# 
   343   000F6E                     CANSTAT         equ	3950	;# 
   344   000F6F                     CANCON          equ	3951	;# 
   345   000F70                     BRGCON1         equ	3952	;# 
   346   000F71                     BRGCON2         equ	3953	;# 
   347   000F72                     BRGCON3         equ	3954	;# 
   348   000F73                     CIOCON          equ	3955	;# 
   349   000F74                     COMSTAT         equ	3956	;# 
   350   000F75                     RXERRCNT        equ	3957	;# 
   351   000F76                     TXERRCNT        equ	3958	;# 
   352   000F77                     ECANCON         equ	3959	;# 
   353   000F80                     PORTA           equ	3968	;# 
   354   000F81                     PORTB           equ	3969	;# 
   355   000F82                     PORTC           equ	3970	;# 
   356   000F83                     PORTD           equ	3971	;# 
   357   000F84                     PORTE           equ	3972	;# 
   358   000F89                     LATA            equ	3977	;# 
   359   000F8A                     LATB            equ	3978	;# 
   360   000F8B                     LATC            equ	3979	;# 
   361   000F8C                     LATD            equ	3980	;# 
   362   000F8D                     LATE            equ	3981	;# 
   363   000F92                     TRISA           equ	3986	;# 
   364   000F92                     DDRA            equ	3986	;# 
   365   000F93                     TRISB           equ	3987	;# 
   366   000F93                     DDRB            equ	3987	;# 
   367   000F94                     TRISC           equ	3988	;# 
   368   000F94                     DDRC            equ	3988	;# 
   369   000F95                     TRISD           equ	3989	;# 
   370   000F95                     DDRD            equ	3989	;# 
   371   000F96                     TRISE           equ	3990	;# 
   372   000F96                     DDRE            equ	3990	;# 
   373   000F9B                     OSCTUNE         equ	3995	;# 
   374   000F9D                     PIE1            equ	3997	;# 
   375   000F9E                     PIR1            equ	3998	;# 
   376   000F9F                     IPR1            equ	3999	;# 
   377   000FA0                     PIE2            equ	4000	;# 
   378   000FA1                     PIR2            equ	4001	;# 
   379   000FA2                     IPR2            equ	4002	;# 
   380   000FA3                     PIE3            equ	4003	;# 
   381   000FA4                     PIR3            equ	4004	;# 
   382   000FA5                     IPR3            equ	4005	;# 
   383   000FA6                     EECON1          equ	4006	;# 
   384   000FA7                     EECON2          equ	4007	;# 
   385   000FA8                     EEDATA          equ	4008	;# 
   386   000FA9                     EEADR           equ	4009	;# 
   387   000FAB                     RCSTA           equ	4011	;# 
   388   000FAB                     RCSTA1          equ	4011	;# 
   389   000FAC                     TXSTA           equ	4012	;# 
   390   000FAC                     TXSTA1          equ	4012	;# 
   391   000FAD                     TXREG           equ	4013	;# 
   392   000FAD                     TXREG1          equ	4013	;# 
   393   000FAE                     RCREG           equ	4014	;# 
   394   000FAE                     RCREG1          equ	4014	;# 
   395   000FAF                     SPBRG           equ	4015	;# 
   396   000FAF                     SPBRG1          equ	4015	;# 
   397   000FB0                     SPBRGH          equ	4016	;# 
   398   000FB1                     T3CON           equ	4017	;# 
   399   000FB2                     TMR3            equ	4018	;# 
   400   000FB2                     TMR3L           equ	4018	;# 
   401   000FB3                     TMR3H           equ	4019	;# 
   402   000FB4                     CMCON           equ	4020	;# 
   403   000FB5                     CVRCON          equ	4021	;# 
   404   000FB6                     ECCP1AS         equ	4022	;# 
   405   000FB7                     ECCP1DEL        equ	4023	;# 
   406   000FB8                     BAUDCON         equ	4024	;# 
   407   000FB8                     BAUDCTL         equ	4024	;# 
   408   000FBA                     ECCP1CON        equ	4026	;# 
   409   000FBB                     ECCPR1          equ	4027	;# 
   410   000FBB                     ECCPR1L         equ	4027	;# 
   411   000FBC                     ECCPR1H         equ	4028	;# 
   412   000FBD                     CCP1CON         equ	4029	;# 
   413   000FBE                     CCPR1           equ	4030	;# 
   414   000FBE                     CCPR1L          equ	4030	;# 
   415   000FBF                     CCPR1H          equ	4031	;# 
   416   000FC0                     ADCON2          equ	4032	;# 
   417   000FC1                     ADCON1          equ	4033	;# 
   418   000FC2                     ADCON0          equ	4034	;# 
   419   000FC3                     ADRES           equ	4035	;# 
   420   000FC3                     ADRESL          equ	4035	;# 
   421   000FC4                     ADRESH          equ	4036	;# 
   422   000FC5                     SSPCON2         equ	4037	;# 
   423   000FC6                     SSPCON1         equ	4038	;# 
   424   000FC7                     SSPSTAT         equ	4039	;# 
   425   000FC8                     SSPADD          equ	4040	;# 
   426   000FC9                     SSPBUF          equ	4041	;# 
   427   000FCA                     T2CON           equ	4042	;# 
   428   000FCB                     PR2             equ	4043	;# 
   429   000FCB                     MEMCON          equ	4043	;# 
   430   000FCC                     TMR2            equ	4044	;# 
   431   000FCD                     T1CON           equ	4045	;# 
   432   000FCE                     TMR1            equ	4046	;# 
   433   000FCE                     TMR1L           equ	4046	;# 
   434   000FCF                     TMR1H           equ	4047	;# 
   435   000FD0                     RCON            equ	4048	;# 
   436   000FD1                     WDTCON          equ	4049	;# 
   437   000FD2                     HLVDCON         equ	4050	;# 
   438   000FD2                     LVDCON          equ	4050	;# 
   439   000FD3                     OSCCON          equ	4051	;# 
   440   000FD5                     T0CON           equ	4053	;# 
   441   000FD6                     TMR0            equ	4054	;# 
   442   000FD6                     TMR0L           equ	4054	;# 
   443   000FD7                     TMR0H           equ	4055	;# 
   444   000FD8                     STATUS          equ	4056	;# 
   445   000FD9                     FSR2            equ	4057	;# 
   446   000FD9                     FSR2L           equ	4057	;# 
   447   000FDA                     FSR2H           equ	4058	;# 
   448   000FDB                     PLUSW2          equ	4059	;# 
   449   000FDC                     PREINC2         equ	4060	;# 
   450   000FDD                     POSTDEC2        equ	4061	;# 
   451   000FDE                     POSTINC2        equ	4062	;# 
   452   000FDF                     INDF2           equ	4063	;# 
   453   000FE0                     BSR             equ	4064	;# 
   454   000FE1                     FSR1            equ	4065	;# 
   455   000FE1                     FSR1L           equ	4065	;# 
   456   000FE2                     FSR1H           equ	4066	;# 
   457   000FE3                     PLUSW1          equ	4067	;# 
   458   000FE4                     PREINC1         equ	4068	;# 
   459   000FE5                     POSTDEC1        equ	4069	;# 
   460   000FE6                     POSTINC1        equ	4070	;# 
   461   000FE7                     INDF1           equ	4071	;# 
   462   000FE8                     WREG            equ	4072	;# 
   463   000FE9                     FSR0            equ	4073	;# 
   464   000FE9                     FSR0L           equ	4073	;# 
   465   000FEA                     FSR0H           equ	4074	;# 
   466   000FEB                     PLUSW0          equ	4075	;# 
   467   000FEC                     PREINC0         equ	4076	;# 
   468   000FED                     POSTDEC0        equ	4077	;# 
   469   000FEE                     POSTINC0        equ	4078	;# 
   470   000FEF                     INDF0           equ	4079	;# 
   471   000FF0                     INTCON3         equ	4080	;# 
   472   000FF1                     INTCON2         equ	4081	;# 
   473   000FF2                     INTCON          equ	4082	;# 
   474   000FF3                     PROD            equ	4083	;# 
   475   000FF3                     PRODL           equ	4083	;# 
   476   000FF4                     PRODH           equ	4084	;# 
   477   000FF5                     TABLAT          equ	4085	;# 
   478   000FF6                     TBLPTR          equ	4086	;# 
   479   000FF6                     TBLPTRL         equ	4086	;# 
   480   000FF7                     TBLPTRH         equ	4087	;# 
   481   000FF8                     TBLPTRU         equ	4088	;# 
   482   000FF9                     PCLAT           equ	4089	;# 
   483   000FF9                     PC              equ	4089	;# 
   484   000FF9                     PCL             equ	4089	;# 
   485   000FFA                     PCLATH          equ	4090	;# 
   486   000FFB                     PCLATU          equ	4091	;# 
   487   000FFC                     STKPTR          equ	4092	;# 
   488   000FFD                     TOS             equ	4093	;# 
   489   000FFD                     TOSL            equ	4093	;# 
   490   000FFE                     TOSH            equ	4094	;# 
   491   000FFF                     TOSU            equ	4095	;# 
   492                           
   493                           	psect	idataCOMRAM
   494   000966                     __pidataCOMRAM:
   495                           	callstack 0
   496                           
   497                           ;initializer for main@F10620
   498   000966  E7                 	db	231
   499   000967  21                 	db	33
   500   000968  CB                 	db	203
   501   000969  6B                 	db	107
   502   00096A  2D                 	db	45
   503   00096B  6E                 	db	110
   504   00096C  EE                 	db	238
   505   00096D  23                 	db	35
   506   00096E  EF                 	db	239
   507   00096F  6F                 	db	111
   508   000F94                     _TRISC          set	3988
   509   000F92                     _TRISA          set	3986
   510   000F95                     _TRISD          set	3989
   511   000F80                     _PORTA          set	3968
   512   000F83                     _PORTD          set	3971
   513   000FA7                     _EECON2         set	4007
   514   000FA8                     _EEDATA         set	4008
   515   000FA9                     _EEADR          set	4009
   516   007C11                     _RC1            set	31761
   517   007C10                     _RC0            set	31760
   518   007D30                     _RD             set	32048
   519   007D0C                     _EEIF           set	32012
   520   007D31                     _WR             set	32049
   521   007F97                     _GIE            set	32663
   522   007D32                     _WREN           set	32050
   523   007D36                     _CFGS           set	32054
   524   007D37                     _EEPGD          set	32055
   525                           
   526                           ; #config settings
   527                           
   528                           	psect	cinit
   529   000930                     __pcinit:
   530                           	callstack 0
   531   000930                     start_initialization:
   532                           	callstack 0
   533   000930                     __initialization:
   534                           	callstack 0
   535                           
   536                           ; Initialize objects allocated to COMRAM (10 bytes)
   537                           ; load TBLPTR registers with __pidataCOMRAM
   538   000930  0E66               	movlw	low __pidataCOMRAM
   539   000932  6EF6               	movwf	tblptrl,c
   540   000934  0E09               	movlw	high __pidataCOMRAM
   541   000936  6EF7               	movwf	tblptrh,c
   542   000938  0E00               	movlw	low (__pidataCOMRAM shr (0+16))
   543   00093A  6EF8               	movwf	tblptru,c
   544   00093C  EE00  F025         	lfsr	0,__pdataCOMRAM
   545   000940  EE10 F00A          	lfsr	1,10
   546   000944                     copy_data0:
   547   000944  0009               	tblrd		*+
   548   000946  CFF5 FFEE          	movff	tablat,postinc0
   549   00094A  50E5               	movf	postdec1,w,c
   550   00094C  50E1               	movf	fsr1l,w,c
   551   00094E  E1FA               	bnz	copy_data0
   552   000950                     end_of_initialization:
   553                           	callstack 0
   554   000950                     __end_of__initialization:
   555                           	callstack 0
   556   000950  0100               	movlb	0
   557   000952  EF01  F003         	goto	_main	;jump to C main() function
   558                           
   559                           	psect	dataCOMRAM
   560   000025                     __pdataCOMRAM:
   561                           	callstack 0
   562   000025                     main@F10620:
   563                           	callstack 0
   564   000025                     	ds	10
   565                           
   566                           	psect	cstackCOMRAM
   567   000001                     __pcstackCOMRAM:
   568                           	callstack 0
   569   000001                     ?___lwdiv:
   570                           	callstack 0
   571   000001                     write_internal_eeprom@data:
   572                           	callstack 0
   573   000001                     read_internal_eeprom@address:
   574                           	callstack 0
   575   000001                     display@ssd:
   576                           	callstack 0
   577   000001                     ___lwdiv@dividend:
   578                           	callstack 0
   579   000001                     
   580                           ; 1 bytes @ 0x0
   581   000001                     	ds	1
   582   000002                     write_internal_eeprom@address:
   583                           	callstack 0
   584   000002                     ??_display:
   585                           
   586                           ; 1 bytes @ 0x1
   587   000002                     	ds	1
   588   000003                     ___lwdiv@divisor:
   589                           	callstack 0
   590                           
   591                           ; 2 bytes @ 0x2
   592   000003                     	ds	1
   593   000004                     display@delay:
   594                           	callstack 0
   595                           
   596                           ; 2 bytes @ 0x3
   597   000004                     	ds	1
   598   000005                     ___lwdiv@quotient:
   599                           	callstack 0
   600   000005                     
   601                           ; 1 bytes @ 0x4
   602   000005                     	ds	1
   603   000006                     display@i:
   604                           	callstack 0
   605                           
   606                           ; 2 bytes @ 0x5
   607   000006                     	ds	1
   608   000007                     ___lwdiv@counter:
   609                           	callstack 0
   610                           
   611                           ; 1 bytes @ 0x6
   612   000007                     	ds	1
   613   000008                     ?___lwmod:
   614                           	callstack 0
   615   000008                     ___lwmod@dividend:
   616                           	callstack 0
   617                           
   618                           ; 2 bytes @ 0x7
   619   000008                     	ds	2
   620   00000A                     ___lwmod@divisor:
   621                           	callstack 0
   622                           
   623                           ; 2 bytes @ 0x9
   624   00000A                     	ds	2
   625   00000C                     ___lwmod@counter:
   626                           	callstack 0
   627   00000C                     
   628                           ; 1 bytes @ 0xB
   629   00000C                     	ds	1
   630   00000D                     ??_main:
   631                           
   632                           ; 1 bytes @ 0xC
   633   00000D                     	ds	2
   634   00000F                     main@digit:
   635                           	callstack 0
   636                           
   637                           ; 10 bytes @ 0xE
   638   00000F                     	ds	10
   639   000019                     main@ssd:
   640                           	callstack 0
   641                           
   642                           ; 4 bytes @ 0x18
   643   000019                     	ds	4
   644   00001D                     main@count:
   645                           	callstack 0
   646                           
   647                           ; 2 bytes @ 0x1C
   648   00001D                     	ds	2
   649   00001F                     main@flag:
   650                           	callstack 0
   651                           
   652                           ; 2 bytes @ 0x1E
   653   00001F                     	ds	2
   654   000021                     main@low_byte:
   655                           	callstack 0
   656                           
   657                           ; 1 bytes @ 0x20
   658   000021                     	ds	1
   659   000022                     main@high_byte:
   660                           	callstack 0
   661                           
   662                           ; 1 bytes @ 0x21
   663   000022                     	ds	1
   664   000023                     main@num:
   665                           	callstack 0
   666                           
   667                           ; 2 bytes @ 0x22
   668   000023                     	ds	2
   669                           
   670 ;;
   671 ;;Main: autosize = 0, tempsize = 2, incstack = 0, save=0
   672 ;;
   673 ;; *************** function _main *****************
   674 ;; Defined at:
   675 ;;		line 48 in file "main.c"
   676 ;; Parameters:    Size  Location     Type
   677 ;;		None
   678 ;; Auto vars:     Size  Location     Type
   679 ;;  digit          10   14[COMRAM] unsigned char [10]
   680 ;;  ssd             4   24[COMRAM] unsigned char [4]
   681 ;;  num             2   34[COMRAM] unsigned int 
   682 ;;  flag            2   30[COMRAM] int 
   683 ;;  count           2   28[COMRAM] int 
   684 ;;  delay           2    0        unsigned int 
   685 ;;  high_byte       1   33[COMRAM] unsigned char 
   686 ;;  low_byte        1   32[COMRAM] unsigned char 
   687 ;; Return value:  Size  Location     Type
   688 ;;                  1    wreg      void 
   689 ;; Registers used:
   690 ;;		wreg, fsr1l, fsr1h, fsr2l, fsr2h, status,2, status,0, cstack
   691 ;; Tracked objects:
   692 ;;		On entry : 0/0
   693 ;;		On exit  : 0/0
   694 ;;		Unchanged: 0/0
   695 ;; Data sizes:     COMRAM   BANK0   BANK1   BANK2   BANK3   BANK4   BANK5
   696 ;;      Params:         0       0       0       0       0       0       0
   697 ;;      Locals:        22       0       0       0       0       0       0
   698 ;;      Temps:          2       0       0       0       0       0       0
   699 ;;      Totals:        24       0       0       0       0       0       0
   700 ;;Total ram usage:       24 bytes
   701 ;; Hardware stack levels required when called: 1
   702 ;; This function calls:
   703 ;;		___lwdiv
   704 ;;		___lwmod
   705 ;;		_display
   706 ;;		_read_internal_eeprom
   707 ;;		_write_internal_eeprom
   708 ;; This function is called by:
   709 ;;		Startup code after reset
   710 ;; This function uses a non-reentrant model
   711 ;;
   712                           
   713                           	psect	text0
   714   000602                     __ptext0:
   715                           	callstack 0
   716   000602                     _main:
   717                           	callstack 30
   718   000602                     
   719                           ;main.c: 50:     PORTD=0X00;
   720   000602  6A83               	clrf	131,c	;volatile
   721                           
   722                           ;main.c: 51:     TRISD=0X00;
   723   000604  6A95               	clrf	149,c	;volatile
   724   000606                     
   725                           ;main.c: 53:     TRISA=TRISA & 0XF0;
   726   000606  5092               	movf	146,w,c	;volatile
   727   000608  0BF0               	andlw	240
   728   00060A  6E92               	movwf	146,c	;volatile
   729                           
   730                           ;main.c: 54:     PORTA=PORTA & 0XF0;
   731   00060C  5080               	movf	128,w,c	;volatile
   732   00060E  0BF0               	andlw	240
   733   000610  6E80               	movwf	128,c	;volatile
   734                           
   735                           ;main.c: 56:     TRISC=TRISC | 0XF0;
   736   000612  5094               	movf	148,w,c	;volatile
   737   000614  09F0               	iorlw	240
   738   000616  6E94               	movwf	148,c	;volatile
   739   000618                     
   740                           ;main.c: 58:     int flag=1;
   741   000618  6A20               	clrf	(main@flag+1)^0,c
   742   00061A  0E01               	movlw	1
   743   00061C  6E1F               	movwf	main@flag^0,c
   744   00061E                     
   745                           ;main.c: 59:     int count=0;
   746   00061E  6A1E               	clrf	(main@count+1)^0,c
   747   000620  0E00               	movlw	0
   748   000622  6E1D               	movwf	main@count^0,c
   749   000624                     
   750                           ;main.c: 64:     unsigned char low_byte;;main.c: 65:     unsigned char high_byte;;main.c
      +                          : 67:     unsigned char digit[] = {0XE7,0X21,0XCB,0X6B,0X2D,0X6E,0XEE,0X23,0XEF,0X6F};
   751   000624  EE20  F025         	lfsr	2,main@F10620
   752   000628  EE10  F00F         	lfsr	1,main@digit
   753   00062C  0E09               	movlw	9
   754   00062E                     u271:
   755   00062E  CFDB FFE3          	movff	plusw2,plusw1
   756   000632  06E8               	decf	wreg,f,c
   757   000634  E2FC               	bc	u271
   758   000636                     
   759                           ;main.c: 69:     low_byte = read_internal_eeprom(0);
   760   000636  0E00               	movlw	0
   761   000638  ECAB  F004         	call	_read_internal_eeprom
   762   00063C  6E21               	movwf	main@low_byte^0,c
   763   00063E                     
   764                           ;main.c: 70:     high_byte = read_internal_eeprom(1);
   765   00063E  0E01               	movlw	1
   766   000640  ECAB  F004         	call	_read_internal_eeprom
   767   000644  6E22               	movwf	main@high_byte^0,c
   768   000646                     
   769                           ;main.c: 73:     num = ((unsigned int)high_byte << 8) | low_byte;
   770   000646  5022               	movf	main@high_byte^0,w,c
   771   000648  6E0D               	movwf	??_main^0,c
   772   00064A  5021               	movf	main@low_byte^0,w,c
   773   00064C  6E23               	movwf	main@num^0,c
   774   00064E  C00D  F024         	movff	??_main,main@num+1
   775   000652                     l1099:
   776                           
   777                           ;main.c: 76:         if(RC0 == 0){
   778   000652  B082               	btfsc	3970,0,c	;volatile
   779   000654  EF2E  F003         	goto	u281
   780   000658  EF30  F003         	goto	u280
   781   00065C                     u281:
   782   00065C  EF58  F003         	goto	l59
   783   000660                     u280:
   784   000660                     
   785                           ;main.c: 77:             count++;
   786   000660  4A1D               	infsnz	main@count^0,f,c
   787   000662  2A1E               	incf	(main@count+1)^0,f,c
   788   000664                     
   789                           ;main.c: 79:             if(count > 300){
   790   000664  BE1E               	btfsc	(main@count+1)^0,7,c
   791   000666  EF3E  F003         	goto	u291
   792   00066A  0E2D               	movlw	45
   793   00066C  5C1D               	subwf	main@count^0,w,c
   794   00066E  0E01               	movlw	1
   795   000670  581E               	subwfb	(main@count+1)^0,w,c
   796   000672  A0D8               	btfss	status,0,c
   797   000674  EF3E  F003         	goto	u291
   798   000678  EF40  F003         	goto	u290
   799   00067C                     u291:
   800   00067C  EF48  F003         	goto	l1107
   801   000680                     u290:
   802   000680                     
   803                           ;main.c: 80:                 num = 0;
   804   000680  6A24               	clrf	(main@num+1)^0,c
   805   000682  0E00               	movlw	0
   806   000684  6E23               	movwf	main@num^0,c
   807                           
   808                           ;main.c: 81:                 flag = 0;
   809   000686  6A20               	clrf	(main@flag+1)^0,c
   810   000688  0E00               	movlw	0
   811   00068A  6E1F               	movwf	main@flag^0,c
   812                           
   813                           ;main.c: 82:             }
   814   00068C  EF82  F003         	goto	l1127
   815   000690                     l1107:
   816   000690  501F               	movf	main@flag^0,w,c
   817   000692  1020               	iorwf	(main@flag+1)^0,w,c
   818   000694  B4D8               	btfsc	status,2,c
   819   000696  EF4F  F003         	goto	u301
   820   00069A  EF51  F003         	goto	u300
   821   00069E                     u301:
   822   00069E  EF82  F003         	goto	l1127
   823   0006A2                     u300:
   824   0006A2                     
   825                           ;main.c: 84:                 num++;
   826   0006A2  4A23               	infsnz	main@num^0,f,c
   827   0006A4  2A24               	incf	(main@num+1)^0,f,c
   828   0006A6                     
   829                           ;main.c: 85:                 flag = 0;
   830   0006A6  6A20               	clrf	(main@flag+1)^0,c
   831   0006A8  0E00               	movlw	0
   832   0006AA  6E1F               	movwf	main@flag^0,c
   833   0006AC  EF82  F003         	goto	l1127
   834   0006B0                     l59:
   835   0006B0  B282               	btfsc	3970,1,c	;volatile
   836   0006B2  EF5D  F003         	goto	u311
   837   0006B6  EF5F  F003         	goto	u310
   838   0006BA                     u311:
   839   0006BA  EF7C  F003         	goto	l1125
   840   0006BE                     u310:
   841   0006BE                     
   842                           ;main.c: 89:             low_byte = num & 0XFF;
   843   0006BE  C023  F021         	movff	main@num,main@low_byte
   844   0006C2                     
   845                           ;main.c: 90:             high_byte = (num >> 8) & 0XFF;
   846   0006C2  5024               	movf	(main@num+1)^0,w,c
   847   0006C4  6E22               	movwf	main@high_byte^0,c
   848   0006C6                     
   849                           ;main.c: 92:             write_internal_eeprom(0, low_byte);
   850   0006C6  C021  F001         	movff	main@low_byte,write_internal_eeprom@data
   851   0006CA  0E00               	movlw	0
   852   0006CC  EC7F  F004         	call	_write_internal_eeprom
   853   0006D0                     
   854                           ;main.c: 93:             write_internal_eeprom(1, high_byte);
   855   0006D0  C022  F001         	movff	main@high_byte,write_internal_eeprom@data
   856   0006D4  0E01               	movlw	1
   857   0006D6  EC7F  F004         	call	_write_internal_eeprom
   858                           
   859                           ;main.c: 96:             while(RC1 == 0){
   860   0006DA  EF73  F003         	goto	l1123
   861   0006DE                     l1121:
   862                           
   863                           ;main.c: 97:                 display(ssd);
   864   0006DE  0E19               	movlw	low main@ssd
   865   0006E0  6E01               	movwf	display@ssd^0,c
   866   0006E2  ECD9  F003         	call	_display	;wreg free
   867   0006E6                     l1123:
   868                           
   869                           ;main.c: 96:             while(RC1 == 0){
   870   0006E6  A282               	btfss	3970,1,c	;volatile
   871   0006E8  EF78  F003         	goto	u321
   872   0006EC  EF7A  F003         	goto	u320
   873   0006F0                     u321:
   874   0006F0  EF6F  F003         	goto	l1121
   875   0006F4                     u320:
   876   0006F4  EF82  F003         	goto	l1127
   877   0006F8                     l1125:
   878                           
   879                           ;main.c: 102:             flag = 1;
   880   0006F8  6A20               	clrf	(main@flag+1)^0,c
   881   0006FA  0E01               	movlw	1
   882   0006FC  6E1F               	movwf	main@flag^0,c
   883                           
   884                           ;main.c: 103:             count = 0;
   885   0006FE  6A1E               	clrf	(main@count+1)^0,c
   886   000700  0E00               	movlw	0
   887   000702  6E1D               	movwf	main@count^0,c
   888   000704                     l1127:
   889                           
   890                           ;main.c: 106:         ssd[0]=digit[num/1000];
   891   000704  C023  F001         	movff	main@num,___lwdiv@dividend
   892   000708  C024  F002         	movff	main@num+1,___lwdiv@dividend+1
   893   00070C  0E03               	movlw	3
   894   00070E  6E04               	movwf	(___lwdiv@divisor+1)^0,c
   895   000710  0EE8               	movlw	232
   896   000712  6E03               	movwf	___lwdiv@divisor^0,c
   897   000714  EC14  F004         	call	___lwdiv	;wreg free
   898   000718  5001               	movf	?___lwdiv^0,w,c
   899   00071A  0F0F               	addlw	low main@digit
   900   00071C  6ED9               	movwf	fsr2l,c
   901   00071E  6ADA               	clrf	fsr2h,c
   902   000720  50DF               	movf	indf2,w,c
   903   000722  6E19               	movwf	main@ssd^0,c
   904   000724                     
   905                           ;main.c: 107:         ssd[1]=digit[(num/100)%10];
   906   000724  6A04               	clrf	(___lwdiv@divisor+1)^0,c
   907   000726  0E64               	movlw	100
   908   000728  6E03               	movwf	___lwdiv@divisor^0,c
   909   00072A  C023  F001         	movff	main@num,___lwdiv@dividend
   910   00072E  C024  F002         	movff	main@num+1,___lwdiv@dividend+1
   911   000732  EC14  F004         	call	___lwdiv	;wreg free
   912   000736  C001  F008         	movff	?___lwdiv,___lwmod@dividend
   913   00073A  C002  F009         	movff	?___lwdiv+1,___lwmod@dividend+1
   914   00073E  6A0B               	clrf	(___lwmod@divisor+1)^0,c
   915   000740  0E0A               	movlw	10
   916   000742  6E0A               	movwf	___lwmod@divisor^0,c
   917   000744  EC4D  F004         	call	___lwmod	;wreg free
   918   000748  5008               	movf	?___lwmod^0,w,c
   919   00074A  0F0F               	addlw	low main@digit
   920   00074C  6ED9               	movwf	fsr2l,c
   921   00074E  6ADA               	clrf	fsr2h,c
   922   000750  50DF               	movf	indf2,w,c
   923   000752  6E1A               	movwf	(main@ssd+1)^0,c
   924   000754                     
   925                           ;main.c: 108:         ssd[2]=digit[(num/10)%10];
   926   000754  6A04               	clrf	(___lwdiv@divisor+1)^0,c
   927   000756  0E0A               	movlw	10
   928   000758  6E03               	movwf	___lwdiv@divisor^0,c
   929   00075A  C023  F001         	movff	main@num,___lwdiv@dividend
   930   00075E  C024  F002         	movff	main@num+1,___lwdiv@dividend+1
   931   000762  EC14  F004         	call	___lwdiv	;wreg free
   932   000766  C001  F008         	movff	?___lwdiv,___lwmod@dividend
   933   00076A  C002  F009         	movff	?___lwdiv+1,___lwmod@dividend+1
   934   00076E  6A0B               	clrf	(___lwmod@divisor+1)^0,c
   935   000770  0E0A               	movlw	10
   936   000772  6E0A               	movwf	___lwmod@divisor^0,c
   937   000774  EC4D  F004         	call	___lwmod	;wreg free
   938   000778  5008               	movf	?___lwmod^0,w,c
   939   00077A  0F0F               	addlw	low main@digit
   940   00077C  6ED9               	movwf	fsr2l,c
   941   00077E  6ADA               	clrf	fsr2h,c
   942   000780  50DF               	movf	indf2,w,c
   943   000782  6E1B               	movwf	(main@ssd+2)^0,c
   944   000784                     
   945                           ;main.c: 109:         ssd[3]=digit[num%10];
   946   000784  C023  F008         	movff	main@num,___lwmod@dividend
   947   000788  C024  F009         	movff	main@num+1,___lwmod@dividend+1
   948   00078C  6A0B               	clrf	(___lwmod@divisor+1)^0,c
   949   00078E  0E0A               	movlw	10
   950   000790  6E0A               	movwf	___lwmod@divisor^0,c
   951   000792  EC4D  F004         	call	___lwmod	;wreg free
   952   000796  5008               	movf	?___lwmod^0,w,c
   953   000798  0F0F               	addlw	low main@digit
   954   00079A  6ED9               	movwf	fsr2l,c
   955   00079C  6ADA               	clrf	fsr2h,c
   956   00079E  50DF               	movf	indf2,w,c
   957   0007A0  6E1C               	movwf	(main@ssd+3)^0,c
   958   0007A2                     
   959                           ;main.c: 110:         display(ssd);
   960   0007A2  0E19               	movlw	low main@ssd
   961   0007A4  6E01               	movwf	display@ssd^0,c
   962   0007A6  ECD9  F003         	call	_display	;wreg free
   963   0007AA  EF29  F003         	goto	l1099
   964   0007AE  EFFE  F017         	goto	start
   965   0007B2                     __end_of_main:
   966                           	callstack 0
   967                           
   968 ;; *************** function _write_internal_eeprom *****************
   969 ;; Defined at:
   970 ;;		line 11 in file "main.c"
   971 ;; Parameters:    Size  Location     Type
   972 ;;  address         1    wreg     unsigned char 
   973 ;;  data            1    0[COMRAM] unsigned char 
   974 ;; Auto vars:     Size  Location     Type
   975 ;;  address         1    1[COMRAM] unsigned char 
   976 ;; Return value:  Size  Location     Type
   977 ;;                  1    wreg      void 
   978 ;; Registers used:
   979 ;;		wreg, status,2
   980 ;; Tracked objects:
   981 ;;		On entry : 0/0
   982 ;;		On exit  : 0/0
   983 ;;		Unchanged: 0/0
   984 ;; Data sizes:     COMRAM   BANK0   BANK1   BANK2   BANK3   BANK4   BANK5
   985 ;;      Params:         1       0       0       0       0       0       0
   986 ;;      Locals:         1       0       0       0       0       0       0
   987 ;;      Temps:          0       0       0       0       0       0       0
   988 ;;      Totals:         2       0       0       0       0       0       0
   989 ;;Total ram usage:        2 bytes
   990 ;; Hardware stack levels used: 1
   991 ;; This function calls:
   992 ;;		Nothing
   993 ;; This function is called by:
   994 ;;		_main
   995 ;; This function uses a non-reentrant model
   996 ;;
   997                           
   998                           	psect	text1
   999   0008FE                     __ptext1:
  1000                           	callstack 0
  1001   0008FE                     _write_internal_eeprom:
  1002                           	callstack 30
  1003                           
  1004                           ;incstack = 0
  1005                           ;write_internal_eeprom@address stored from wreg
  1006   0008FE  6E02               	movwf	write_internal_eeprom@address^0,c
  1007   000900                     
  1008                           ;main.c: 12:     EEADR=address;
  1009   000900  C002  FFA9         	movff	write_internal_eeprom@address,4009	;volatile
  1010   000904                     
  1011                           ;main.c: 13:     EEDATA=data;
  1012   000904  C001  FFA8         	movff	write_internal_eeprom@data,4008	;volatile
  1013   000908                     
  1014                           ;main.c: 15:     EEPGD=0;
  1015   000908  9EA6               	bcf	4006,7,c	;volsfr
  1016   00090A                     
  1017                           ;main.c: 16:     CFGS=0;
  1018   00090A  9CA6               	bcf	4006,6,c	;volsfr
  1019   00090C                     
  1020                           ;main.c: 17:     WREN=1;
  1021   00090C  84A6               	bsf	4006,2,c	;volsfr
  1022   00090E                     
  1023                           ;main.c: 18:     GIE=0;
  1024   00090E  9EF2               	bcf	4082,7,c	;volatile
  1025   000910                     
  1026                           ;main.c: 20:     EECON2=0X55;
  1027   000910  0E55               	movlw	85
  1028   000912  6EA7               	movwf	167,c	;volsfr
  1029   000914                     
  1030                           ;main.c: 21:     EECON2=0XAA;
  1031   000914  0EAA               	movlw	170
  1032   000916  6EA7               	movwf	167,c	;volsfr
  1033   000918                     
  1034                           ;main.c: 23:     WR=1;
  1035   000918  82A6               	bsf	4006,1,c	;volsfr
  1036   00091A                     
  1037                           ;main.c: 24:     GIE=1;
  1038   00091A  8EF2               	bsf	4082,7,c	;volatile
  1039   00091C                     l37:
  1040   00091C  A8A1               	btfss	4001,4,c	;volatile
  1041   00091E  EF93  F004         	goto	u171
  1042   000922  EF95  F004         	goto	u170
  1043   000926                     u171:
  1044   000926  EF8E  F004         	goto	l37
  1045   00092A                     u170:
  1046   00092A                     
  1047                           ;main.c: 28:     EEIF=0;
  1048   00092A  98A1               	bcf	4001,4,c	;volatile
  1049                           
  1050                           ;main.c: 29:     WREN=0;
  1051   00092C  94A6               	bcf	4006,2,c	;volsfr
  1052   00092E  0012               	return		;funcret
  1053   000930                     __end_of_write_internal_eeprom:
  1054                           	callstack 0
  1055                           
  1056 ;; *************** function _read_internal_eeprom *****************
  1057 ;; Defined at:
  1058 ;;		line 32 in file "main.c"
  1059 ;; Parameters:    Size  Location     Type
  1060 ;;  address         1    wreg     unsigned char 
  1061 ;; Auto vars:     Size  Location     Type
  1062 ;;  address         1    0[COMRAM] unsigned char 
  1063 ;; Return value:  Size  Location     Type
  1064 ;;                  1    wreg      unsigned char 
  1065 ;; Registers used:
  1066 ;;		wreg, status,2
  1067 ;; Tracked objects:
  1068 ;;		On entry : 0/0
  1069 ;;		On exit  : 0/0
  1070 ;;		Unchanged: 0/0
  1071 ;; Data sizes:     COMRAM   BANK0   BANK1   BANK2   BANK3   BANK4   BANK5
  1072 ;;      Params:         0       0       0       0       0       0       0
  1073 ;;      Locals:         1       0       0       0       0       0       0
  1074 ;;      Temps:          0       0       0       0       0       0       0
  1075 ;;      Totals:         1       0       0       0       0       0       0
  1076 ;;Total ram usage:        1 bytes
  1077 ;; Hardware stack levels used: 1
  1078 ;; This function calls:
  1079 ;;		Nothing
  1080 ;; This function is called by:
  1081 ;;		_main
  1082 ;; This function uses a non-reentrant model
  1083 ;;
  1084                           
  1085                           	psect	text2
  1086   000956                     __ptext2:
  1087                           	callstack 0
  1088   000956                     _read_internal_eeprom:
  1089                           	callstack 30
  1090                           
  1091                           ;incstack = 0
  1092                           ;read_internal_eeprom@address stored from wreg
  1093   000956  6E01               	movwf	read_internal_eeprom@address^0,c
  1094   000958                     
  1095                           ;main.c: 33:     EEADR = address;
  1096   000958  C001  FFA9         	movff	read_internal_eeprom@address,4009	;volatile
  1097   00095C                     
  1098                           ;main.c: 34:     EEPGD = 0;
  1099   00095C  9EA6               	bcf	4006,7,c	;volsfr
  1100   00095E                     
  1101                           ;main.c: 35:     CFGS = 0;
  1102   00095E  9CA6               	bcf	4006,6,c	;volsfr
  1103   000960                     
  1104                           ;main.c: 36:     RD = 1;
  1105   000960  80A6               	bsf	4006,0,c	;volsfr
  1106   000962                     
  1107                           ;main.c: 37:     return EEDATA;
  1108   000962  50A8               	movf	168,w,c	;volatile
  1109   000964  0012               	return		;funcret
  1110   000966                     __end_of_read_internal_eeprom:
  1111                           	callstack 0
  1112                           
  1113 ;; *************** function _display *****************
  1114 ;; Defined at:
  1115 ;;		line 40 in file "main.c"
  1116 ;; Parameters:    Size  Location     Type
  1117 ;;  ssd             1    0[COMRAM] PTR unsigned char 
  1118 ;;		 -> main@ssd(4), 
  1119 ;; Auto vars:     Size  Location     Type
  1120 ;;  delay           2    3[COMRAM] int 
  1121 ;;  i               2    5[COMRAM] int 
  1122 ;; Return value:  Size  Location     Type
  1123 ;;                  1    wreg      void 
  1124 ;; Registers used:
  1125 ;;		wreg, fsr2l, fsr2h, status,2, status,0
  1126 ;; Tracked objects:
  1127 ;;		On entry : 0/0
  1128 ;;		On exit  : 0/0
  1129 ;;		Unchanged: 0/0
  1130 ;; Data sizes:     COMRAM   BANK0   BANK1   BANK2   BANK3   BANK4   BANK5
  1131 ;;      Params:         1       0       0       0       0       0       0
  1132 ;;      Locals:         4       0       0       0       0       0       0
  1133 ;;      Temps:          2       0       0       0       0       0       0
  1134 ;;      Totals:         7       0       0       0       0       0       0
  1135 ;;Total ram usage:        7 bytes
  1136 ;; Hardware stack levels used: 1
  1137 ;; This function calls:
  1138 ;;		Nothing
  1139 ;; This function is called by:
  1140 ;;		_main
  1141 ;; This function uses a non-reentrant model
  1142 ;;
  1143                           
  1144                           	psect	text3
  1145   0007B2                     __ptext3:
  1146                           	callstack 0
  1147   0007B2                     _display:
  1148                           	callstack 30
  1149   0007B2                     
  1150                           ;main.c: 41:     for(int i=0;i<4;i++){
  1151   0007B2  6A07               	clrf	(display@i+1)^0,c
  1152   0007B4  0E00               	movlw	0
  1153   0007B6  6E06               	movwf	display@i^0,c
  1154   0007B8                     l1029:
  1155                           
  1156                           ;main.c: 42:         PORTD = ssd[i];
  1157   0007B8  5001               	movf	display@ssd^0,w,c
  1158   0007BA  2406               	addwf	display@i^0,w,c
  1159   0007BC  6ED9               	movwf	fsr2l,c
  1160   0007BE  6ADA               	clrf	fsr2h,c
  1161   0007C0  50DF               	movf	indf2,w,c
  1162   0007C2  6E83               	movwf	131,c	;volatile
  1163   0007C4                     
  1164                           ;main.c: 43:         PORTA = (PORTA & 0xF0) | 1<<i;
  1165   0007C4  C006  F002         	movff	display@i,??_display
  1166   0007C8  0E01               	movlw	1
  1167   0007CA  6E03               	movwf	(??_display+1)^0,c
  1168   0007CC  2A02               	incf	??_display^0,f,c
  1169   0007CE  EFEB  F003         	goto	u184
  1170   0007D2                     u185:
  1171   0007D2  90D8               	bcf	status,0,c
  1172   0007D4  3603               	rlcf	(??_display+1)^0,f,c
  1173   0007D6                     u184:
  1174   0007D6  2E02               	decfsz	??_display^0,f,c
  1175   0007D8  EFE9  F003         	goto	u185
  1176   0007DC  5080               	movf	128,w,c	;volatile
  1177   0007DE  0BF0               	andlw	240
  1178   0007E0  1003               	iorwf	(??_display+1)^0,w,c
  1179   0007E2  6E80               	movwf	128,c	;volatile
  1180   0007E4                     
  1181                           ;main.c: 44:         for(int delay=800;delay--;);
  1182   0007E4  0E03               	movlw	3
  1183   0007E6  6E05               	movwf	(display@delay+1)^0,c
  1184   0007E8  0E20               	movlw	32
  1185   0007EA  6E04               	movwf	display@delay^0,c
  1186   0007EC                     l1035:
  1187   0007EC  0604               	decf	display@delay^0,f,c
  1188   0007EE  A0D8               	btfss	status,0,c
  1189   0007F0  0605               	decf	(display@delay+1)^0,f,c
  1190   0007F2  2804               	incf	display@delay^0,w,c
  1191   0007F4  E106               	bnz	u191
  1192   0007F6  2805               	incf	(display@delay+1)^0,w,c
  1193   0007F8  A4D8               	btfss	status,2,c
  1194   0007FA  EF01  F004         	goto	u191
  1195   0007FE  EF03  F004         	goto	u190
  1196   000802                     u191:
  1197   000802  EFF6  F003         	goto	l1035
  1198   000806                     u190:
  1199   000806                     
  1200                           ;main.c: 45:     };main.c: 41:     for(int i=0;i<4;i++){
  1201   000806  4A06               	infsnz	display@i^0,f,c
  1202   000808  2A07               	incf	(display@i+1)^0,f,c
  1203   00080A  BE07               	btfsc	(display@i+1)^0,7,c
  1204   00080C  EF11  F004         	goto	u201
  1205   000810  5007               	movf	(display@i+1)^0,w,c
  1206   000812  E109               	bnz	u200
  1207   000814  0E04               	movlw	4
  1208   000816  5C06               	subwf	display@i^0,w,c
  1209   000818  A0D8               	btfss	status,0,c
  1210   00081A  EF11  F004         	goto	u201
  1211   00081E  EF13  F004         	goto	u200
  1212   000822                     u201:
  1213   000822  EFDC  F003         	goto	l1029
  1214   000826                     u200:
  1215   000826  0012               	return		;funcret
  1216   000828                     __end_of_display:
  1217                           	callstack 0
  1218                           
  1219 ;; *************** function ___lwmod *****************
  1220 ;; Defined at:
  1221 ;;		line 7 in file "C:\Program Files\Microchip\xc8\v4.00\pic\sources\c99\common\lwmod.c"
  1222 ;; Parameters:    Size  Location     Type
  1223 ;;  dividend        2    7[COMRAM] unsigned int 
  1224 ;;  divisor         2    9[COMRAM] unsigned int 
  1225 ;; Auto vars:     Size  Location     Type
  1226 ;;  counter         1   11[COMRAM] unsigned char 
  1227 ;; Return value:  Size  Location     Type
  1228 ;;                  2    7[COMRAM] unsigned int 
  1229 ;; Registers used:
  1230 ;;		wreg, status,2, status,0
  1231 ;; Tracked objects:
  1232 ;;		On entry : 0/0
  1233 ;;		On exit  : 0/0
  1234 ;;		Unchanged: 0/0
  1235 ;; Data sizes:     COMRAM   BANK0   BANK1   BANK2   BANK3   BANK4   BANK5
  1236 ;;      Params:         4       0       0       0       0       0       0
  1237 ;;      Locals:         1       0       0       0       0       0       0
  1238 ;;      Temps:          0       0       0       0       0       0       0
  1239 ;;      Totals:         5       0       0       0       0       0       0
  1240 ;;Total ram usage:        5 bytes
  1241 ;; Hardware stack levels used: 1
  1242 ;; This function calls:
  1243 ;;		Nothing
  1244 ;; This function is called by:
  1245 ;;		_main
  1246 ;; This function uses a non-reentrant model
  1247 ;;
  1248                           
  1249                           	psect	text4
  1250   00089A                     __ptext4:
  1251                           	callstack 0
  1252   00089A                     ___lwmod:
  1253                           	callstack 30
  1254   00089A  500A               	movf	___lwmod@divisor^0,w,c
  1255   00089C  100B               	iorwf	(___lwmod@divisor+1)^0,w,c
  1256   00089E  B4D8               	btfsc	status,2,c
  1257   0008A0  EF54  F004         	goto	u241
  1258   0008A4  EF56  F004         	goto	u240
  1259   0008A8                     u241:
  1260   0008A8  EF7A  F004         	goto	l685
  1261   0008AC                     u240:
  1262   0008AC  0E01               	movlw	1
  1263   0008AE  6E0C               	movwf	___lwmod@counter^0,c
  1264   0008B0  EF5E  F004         	goto	l1069
  1265   0008B4                     l1067:
  1266   0008B4  90D8               	bcf	status,0,c
  1267   0008B6  360A               	rlcf	___lwmod@divisor^0,f,c
  1268   0008B8  360B               	rlcf	(___lwmod@divisor+1)^0,f,c
  1269   0008BA  2A0C               	incf	___lwmod@counter^0,f,c
  1270   0008BC                     l1069:
  1271   0008BC  AE0B               	btfss	(___lwmod@divisor+1)^0,7,c
  1272   0008BE  EF63  F004         	goto	u251
  1273   0008C2  EF65  F004         	goto	u250
  1274   0008C6                     u251:
  1275   0008C6  EF5A  F004         	goto	l1067
  1276   0008CA                     u250:
  1277   0008CA                     l1071:
  1278   0008CA  500A               	movf	___lwmod@divisor^0,w,c
  1279   0008CC  5C08               	subwf	___lwmod@dividend^0,w,c
  1280   0008CE  500B               	movf	(___lwmod@divisor+1)^0,w,c
  1281   0008D0  5809               	subwfb	(___lwmod@dividend+1)^0,w,c
  1282   0008D2  A0D8               	btfss	status,0,c
  1283   0008D4  EF6E  F004         	goto	u261
  1284   0008D8  EF70  F004         	goto	u260
  1285   0008DC                     u261:
  1286   0008DC  EF74  F004         	goto	l1075
  1287   0008E0                     u260:
  1288   0008E0  500A               	movf	___lwmod@divisor^0,w,c
  1289   0008E2  5E08               	subwf	___lwmod@dividend^0,f,c
  1290   0008E4  500B               	movf	(___lwmod@divisor+1)^0,w,c
  1291   0008E6  5A09               	subwfb	(___lwmod@dividend+1)^0,f,c
  1292   0008E8                     l1075:
  1293   0008E8  90D8               	bcf	status,0,c
  1294   0008EA  320B               	rrcf	(___lwmod@divisor+1)^0,f,c
  1295   0008EC  320A               	rrcf	___lwmod@divisor^0,f,c
  1296   0008EE  2E0C               	decfsz	___lwmod@counter^0,f,c
  1297   0008F0  EF65  F004         	goto	l1071
  1298   0008F4                     l685:
  1299   0008F4  C008  F008         	movff	___lwmod@dividend,?___lwmod
  1300   0008F8  C009  F009         	movff	___lwmod@dividend+1,?___lwmod+1
  1301   0008FC  0012               	return		;funcret
  1302   0008FE                     __end_of___lwmod:
  1303                           	callstack 0
  1304                           
  1305 ;; *************** function ___lwdiv *****************
  1306 ;; Defined at:
  1307 ;;		line 7 in file "C:\Program Files\Microchip\xc8\v4.00\pic\sources\c99\common\lwdiv.c"
  1308 ;; Parameters:    Size  Location     Type
  1309 ;;  dividend        2    0[COMRAM] unsigned int 
  1310 ;;  divisor         2    2[COMRAM] unsigned int 
  1311 ;; Auto vars:     Size  Location     Type
  1312 ;;  quotient        2    4[COMRAM] unsigned int 
  1313 ;;  counter         1    6[COMRAM] unsigned char 
  1314 ;; Return value:  Size  Location     Type
  1315 ;;                  2    0[COMRAM] unsigned int 
  1316 ;; Registers used:
  1317 ;;		wreg, status,2, status,0
  1318 ;; Tracked objects:
  1319 ;;		On entry : 0/0
  1320 ;;		On exit  : 0/0
  1321 ;;		Unchanged: 0/0
  1322 ;; Data sizes:     COMRAM   BANK0   BANK1   BANK2   BANK3   BANK4   BANK5
  1323 ;;      Params:         4       0       0       0       0       0       0
  1324 ;;      Locals:         3       0       0       0       0       0       0
  1325 ;;      Temps:          0       0       0       0       0       0       0
  1326 ;;      Totals:         7       0       0       0       0       0       0
  1327 ;;Total ram usage:        7 bytes
  1328 ;; Hardware stack levels used: 1
  1329 ;; This function calls:
  1330 ;;		Nothing
  1331 ;; This function is called by:
  1332 ;;		_main
  1333 ;; This function uses a non-reentrant model
  1334 ;;
  1335                           
  1336                           	psect	text5
  1337   000828                     __ptext5:
  1338                           	callstack 0
  1339   000828                     ___lwdiv:
  1340                           	callstack 30
  1341   000828  6A06               	clrf	(___lwdiv@quotient+1)^0,c
  1342   00082A  0E00               	movlw	0
  1343   00082C  6E05               	movwf	___lwdiv@quotient^0,c
  1344   00082E  5003               	movf	___lwdiv@divisor^0,w,c
  1345   000830  1004               	iorwf	(___lwdiv@divisor+1)^0,w,c
  1346   000832  B4D8               	btfsc	status,2,c
  1347   000834  EF1E  F004         	goto	u211
  1348   000838  EF20  F004         	goto	u210
  1349   00083C                     u211:
  1350   00083C  EF48  F004         	goto	l675
  1351   000840                     u210:
  1352   000840  0E01               	movlw	1
  1353   000842  6E07               	movwf	___lwdiv@counter^0,c
  1354   000844  EF28  F004         	goto	l1049
  1355   000848                     l1047:
  1356   000848  90D8               	bcf	status,0,c
  1357   00084A  3603               	rlcf	___lwdiv@divisor^0,f,c
  1358   00084C  3604               	rlcf	(___lwdiv@divisor+1)^0,f,c
  1359   00084E  2A07               	incf	___lwdiv@counter^0,f,c
  1360   000850                     l1049:
  1361   000850  AE04               	btfss	(___lwdiv@divisor+1)^0,7,c
  1362   000852  EF2D  F004         	goto	u221
  1363   000856  EF2F  F004         	goto	u220
  1364   00085A                     u221:
  1365   00085A  EF24  F004         	goto	l1047
  1366   00085E                     u220:
  1367   00085E                     l1051:
  1368   00085E  90D8               	bcf	status,0,c
  1369   000860  3605               	rlcf	___lwdiv@quotient^0,f,c
  1370   000862  3606               	rlcf	(___lwdiv@quotient+1)^0,f,c
  1371   000864  5003               	movf	___lwdiv@divisor^0,w,c
  1372   000866  5C01               	subwf	___lwdiv@dividend^0,w,c
  1373   000868  5004               	movf	(___lwdiv@divisor+1)^0,w,c
  1374   00086A  5802               	subwfb	(___lwdiv@dividend+1)^0,w,c
  1375   00086C  A0D8               	btfss	status,0,c
  1376   00086E  EF3B  F004         	goto	u231
  1377   000872  EF3D  F004         	goto	u230
  1378   000876                     u231:
  1379   000876  EF42  F004         	goto	l1059
  1380   00087A                     u230:
  1381   00087A  5003               	movf	___lwdiv@divisor^0,w,c
  1382   00087C  5E01               	subwf	___lwdiv@dividend^0,f,c
  1383   00087E  5004               	movf	(___lwdiv@divisor+1)^0,w,c
  1384   000880  5A02               	subwfb	(___lwdiv@dividend+1)^0,f,c
  1385   000882  8005               	bsf	___lwdiv@quotient^0,0,c
  1386   000884                     l1059:
  1387   000884  90D8               	bcf	status,0,c
  1388   000886  3204               	rrcf	(___lwdiv@divisor+1)^0,f,c
  1389   000888  3203               	rrcf	___lwdiv@divisor^0,f,c
  1390   00088A  2E07               	decfsz	___lwdiv@counter^0,f,c
  1391   00088C  EF2F  F004         	goto	l1051
  1392   000890                     l675:
  1393   000890  C005  F001         	movff	___lwdiv@quotient,?___lwdiv
  1394   000894  C006  F002         	movff	___lwdiv@quotient+1,?___lwdiv+1
  1395   000898  0012               	return		;funcret
  1396   00089A                     __end_of___lwdiv:
  1397                           	callstack 0
  1398                           
  1399                           	psect	smallconst
  1400   000600                     __psmallconst:
  1401                           	callstack 0
  1402   000600  00                 	db	0
  1403   000601  00                 	db	0	; dummy byte at the end
  1404   000600                     __smallconst    set	__psmallconst
  1405   000600                     __mediumconst   set	__psmallconst
  1406   000000                     __activetblptr  equ	0
  1407                           
  1408                           	psect	rparam
  1409   000001                     ___rparam_used  equ	1
  1410   000000                     ___param_bank   equ	0
  1411   000000                     __Lparam        equ	__Lrparam
  1412   000000                     __Hparam        equ	__Hrparam
  1413                           tosu	equ	0xFFF
  1414                           tosh	equ	0xFFE
  1415                           tosl	equ	0xFFD
  1416                           stkptr	equ	0xFFC
  1417                           pclatu	equ	0xFFB
  1418                           pclath	equ	0xFFA
  1419                           pcl	equ	0xFF9
  1420                           tblptru	equ	0xFF8
  1421                           tblptrh	equ	0xFF7
  1422                           tblptrl	equ	0xFF6
  1423                           tablat	equ	0xFF5
  1424                           prodh	equ	0xFF4
  1425                           prodl	equ	0xFF3
  1426                           indf0	equ	0xFEF
  1427                           postinc0	equ	0xFEE
  1428                           postdec0	equ	0xFED
  1429                           preinc0	equ	0xFEC
  1430                           plusw0	equ	0xFEB
  1431                           fsr0h	equ	0xFEA
  1432                           fsr0l	equ	0xFE9
  1433                           wreg	equ	0xFE8
  1434                           indf1	equ	0xFE7
  1435                           postinc1	equ	0xFE6
  1436                           postdec1	equ	0xFE5
  1437                           preinc1	equ	0xFE4
  1438                           plusw1	equ	0xFE3
  1439                           fsr1h	equ	0xFE2
  1440                           fsr1l	equ	0xFE1
  1441                           bsr	equ	0xFE0
  1442                           indf2	equ	0xFDF
  1443                           postinc2	equ	0xFDE
  1444                           postdec2	equ	0xFDD
  1445                           preinc2	equ	0xFDC
  1446                           plusw2	equ	0xFDB
  1447                           fsr2h	equ	0xFDA
  1448                           fsr2l	equ	0xFD9
  1449                           status	equ	0xFD8

Data Sizes:
    Strings     0
    Constant    0
    Data        10
    BSS         0
    Persistent  0
    Stack       0

Auto Spaces:
    Space          Size  Autos    Used
    COMRAM           95     36      46
    BANK0           160      0       0
    BANK1           256      0       0
    BANK2           256      0       0
    BANK3           256      0       0
    BANK4           256      0       0
    BANK5           256      0       0

Pointer List with Targets:

    display@ssd	PTR unsigned char  size(1) Largest target is 4
		 -> main@ssd(COMRAM[4]), 


Critical Paths under _main in COMRAM

    _main->___lwmod
    ___lwmod->___lwdiv

Critical Paths under _main in BANK0

    None.

Critical Paths under _main in BANK1

    None.

Critical Paths under _main in BANK2

    None.

Critical Paths under _main in BANK3

    None.

Critical Paths under _main in BANK4

    None.

Critical Paths under _main in BANK5

    None.

Call Graph Tables:

 ---------------------------------------------------------------------------------
 (Depth) Function   	        Calls       Base Space   Used Autos Params    Refs
 ---------------------------------------------------------------------------------
 (0) _main                                                26    26      0    1029
                                             12 COMRAM    24    24      0
                            ___lwdiv
                            ___lwmod
                            _display
               _read_internal_eeprom
              _write_internal_eeprom
 ---------------------------------------------------------------------------------
 (1) _write_internal_eeprom                                2     1      1      53
                                              0 COMRAM     2     1      1
 ---------------------------------------------------------------------------------
 (1) _read_internal_eeprom                                 1     1      0      15
                                              0 COMRAM     1     1      0
 ---------------------------------------------------------------------------------
 (1) _display                                              7     6      1     137
                                              0 COMRAM     7     6      1
 ---------------------------------------------------------------------------------
 (1) ___lwmod                                              5     1      4     165
                                              7 COMRAM     5     1      4
                            ___lwdiv (ARG)
 ---------------------------------------------------------------------------------
 (1) ___lwdiv                                              7     3      4     168
                                              0 COMRAM     7     3      4
 ---------------------------------------------------------------------------------
 Estimated maximum stack depth 1
 ---------------------------------------------------------------------------------

 Call Graph Graphs:

 _main (ROOT)
   ___lwdiv
   ___lwmod
     ___lwdiv (ARG)
   _display
   _read_internal_eeprom
   _write_internal_eeprom

Address spaces:
Name               Size   Autos  Total    Usage
BIGRAM            1535      0       0      0.0%
BITBIGSFRlll       640      0       0      0.0%
BITBANK5           256      0       0      0.0%
BANK5              256      0       0      0.0%
BITBANK4           256      0       0      0.0%
BANK4              256      0       0      0.0%
BITBANK3           256      0       0      0.0%
BANK3              256      0       0      0.0%
BITBANK2           256      0       0      0.0%
BANK2              256      0       0      0.0%
BITBANK1           256      0       0      0.0%
BANK1              256      0       0      0.0%
BITBANK0           160      0       0      0.0%
BANK0              160      0       0      0.0%
BITCOMRAM           95      0       0      0.0%
COMRAM              95     36      46     48.4%
BITBIGSFRh          89      0       0      0.0%
BITBIGSFRlh         35      0       0      0.0%
BITBIGSFRllh         1      0       0      0.0%
STACK                0      0       0      0.0%
DATA                 0      0      46      0.0%


Microchip Technology PIC18 Macro Assembler V4.00 build 20260614213421 
Symbol Table                                                                                   Tue Sep 29 13:17:15 2026

                           l40 092E                             l51 0826                             l43 0964  
                           l37 091C                             l39 092A                             l59 06B0  
                           _RD 7D30                             _WR 7D31                            l682 0898  
                          l675 0890                            l692 08FC                            l685 08F4  
                          l881 095E                            l883 0960                            l885 0962  
                          l877 0958                            l879 095C                            _GIE 7F97  
                          _RC0 7C10                            _RC1 7C11                            u200 0826  
                          u201 0822                            u210 0840                            u211 083C  
                          u220 085E                            u300 06A2                            u221 085A  
                          u301 069E                            u230 087A                            u310 06BE  
                          u231 0876                            u311 06BA                            u240 08AC  
                          u320 06F4                            u241 08A8                            u321 06F0  
                          u250 08CA                            u170 092A                            u251 08C6  
                          u171 0926                            u260 08E0                            u261 08DC  
                          u190 0806                            u191 0802                            u271 062E  
                          u184 07D6                            u280 0660                            u185 07D2  
                          u281 065C                            u290 0680                            u291 067C  
                          wreg 0FE8                           l1011 090C                           l1003 0900  
                         l1021 091A                           l1013 090E                           l1005 0904  
                         l1101 0660                           l1031 07C4                           l1023 07B2  
                         l1015 0910                           l1007 0908                           l1111 06A6  
                         l1103 0664                           l1041 0828                           l1033 07E4  
                         l1017 0914                           l1009 090A                           l1121 06DE  
                         l1113 06BE                           l1105 0680                           l1051 085E  
                         l1043 082E                           l1035 07EC                           l1019 0918  
                         l1131 0754                           l1123 06E6                           l1115 06C2  
                         l1107 0690                           l1061 088A                           l1053 0864  
                         l1045 0840                           l1037 0806                           l1029 07B8  
                         l1133 0784                           l1117 06C6                           l1125 06F8  
                         l1109 06A2                           l1055 087A                           l1047 0848  
                         l1071 08CA                           l1063 089A                           l1039 080A  
                         l1135 07A2                           l1119 06D0                           l1127 0704  
                         l1057 0882                           l1049 0850                           l1073 08E0  
                         l1065 08AC                           l1129 0724                           l1081 0606  
                         l1059 0884                           l1075 08E8                           l1067 08B4  
                         l1091 0624                           l1083 0618                           l1077 08EE  
                         l1069 08BC                           l1093 0636                           l1085 061E  
                         l1095 063E                           l1087 0624                           l1079 0602  
                         l1097 0646                           l1089 0624                           l1099 0652  
                         _CFGS 7D36                           _EEIF 7D0C                           _WREN 7D32  
                         _main 0602                           fsr2h 0FDA                           indf2 0FDF  
                         fsr1l 0FE1                           fsr2l 0FD9                           start 2FFC  
                 ___param_bank 0000                          ?_main 0001                          _EEADR 0FA9  
                        _EEPGD 7D37                __end_of___lwdiv 089A                __end_of___lwmod 08FE  
                        _PORTA 0F80                          _PORTD 0F83                          _TRISA 0F92  
                        _TRISC 0F94                          _TRISD 0F95                   display@delay 0004  
              __end_of_display 0828                   main@low_byte 0021                          tablat 0FF5  
                        plusw1 0FE3                          plusw2 0FDB                          status 0FD8  
      ??_write_internal_eeprom 0002                __initialization 0930                   __end_of_main 07B2  
                       ??_main 000D                  __activetblptr 0000                  main@high_byte 0022  
                       _EEDATA 0FA8                         _EECON2 0FA7                      ??___lwdiv 0005  
                    ??___lwmod 000C                         isa$std 0001                      ??_display 0002  
                 __pdataCOMRAM 0025                   __mediumconst 0600                         tblptrh 0FF7  
                       tblptrl 0FF6                         tblptru 0FF8                     __accesstop 0060  
      __end_of__initialization 0950                  ___rparam_used 0001                 __pcstackCOMRAM 0001  
  read_internal_eeprom@address 0001  __end_of_write_internal_eeprom 0930                        __Hparam 0000  
                      __Lparam 0000                        ___lwdiv 0828                        ___lwmod 089A  
                 __psmallconst 0600                        __pcinit 0930                        __ramtop 0600  
                      __ptext0 0602                        __ptext1 08FE                        __ptext2 0956  
                      __ptext3 07B2                        __ptext4 089A                        __ptext5 0828  
                      _display 07B2      write_internal_eeprom@data 0001                        main@num 0023  
                      main@ssd 0019           end_of_initialization 0950                        postdec1 0FE5  
                      postinc0 0FEE                     main@F10620 0025                     display@ssd 0001  
 __end_of_read_internal_eeprom 0966                  __pidataCOMRAM 0966            start_initialization 0930  
             ___lwdiv@dividend 0001                       ?___lwdiv 0001                       ?___lwmod 0008  
                     ?_display 0001                    __smallconst 0600               ___lwdiv@quotient 0005  
         _read_internal_eeprom 0956          _write_internal_eeprom 08FE                      main@digit 000F  
                    main@count 001D          ?_read_internal_eeprom 0001                      copy_data0 0944  
                     __Hrparam 0000                       __Lrparam 0000                ___lwdiv@divisor 0003  
              ___lwdiv@counter 0007         ?_write_internal_eeprom 0001                       isa$xinst 0000  
                     main@flag 001F                       display@i 0006         ??_read_internal_eeprom 0001  
             ___lwmod@dividend 0008                ___lwmod@divisor 000A                ___lwmod@counter 000C  
 write_internal_eeprom@address 0002  
