

Microchip MPLAB XC8 Assembler V4.00 build 20260614213421 
                                                                                               Mon Sep 28 00:33:35 2026

Microchip MPLAB XC8 C Compiler v4.00 build 20260614213421 Og1 
     1                           	processor	18F4580
     2                           	fnconf	rparam,??,?,0
     3                           	pagewidth 120
     4                           	psect	idataCOMRAM,global,class=CODE,space=0,delta=1,noexec
     5                           	psect	cinit,global,reloc=2,class=CODE,space=0,delta=1
     6                           	psect	dataCOMRAM,global,class=COMRAM,space=1,delta=1,lowdata,noexec
     7                           	psect	cstackCOMRAM,global,class=COMRAM,space=1,delta=1,lowdata,noexec
     8                           	psect	text0,global,reloc=2,class=CODE,space=0,delta=1
     9                           	psect	text1,global,reloc=2,class=CODE,space=0,delta=1
    10                           	psect	text2,global,reloc=2,class=CODE,space=0,delta=1,group=1
    11                           	psect	smallconst,global,reloc=2,class=SMALLCONST,space=0,delta=1,noexec
    12                           	psect	intsave_regs,global,class=BIGRAM,space=1,delta=1,noexec
    13                           	psect	rparam,global,class=COMRAM,space=1,delta=1,noexec
    14   000000                     
    15                           ; Generated 02/09/2026 GMT
    16                           ; 
    17                           ; Copyright (c) 2026 Microchip Technology Inc. and its subsidiaries.
    18                           ; 
    19                           ; Licensed under the Apache License, Version 2.0 (the "License");
    20                           ; you may not use this file except in compliance with the License.
    21                           ; You may obtain a copy of the License at
    22                           ; 
    23                           ;   http://www.apache.org/licenses/LICENSE-2.0
    24                           ; 
    25                           ; Unless required by applicable law or agreed to in writing, software
    26                           ; distributed under the License is distributed on an "AS IS" BASIS,
    27                           ; WITHOUT WARRANTIES OR CONDITIONS OF ANY KIND, either express or implied.
    28                           ; See the License for the specific language governing permissions and
    29                           ; limitations under the License.
    30                           ; 
    31                           ; 
    32                           ; Code-generator required, PIC18F4580 Definitions
    33                           ; 
    34                           ; SFR Addresses
    35   000FE0                     bsr             equ	4064
    36   000FE9                     fsr0            equ	4073
    37   000FEA                     fsr0h           equ	4074
    38   000FE9                     fsr0l           equ	4073
    39   000FE1                     fsr1            equ	4065
    40   000FE2                     fsr1h           equ	4066
    41   000FE1                     fsr1l           equ	4065
    42   000FD9                     fsr2            equ	4057
    43   000FDA                     fsr2h           equ	4058
    44   000FD9                     fsr2l           equ	4057
    45   000FEF                     indf0           equ	4079
    46   000FE7                     indf1           equ	4071
    47   000FDF                     indf2           equ	4063
    48   000FF2                     intcon          equ	4082
    49   000000                     nvmcon          equ	0
    50   000FF9                     pcl             equ	4089
    51   000FFA                     pclath          equ	4090
    52   000FFB                     pclatu          equ	4091
    53   000FEB                     plusw0          equ	4075
    54   000FE3                     plusw1          equ	4067
    55   000FDB                     plusw2          equ	4059
    56   000FED                     postdec0        equ	4077
    57   000FE5                     postdec1        equ	4069
    58   000FDD                     postdec2        equ	4061
    59   000FEE                     postinc0        equ	4078
    60   000FE6                     postinc1        equ	4070
    61   000FDE                     postinc2        equ	4062
    62   000FEC                     preinc0         equ	4076
    63   000FE4                     preinc1         equ	4068
    64   000FDC                     preinc2         equ	4060
    65   000FF3                     prod            equ	4083
    66   000FF4                     prodh           equ	4084
    67   000FF3                     prodl           equ	4083
    68   000FD8                     status          equ	4056
    69   000FF5                     tablat          equ	4085
    70   000FF6                     tblptr          equ	4086
    71   000FF7                     tblptrh         equ	4087
    72   000FF6                     tblptrl         equ	4086
    73   000FF8                     tblptru         equ	4088
    74   000FFD                     tosl            equ	4093
    75   000FE8                     wreg            equ	4072
    76   000D60                     RXF6SIDH        equ	3424	;# 
    77   000D61                     RXF6SIDL        equ	3425	;# 
    78   000D62                     RXF6EIDH        equ	3426	;# 
    79   000D63                     RXF6EIDL        equ	3427	;# 
    80   000D64                     RXF7SIDH        equ	3428	;# 
    81   000D65                     RXF7SIDL        equ	3429	;# 
    82   000D66                     RXF7EIDH        equ	3430	;# 
    83   000D67                     RXF7EIDL        equ	3431	;# 
    84   000D68                     RXF8SIDH        equ	3432	;# 
    85   000D69                     RXF8SIDL        equ	3433	;# 
    86   000D6A                     RXF8EIDH        equ	3434	;# 
    87   000D6B                     RXF8EIDL        equ	3435	;# 
    88   000D70                     RXF9SIDH        equ	3440	;# 
    89   000D71                     RXF9SIDL        equ	3441	;# 
    90   000D72                     RXF9EIDH        equ	3442	;# 
    91   000D73                     RXF9EIDL        equ	3443	;# 
    92   000D74                     RXF10SIDH       equ	3444	;# 
    93   000D75                     RXF10SIDL       equ	3445	;# 
    94   000D76                     RXF10EIDH       equ	3446	;# 
    95   000D77                     RXF10EIDL       equ	3447	;# 
    96   000D78                     RXF11SIDH       equ	3448	;# 
    97   000D79                     RXF11SIDL       equ	3449	;# 
    98   000D7A                     RXF11EIDH       equ	3450	;# 
    99   000D7B                     RXF11EIDL       equ	3451	;# 
   100   000D80                     RXF12SIDH       equ	3456	;# 
   101   000D81                     RXF12SIDL       equ	3457	;# 
   102   000D82                     RXF12EIDH       equ	3458	;# 
   103   000D83                     RXF12EIDL       equ	3459	;# 
   104   000D84                     RXF13SIDH       equ	3460	;# 
   105   000D85                     RXF13SIDL       equ	3461	;# 
   106   000D86                     RXF13EIDH       equ	3462	;# 
   107   000D87                     RXF13EIDL       equ	3463	;# 
   108   000D88                     RXF14SIDH       equ	3464	;# 
   109   000D89                     RXF14SIDL       equ	3465	;# 
   110   000D8A                     RXF14EIDH       equ	3466	;# 
   111   000D8B                     RXF14EIDL       equ	3467	;# 
   112   000D90                     RXF15SIDH       equ	3472	;# 
   113   000D91                     RXF15SIDL       equ	3473	;# 
   114   000D92                     RXF15EIDH       equ	3474	;# 
   115   000D93                     RXF15EIDL       equ	3475	;# 
   116   000DD4                     RXFCON0         equ	3540	;# 
   117   000DD5                     RXFCON1         equ	3541	;# 
   118   000DD8                     SDFLC           equ	3544	;# 
   119   000DE0                     RXFBCON0        equ	3552	;# 
   120   000DE1                     RXFBCON1        equ	3553	;# 
   121   000DE2                     RXFBCON2        equ	3554	;# 
   122   000DE3                     RXFBCON3        equ	3555	;# 
   123   000DE4                     RXFBCON4        equ	3556	;# 
   124   000DE5                     RXFBCON5        equ	3557	;# 
   125   000DE6                     RXFBCON6        equ	3558	;# 
   126   000DE7                     RXFBCON7        equ	3559	;# 
   127   000DF0                     MSEL0           equ	3568	;# 
   128   000DF1                     MSEL1           equ	3569	;# 
   129   000DF2                     MSEL2           equ	3570	;# 
   130   000DF3                     MSEL3           equ	3571	;# 
   131   000DF8                     BSEL0           equ	3576	;# 
   132   000DFA                     BIE0            equ	3578	;# 
   133   000DFC                     TXBIE           equ	3580	;# 
   134   000E20                     B0CON           equ	3616	;# 
   135   000E21                     B0SIDH          equ	3617	;# 
   136   000E22                     B0SIDL          equ	3618	;# 
   137   000E23                     B0EIDH          equ	3619	;# 
   138   000E24                     B0EIDL          equ	3620	;# 
   139   000E25                     B0DLC           equ	3621	;# 
   140   000E26                     B0D0            equ	3622	;# 
   141   000E27                     B0D1            equ	3623	;# 
   142   000E28                     B0D2            equ	3624	;# 
   143   000E29                     B0D3            equ	3625	;# 
   144   000E2A                     B0D4            equ	3626	;# 
   145   000E2B                     B0D5            equ	3627	;# 
   146   000E2C                     B0D6            equ	3628	;# 
   147   000E2D                     B0D7            equ	3629	;# 
   148   000E2E                     CANSTAT_RO9     equ	3630	;# 
   149   000E2F                     CANCON_RO9      equ	3631	;# 
   150   000E30                     B1CON           equ	3632	;# 
   151   000E31                     B1SIDH          equ	3633	;# 
   152   000E32                     B1SIDL          equ	3634	;# 
   153   000E33                     B1EIDH          equ	3635	;# 
   154   000E34                     B1EIDL          equ	3636	;# 
   155   000E35                     B1DLC           equ	3637	;# 
   156   000E36                     B1D0            equ	3638	;# 
   157   000E37                     B1D1            equ	3639	;# 
   158   000E38                     B1D2            equ	3640	;# 
   159   000E39                     B1D3            equ	3641	;# 
   160   000E3A                     B1D4            equ	3642	;# 
   161   000E3B                     B1D5            equ	3643	;# 
   162   000E3C                     B1D6            equ	3644	;# 
   163   000E3D                     B1D7            equ	3645	;# 
   164   000E3E                     CANSTAT_RO8     equ	3646	;# 
   165   000E3F                     CANCON_RO8      equ	3647	;# 
   166   000E40                     B2CON           equ	3648	;# 
   167   000E41                     B2SIDH          equ	3649	;# 
   168   000E42                     B2SIDL          equ	3650	;# 
   169   000E43                     B2EIDH          equ	3651	;# 
   170   000E44                     B2EIDL          equ	3652	;# 
   171   000E45                     B2DLC           equ	3653	;# 
   172   000E46                     B2D0            equ	3654	;# 
   173   000E47                     B2D1            equ	3655	;# 
   174   000E48                     B2D2            equ	3656	;# 
   175   000E49                     B2D3            equ	3657	;# 
   176   000E4A                     B2D4            equ	3658	;# 
   177   000E4B                     B2D5            equ	3659	;# 
   178   000E4C                     B2D6            equ	3660	;# 
   179   000E4D                     B2D7            equ	3661	;# 
   180   000E4E                     CANSTAT_RO7     equ	3662	;# 
   181   000E4F                     CANCON_RO7      equ	3663	;# 
   182   000E50                     B3CON           equ	3664	;# 
   183   000E51                     B3SIDH          equ	3665	;# 
   184   000E52                     B3SIDL          equ	3666	;# 
   185   000E53                     B3EIDH          equ	3667	;# 
   186   000E54                     B3EIDL          equ	3668	;# 
   187   000E55                     B3DLC           equ	3669	;# 
   188   000E56                     B3D0            equ	3670	;# 
   189   000E57                     B3D1            equ	3671	;# 
   190   000E58                     B3D2            equ	3672	;# 
   191   000E59                     B3D3            equ	3673	;# 
   192   000E5A                     B3D4            equ	3674	;# 
   193   000E5B                     B3D5            equ	3675	;# 
   194   000E5C                     B3D6            equ	3676	;# 
   195   000E5D                     B3D7            equ	3677	;# 
   196   000E5E                     CANSTAT_RO6     equ	3678	;# 
   197   000E5F                     CANCON_RO6      equ	3679	;# 
   198   000E60                     B4CON           equ	3680	;# 
   199   000E61                     B4SIDH          equ	3681	;# 
   200   000E62                     B4SIDL          equ	3682	;# 
   201   000E63                     B4EIDH          equ	3683	;# 
   202   000E64                     B4EIDL          equ	3684	;# 
   203   000E65                     B4DLC           equ	3685	;# 
   204   000E66                     B4D0            equ	3686	;# 
   205   000E67                     B4D1            equ	3687	;# 
   206   000E68                     B4D2            equ	3688	;# 
   207   000E69                     B4D3            equ	3689	;# 
   208   000E6A                     B4D4            equ	3690	;# 
   209   000E6B                     B4D5            equ	3691	;# 
   210   000E6C                     B4D6            equ	3692	;# 
   211   000E6D                     B4D7            equ	3693	;# 
   212   000E6E                     CANSTAT_RO5     equ	3694	;# 
   213   000E6F                     CANCON_RO5      equ	3695	;# 
   214   000E70                     B5CON           equ	3696	;# 
   215   000E71                     B5SIDH          equ	3697	;# 
   216   000E72                     B5SIDL          equ	3698	;# 
   217   000E73                     B5EIDH          equ	3699	;# 
   218   000E74                     B5EIDL          equ	3700	;# 
   219   000E75                     B5DLC           equ	3701	;# 
   220   000E76                     B5D0            equ	3702	;# 
   221   000E77                     B5D1            equ	3703	;# 
   222   000E78                     B5D2            equ	3704	;# 
   223   000E79                     B5D3            equ	3705	;# 
   224   000E7A                     B5D4            equ	3706	;# 
   225   000E7B                     B5D5            equ	3707	;# 
   226   000E7C                     B5D6            equ	3708	;# 
   227   000E7D                     B5D7            equ	3709	;# 
   228   000E7E                     CANSTAT_RO4     equ	3710	;# 
   229   000E7F                     CANCON_RO4      equ	3711	;# 
   230   000F00                     RXF0SIDH        equ	3840	;# 
   231   000F01                     RXF0SIDL        equ	3841	;# 
   232   000F02                     RXF0EIDH        equ	3842	;# 
   233   000F03                     RXF0EIDL        equ	3843	;# 
   234   000F04                     RXF1SIDH        equ	3844	;# 
   235   000F05                     RXF1SIDL        equ	3845	;# 
   236   000F06                     RXF1EIDH        equ	3846	;# 
   237   000F07                     RXF1EIDL        equ	3847	;# 
   238   000F08                     RXF2SIDH        equ	3848	;# 
   239   000F09                     RXF2SIDL        equ	3849	;# 
   240   000F0A                     RXF2EIDH        equ	3850	;# 
   241   000F0B                     RXF2EIDL        equ	3851	;# 
   242   000F0C                     RXF3SIDH        equ	3852	;# 
   243   000F0D                     RXF3SIDL        equ	3853	;# 
   244   000F0E                     RXF3EIDH        equ	3854	;# 
   245   000F0F                     RXF3EIDL        equ	3855	;# 
   246   000F10                     RXF4SIDH        equ	3856	;# 
   247   000F11                     RXF4SIDL        equ	3857	;# 
   248   000F12                     RXF4EIDH        equ	3858	;# 
   249   000F13                     RXF4EIDL        equ	3859	;# 
   250   000F14                     RXF5SIDH        equ	3860	;# 
   251   000F15                     RXF5SIDL        equ	3861	;# 
   252   000F16                     RXF5EIDH        equ	3862	;# 
   253   000F17                     RXF5EIDL        equ	3863	;# 
   254   000F18                     RXM0SIDH        equ	3864	;# 
   255   000F19                     RXM0SIDL        equ	3865	;# 
   256   000F1A                     RXM0EIDH        equ	3866	;# 
   257   000F1B                     RXM0EIDL        equ	3867	;# 
   258   000F1C                     RXM1SIDH        equ	3868	;# 
   259   000F1D                     RXM1SIDL        equ	3869	;# 
   260   000F1E                     RXM1EIDH        equ	3870	;# 
   261   000F1F                     RXM1EIDL        equ	3871	;# 
   262   000F20                     TXB2CON         equ	3872	;# 
   263   000F21                     TXB2SIDH        equ	3873	;# 
   264   000F22                     TXB2SIDL        equ	3874	;# 
   265   000F23                     TXB2EIDH        equ	3875	;# 
   266   000F24                     TXB2EIDL        equ	3876	;# 
   267   000F25                     TXB2DLC         equ	3877	;# 
   268   000F26                     TXB2D0          equ	3878	;# 
   269   000F27                     TXB2D1          equ	3879	;# 
   270   000F28                     TXB2D2          equ	3880	;# 
   271   000F29                     TXB2D3          equ	3881	;# 
   272   000F2A                     TXB2D4          equ	3882	;# 
   273   000F2B                     TXB2D5          equ	3883	;# 
   274   000F2C                     TXB2D6          equ	3884	;# 
   275   000F2D                     TXB2D7          equ	3885	;# 
   276   000F2E                     CANSTAT_RO3     equ	3886	;# 
   277   000F2F                     CANCON_RO3      equ	3887	;# 
   278   000F30                     TXB1CON         equ	3888	;# 
   279   000F31                     TXB1SIDH        equ	3889	;# 
   280   000F32                     TXB1SIDL        equ	3890	;# 
   281   000F33                     TXB1EIDH        equ	3891	;# 
   282   000F34                     TXB1EIDL        equ	3892	;# 
   283   000F35                     TXB1DLC         equ	3893	;# 
   284   000F36                     TXB1D0          equ	3894	;# 
   285   000F37                     TXB1D1          equ	3895	;# 
   286   000F38                     TXB1D2          equ	3896	;# 
   287   000F39                     TXB1D3          equ	3897	;# 
   288   000F3A                     TXB1D4          equ	3898	;# 
   289   000F3B                     TXB1D5          equ	3899	;# 
   290   000F3C                     TXB1D6          equ	3900	;# 
   291   000F3D                     TXB1D7          equ	3901	;# 
   292   000F3E                     CANSTAT_RO2     equ	3902	;# 
   293   000F3F                     CANCON_RO2      equ	3903	;# 
   294   000F40                     TXB0CON         equ	3904	;# 
   295   000F41                     TXB0SIDH        equ	3905	;# 
   296   000F42                     TXB0SIDL        equ	3906	;# 
   297   000F43                     TXB0EIDH        equ	3907	;# 
   298   000F44                     TXB0EIDL        equ	3908	;# 
   299   000F45                     TXB0DLC         equ	3909	;# 
   300   000F46                     TXB0D0          equ	3910	;# 
   301   000F47                     TXB0D1          equ	3911	;# 
   302   000F48                     TXB0D2          equ	3912	;# 
   303   000F49                     TXB0D3          equ	3913	;# 
   304   000F4A                     TXB0D4          equ	3914	;# 
   305   000F4B                     TXB0D5          equ	3915	;# 
   306   000F4C                     TXB0D6          equ	3916	;# 
   307   000F4D                     TXB0D7          equ	3917	;# 
   308   000F4E                     CANSTAT_RO1     equ	3918	;# 
   309   000F4F                     CANCON_RO1      equ	3919	;# 
   310   000F50                     RXB1CON         equ	3920	;# 
   311   000F51                     RXB1SIDH        equ	3921	;# 
   312   000F52                     RXB1SIDL        equ	3922	;# 
   313   000F53                     RXB1EIDH        equ	3923	;# 
   314   000F54                     RXB1EIDL        equ	3924	;# 
   315   000F55                     RXB1DLC         equ	3925	;# 
   316   000F56                     RXB1D0          equ	3926	;# 
   317   000F57                     RXB1D1          equ	3927	;# 
   318   000F58                     RXB1D2          equ	3928	;# 
   319   000F59                     RXB1D3          equ	3929	;# 
   320   000F5A                     RXB1D4          equ	3930	;# 
   321   000F5B                     RXB1D5          equ	3931	;# 
   322   000F5C                     RXB1D6          equ	3932	;# 
   323   000F5D                     RXB1D7          equ	3933	;# 
   324   000F5E                     CANSTAT_RO0     equ	3934	;# 
   325   000F5F                     CANCON_RO0      equ	3935	;# 
   326   000F60                     RXB0CON         equ	3936	;# 
   327   000F61                     RXB0SIDH        equ	3937	;# 
   328   000F62                     RXB0SIDL        equ	3938	;# 
   329   000F63                     RXB0EIDH        equ	3939	;# 
   330   000F64                     RXB0EIDL        equ	3940	;# 
   331   000F65                     RXB0DLC         equ	3941	;# 
   332   000F66                     RXB0D0          equ	3942	;# 
   333   000F67                     RXB0D1          equ	3943	;# 
   334   000F68                     RXB0D2          equ	3944	;# 
   335   000F69                     RXB0D3          equ	3945	;# 
   336   000F6A                     RXB0D4          equ	3946	;# 
   337   000F6B                     RXB0D5          equ	3947	;# 
   338   000F6C                     RXB0D6          equ	3948	;# 
   339   000F6D                     RXB0D7          equ	3949	;# 
   340   000F6E                     CANSTAT         equ	3950	;# 
   341   000F6F                     CANCON          equ	3951	;# 
   342   000F70                     BRGCON1         equ	3952	;# 
   343   000F71                     BRGCON2         equ	3953	;# 
   344   000F72                     BRGCON3         equ	3954	;# 
   345   000F73                     CIOCON          equ	3955	;# 
   346   000F74                     COMSTAT         equ	3956	;# 
   347   000F75                     RXERRCNT        equ	3957	;# 
   348   000F76                     TXERRCNT        equ	3958	;# 
   349   000F77                     ECANCON         equ	3959	;# 
   350   000F80                     PORTA           equ	3968	;# 
   351   000F81                     PORTB           equ	3969	;# 
   352   000F82                     PORTC           equ	3970	;# 
   353   000F83                     PORTD           equ	3971	;# 
   354   000F84                     PORTE           equ	3972	;# 
   355   000F89                     LATA            equ	3977	;# 
   356   000F8A                     LATB            equ	3978	;# 
   357   000F8B                     LATC            equ	3979	;# 
   358   000F8C                     LATD            equ	3980	;# 
   359   000F8D                     LATE            equ	3981	;# 
   360   000F92                     TRISA           equ	3986	;# 
   361   000F92                     DDRA            equ	3986	;# 
   362   000F93                     TRISB           equ	3987	;# 
   363   000F93                     DDRB            equ	3987	;# 
   364   000F94                     TRISC           equ	3988	;# 
   365   000F94                     DDRC            equ	3988	;# 
   366   000F95                     TRISD           equ	3989	;# 
   367   000F95                     DDRD            equ	3989	;# 
   368   000F96                     TRISE           equ	3990	;# 
   369   000F96                     DDRE            equ	3990	;# 
   370   000F9B                     OSCTUNE         equ	3995	;# 
   371   000F9D                     PIE1            equ	3997	;# 
   372   000F9E                     PIR1            equ	3998	;# 
   373   000F9F                     IPR1            equ	3999	;# 
   374   000FA0                     PIE2            equ	4000	;# 
   375   000FA1                     PIR2            equ	4001	;# 
   376   000FA2                     IPR2            equ	4002	;# 
   377   000FA3                     PIE3            equ	4003	;# 
   378   000FA4                     PIR3            equ	4004	;# 
   379   000FA5                     IPR3            equ	4005	;# 
   380   000FA6                     EECON1          equ	4006	;# 
   381   000FA7                     EECON2          equ	4007	;# 
   382   000FA8                     EEDATA          equ	4008	;# 
   383   000FA9                     EEADR           equ	4009	;# 
   384   000FAB                     RCSTA           equ	4011	;# 
   385   000FAB                     RCSTA1          equ	4011	;# 
   386   000FAC                     TXSTA           equ	4012	;# 
   387   000FAC                     TXSTA1          equ	4012	;# 
   388   000FAD                     TXREG           equ	4013	;# 
   389   000FAD                     TXREG1          equ	4013	;# 
   390   000FAE                     RCREG           equ	4014	;# 
   391   000FAE                     RCREG1          equ	4014	;# 
   392   000FAF                     SPBRG           equ	4015	;# 
   393   000FAF                     SPBRG1          equ	4015	;# 
   394   000FB0                     SPBRGH          equ	4016	;# 
   395   000FB1                     T3CON           equ	4017	;# 
   396   000FB2                     TMR3            equ	4018	;# 
   397   000FB2                     TMR3L           equ	4018	;# 
   398   000FB3                     TMR3H           equ	4019	;# 
   399   000FB4                     CMCON           equ	4020	;# 
   400   000FB5                     CVRCON          equ	4021	;# 
   401   000FB6                     ECCP1AS         equ	4022	;# 
   402   000FB7                     ECCP1DEL        equ	4023	;# 
   403   000FB8                     BAUDCON         equ	4024	;# 
   404   000FB8                     BAUDCTL         equ	4024	;# 
   405   000FBA                     ECCP1CON        equ	4026	;# 
   406   000FBB                     ECCPR1          equ	4027	;# 
   407   000FBB                     ECCPR1L         equ	4027	;# 
   408   000FBC                     ECCPR1H         equ	4028	;# 
   409   000FBD                     CCP1CON         equ	4029	;# 
   410   000FBE                     CCPR1           equ	4030	;# 
   411   000FBE                     CCPR1L          equ	4030	;# 
   412   000FBF                     CCPR1H          equ	4031	;# 
   413   000FC0                     ADCON2          equ	4032	;# 
   414   000FC1                     ADCON1          equ	4033	;# 
   415   000FC2                     ADCON0          equ	4034	;# 
   416   000FC3                     ADRES           equ	4035	;# 
   417   000FC3                     ADRESL          equ	4035	;# 
   418   000FC4                     ADRESH          equ	4036	;# 
   419   000FC5                     SSPCON2         equ	4037	;# 
   420   000FC6                     SSPCON1         equ	4038	;# 
   421   000FC7                     SSPSTAT         equ	4039	;# 
   422   000FC8                     SSPADD          equ	4040	;# 
   423   000FC9                     SSPBUF          equ	4041	;# 
   424   000FCA                     T2CON           equ	4042	;# 
   425   000FCB                     PR2             equ	4043	;# 
   426   000FCB                     MEMCON          equ	4043	;# 
   427   000FCC                     TMR2            equ	4044	;# 
   428   000FCD                     T1CON           equ	4045	;# 
   429   000FCE                     TMR1            equ	4046	;# 
   430   000FCE                     TMR1L           equ	4046	;# 
   431   000FCF                     TMR1H           equ	4047	;# 
   432   000FD0                     RCON            equ	4048	;# 
   433   000FD1                     WDTCON          equ	4049	;# 
   434   000FD2                     HLVDCON         equ	4050	;# 
   435   000FD2                     LVDCON          equ	4050	;# 
   436   000FD3                     OSCCON          equ	4051	;# 
   437   000FD5                     T0CON           equ	4053	;# 
   438   000FD6                     TMR0            equ	4054	;# 
   439   000FD6                     TMR0L           equ	4054	;# 
   440   000FD7                     TMR0H           equ	4055	;# 
   441   000FD8                     STATUS          equ	4056	;# 
   442   000FD9                     FSR2            equ	4057	;# 
   443   000FD9                     FSR2L           equ	4057	;# 
   444   000FDA                     FSR2H           equ	4058	;# 
   445   000FDB                     PLUSW2          equ	4059	;# 
   446   000FDC                     PREINC2         equ	4060	;# 
   447   000FDD                     POSTDEC2        equ	4061	;# 
   448   000FDE                     POSTINC2        equ	4062	;# 
   449   000FDF                     INDF2           equ	4063	;# 
   450   000FE0                     BSR             equ	4064	;# 
   451   000FE1                     FSR1            equ	4065	;# 
   452   000FE1                     FSR1L           equ	4065	;# 
   453   000FE2                     FSR1H           equ	4066	;# 
   454   000FE3                     PLUSW1          equ	4067	;# 
   455   000FE4                     PREINC1         equ	4068	;# 
   456   000FE5                     POSTDEC1        equ	4069	;# 
   457   000FE6                     POSTINC1        equ	4070	;# 
   458   000FE7                     INDF1           equ	4071	;# 
   459   000FE8                     WREG            equ	4072	;# 
   460   000FE9                     FSR0            equ	4073	;# 
   461   000FE9                     FSR0L           equ	4073	;# 
   462   000FEA                     FSR0H           equ	4074	;# 
   463   000FEB                     PLUSW0          equ	4075	;# 
   464   000FEC                     PREINC0         equ	4076	;# 
   465   000FED                     POSTDEC0        equ	4077	;# 
   466   000FEE                     POSTINC0        equ	4078	;# 
   467   000FEF                     INDF0           equ	4079	;# 
   468   000FF0                     INTCON3         equ	4080	;# 
   469   000FF1                     INTCON2         equ	4081	;# 
   470   000FF2                     INTCON          equ	4082	;# 
   471   000FF3                     PROD            equ	4083	;# 
   472   000FF3                     PRODL           equ	4083	;# 
   473   000FF4                     PRODH           equ	4084	;# 
   474   000FF5                     TABLAT          equ	4085	;# 
   475   000FF6                     TBLPTR          equ	4086	;# 
   476   000FF6                     TBLPTRL         equ	4086	;# 
   477   000FF7                     TBLPTRH         equ	4087	;# 
   478   000FF8                     TBLPTRU         equ	4088	;# 
   479   000FF9                     PCLAT           equ	4089	;# 
   480   000FF9                     PC              equ	4089	;# 
   481   000FF9                     PCL             equ	4089	;# 
   482   000FFA                     PCLATH          equ	4090	;# 
   483   000FFB                     PCLATU          equ	4091	;# 
   484   000FFC                     STKPTR          equ	4092	;# 
   485   000FFD                     TOS             equ	4093	;# 
   486   000FFD                     TOSL            equ	4093	;# 
   487   000FFE                     TOSH            equ	4094	;# 
   488   000FFF                     TOSU            equ	4095	;# 
   489                           
   490                           	psect	idataCOMRAM
   491   000838                     __pidataCOMRAM:
   492                           	callstack 0
   493                           
   494                           ;initializer for main@F10611
   495   000838  E7                 	db	231
   496   000839  21                 	db	33
   497   00083A  CB                 	db	203
   498   00083B  6B                 	db	107
   499   00083C  2D                 	db	45
   500   00083D  6E                 	db	110
   501   00083E  EE                 	db	238
   502   00083F  23                 	db	35
   503   000840  EF                 	db	239
   504   000841  6F                 	db	111
   505   000842  00                 	db	0
   506   000843  00                 	db	0
   507   000F92                     _TRISA          set	3986
   508   000F95                     _TRISD          set	3989
   509   000F80                     _PORTA          set	3968
   510   000F83                     _PORTD          set	3971
   511                           
   512                           ; #config settings
   513                           
   514                           	psect	cinit
   515   000812                     __pcinit:
   516                           	callstack 0
   517   000812                     start_initialization:
   518                           	callstack 0
   519   000812                     __initialization:
   520                           	callstack 0
   521                           
   522                           ; Initialize objects allocated to COMRAM (12 bytes)
   523                           ; load TBLPTR registers with __pidataCOMRAM
   524   000812  0E38               	movlw	low __pidataCOMRAM
   525   000814  6EF6               	movwf	tblptrl,c
   526   000816  0E08               	movlw	high __pidataCOMRAM
   527   000818  6EF7               	movwf	tblptrh,c
   528   00081A  0E00               	movlw	low (__pidataCOMRAM shr (0+16))
   529   00081C  6EF8               	movwf	tblptru,c
   530   00081E  EE00  F01C         	lfsr	0,__pdataCOMRAM
   531   000822  EE10 F00C          	lfsr	1,12
   532   000826                     copy_data0:
   533   000826  0009               	tblrd		*+
   534   000828  CFF5 FFEE          	movff	tablat,postinc0
   535   00082C  50E5               	movf	postdec1,w,c
   536   00082E  50E1               	movf	fsr1l,w,c
   537   000830  E1FA               	bnz	copy_data0
   538   000832                     end_of_initialization:
   539                           	callstack 0
   540   000832                     __end_of__initialization:
   541                           	callstack 0
   542   000832  0100               	movlb	0
   543   000834  EF01  F003         	goto	_main	;jump to C main() function
   544                           
   545                           	psect	dataCOMRAM
   546   00001C                     __pdataCOMRAM:
   547                           	callstack 0
   548   00001C                     main@F10611:
   549                           	callstack 0
   550   00001C                     	ds	12
   551                           
   552                           	psect	cstackCOMRAM
   553   000001                     __pcstackCOMRAM:
   554                           	callstack 0
   555   000001                     ?___awmod:
   556                           	callstack 0
   557   000001                     display@ssd:
   558                           	callstack 0
   559   000001                     ___awmod@dividend:
   560                           	callstack 0
   561                           
   562                           ; 2 bytes @ 0x0
   563   000001                     	ds	1
   564   000002                     ??_display:
   565                           
   566                           ; 1 bytes @ 0x1
   567   000002                     	ds	1
   568   000003                     ___awmod@divisor:
   569                           	callstack 0
   570                           
   571                           ; 2 bytes @ 0x2
   572   000003                     	ds	1
   573   000004                     display@delay:
   574                           	callstack 0
   575                           
   576                           ; 2 bytes @ 0x3
   577   000004                     	ds	1
   578   000005                     ___awmod@counter:
   579                           	callstack 0
   580   000005                     
   581                           ; 1 bytes @ 0x4
   582   000005                     	ds	1
   583   000006                     ___awmod@sign:
   584                           	callstack 0
   585   000006                     display@i:
   586                           	callstack 0
   587                           
   588                           ; 2 bytes @ 0x5
   589   000006                     	ds	2
   590   000008                     main@digit:
   591                           	callstack 0
   592   000008                     
   593                           ; 1 bytes @ 0x7
   594   000008                     	ds	12
   595   000014                     main@ssd:
   596                           	callstack 0
   597                           
   598                           ; 4 bytes @ 0x13
   599   000014                     	ds	4
   600   000018                     main@delay:
   601                           	callstack 0
   602                           
   603                           ; 2 bytes @ 0x17
   604   000018                     	ds	2
   605   00001A                     main@i:
   606                           	callstack 0
   607                           
   608                           ; 2 bytes @ 0x19
   609   00001A                     	ds	2
   610                           
   611 ;;
   612 ;;Main: autosize = 0, tempsize = 0, incstack = 0, save=0
   613 ;;
   614 ;; *************** function _main *****************
   615 ;; Defined at:
   616 ;;		line 17 in file "main.c"
   617 ;; Parameters:    Size  Location     Type
   618 ;;		None
   619 ;; Auto vars:     Size  Location     Type
   620 ;;  digit          12    7[COMRAM] unsigned char [12]
   621 ;;  ssd             4   19[COMRAM] unsigned char [4]
   622 ;;  i               2   25[COMRAM] int 
   623 ;;  delay           2   23[COMRAM] int 
   624 ;; Return value:  Size  Location     Type
   625 ;;                  1    wreg      void 
   626 ;; Registers used:
   627 ;;		wreg, fsr1l, fsr1h, fsr2l, fsr2h, status,2, status,0, cstack
   628 ;; Tracked objects:
   629 ;;		On entry : 0/0
   630 ;;		On exit  : 0/0
   631 ;;		Unchanged: 0/0
   632 ;; Data sizes:     COMRAM   BANK0   BANK1   BANK2   BANK3   BANK4   BANK5
   633 ;;      Params:         0       0       0       0       0       0       0
   634 ;;      Locals:        20       0       0       0       0       0       0
   635 ;;      Temps:          0       0       0       0       0       0       0
   636 ;;      Totals:        20       0       0       0       0       0       0
   637 ;;Total ram usage:       20 bytes
   638 ;; Hardware stack levels required when called: 1
   639 ;; This function calls:
   640 ;;		___awmod
   641 ;;		_display
   642 ;; This function is called by:
   643 ;;		Startup code after reset
   644 ;; This function uses a non-reentrant model
   645 ;;
   646                           
   647                           	psect	text0
   648   000602                     __ptext0:
   649                           	callstack 0
   650   000602                     _main:
   651                           	callstack 30
   652   000602                     
   653                           ;main.c: 19:     PORTD = 0x00;
   654   000602  6A83               	clrf	131,c	;volatile
   655                           
   656                           ;main.c: 20:     TRISD = 0x00;
   657   000604  6A95               	clrf	149,c	;volatile
   658   000606                     
   659                           ;main.c: 22:     TRISA = TRISA & 0xF0;
   660   000606  5092               	movf	146,w,c	;volatile
   661   000608  0BF0               	andlw	240
   662   00060A  6E92               	movwf	146,c	;volatile
   663                           
   664                           ;main.c: 23:     PORTA = PORTA & 0xF0;
   665   00060C  5080               	movf	128,w,c	;volatile
   666   00060E  0BF0               	andlw	240
   667   000610  6E80               	movwf	128,c	;volatile
   668   000612                     
   669                           ;main.c: 25:     int i=0;
   670   000612  6A1B               	clrf	(main@i+1)^0,c
   671   000614  0E00               	movlw	0
   672   000616  6E1A               	movwf	main@i^0,c
   673   000618                     
   674                           ;main.c: 26:     char ssd[4];;main.c: 27:     int delay=0;
   675   000618  6A19               	clrf	(main@delay+1)^0,c
   676   00061A  0E00               	movlw	0
   677   00061C  6E18               	movwf	main@delay^0,c
   678   00061E                     
   679                           ;main.c: 28:     unsigned char digit[]={0XE7,0X21,0XCB,0X6B,0X2D,0X6E,0XEE,0X23,0XEF,0X6
      +                          F,0x00,0x00};
   680   00061E  EE20  F01C         	lfsr	2,main@F10611
   681   000622  EE10  F008         	lfsr	1,main@digit
   682   000626  0E0B               	movlw	11
   683   000628                     u221:
   684   000628  CFDB FFE3          	movff	plusw2,plusw1
   685   00062C  06E8               	decf	wreg,f,c
   686   00062E  E2FC               	bc	u221
   687   000630                     l960:
   688                           
   689                           ;main.c: 31:         ssd[0]=digit[i];
   690   000630  501A               	movf	main@i^0,w,c
   691   000632  0F08               	addlw	low main@digit
   692   000634  6ED9               	movwf	fsr2l,c
   693   000636  6ADA               	clrf	fsr2h,c
   694   000638  50DF               	movf	indf2,w,c
   695   00063A  6E14               	movwf	main@ssd^0,c
   696   00063C                     
   697                           ;main.c: 32:         ssd[1]=digit[(i+1)%12];
   698   00063C  0E01               	movlw	1
   699   00063E  241A               	addwf	main@i^0,w,c
   700   000640  6E01               	movwf	___awmod@dividend^0,c
   701   000642  0E00               	movlw	0
   702   000644  201B               	addwfc	(main@i+1)^0,w,c
   703   000646  6E02               	movwf	(___awmod@dividend+1)^0,c
   704   000648  6A04               	clrf	(___awmod@divisor+1)^0,c
   705   00064A  0E0C               	movlw	12
   706   00064C  6E03               	movwf	___awmod@divisor^0,c
   707   00064E  EC77  F003         	call	___awmod	;wreg free
   708   000652  5001               	movf	?___awmod^0,w,c
   709   000654  0F08               	addlw	low main@digit
   710   000656  6ED9               	movwf	fsr2l,c
   711   000658  6ADA               	clrf	fsr2h,c
   712   00065A  50DF               	movf	indf2,w,c
   713   00065C  6E15               	movwf	(main@ssd+1)^0,c
   714   00065E                     
   715                           ;main.c: 33:         ssd[2]=digit[(i+2)%12];
   716   00065E  0E02               	movlw	2
   717   000660  241A               	addwf	main@i^0,w,c
   718   000662  6E01               	movwf	___awmod@dividend^0,c
   719   000664  0E00               	movlw	0
   720   000666  201B               	addwfc	(main@i+1)^0,w,c
   721   000668  6E02               	movwf	(___awmod@dividend+1)^0,c
   722   00066A  6A04               	clrf	(___awmod@divisor+1)^0,c
   723   00066C  0E0C               	movlw	12
   724   00066E  6E03               	movwf	___awmod@divisor^0,c
   725   000670  EC77  F003         	call	___awmod	;wreg free
   726   000674  5001               	movf	?___awmod^0,w,c
   727   000676  0F08               	addlw	low main@digit
   728   000678  6ED9               	movwf	fsr2l,c
   729   00067A  6ADA               	clrf	fsr2h,c
   730   00067C  50DF               	movf	indf2,w,c
   731   00067E  6E16               	movwf	(main@ssd+2)^0,c
   732   000680                     
   733                           ;main.c: 34:         ssd[3]=digit[(i+3)%12];
   734   000680  0E03               	movlw	3
   735   000682  241A               	addwf	main@i^0,w,c
   736   000684  6E01               	movwf	___awmod@dividend^0,c
   737   000686  0E00               	movlw	0
   738   000688  201B               	addwfc	(main@i+1)^0,w,c
   739   00068A  6E02               	movwf	(___awmod@dividend+1)^0,c
   740   00068C  6A04               	clrf	(___awmod@divisor+1)^0,c
   741   00068E  0E0C               	movlw	12
   742   000690  6E03               	movwf	___awmod@divisor^0,c
   743   000692  EC77  F003         	call	___awmod	;wreg free
   744   000696  5001               	movf	?___awmod^0,w,c
   745   000698  0F08               	addlw	low main@digit
   746   00069A  6ED9               	movwf	fsr2l,c
   747   00069C  6ADA               	clrf	fsr2h,c
   748   00069E  50DF               	movf	indf2,w,c
   749   0006A0  6E17               	movwf	(main@ssd+3)^0,c
   750   0006A2                     
   751                           ;main.c: 35:         display(ssd);
   752   0006A2  0E14               	movlw	low main@ssd
   753   0006A4  6E01               	movwf	display@ssd^0,c
   754   0006A6  ECCE  F003         	call	_display	;wreg free
   755   0006AA                     
   756                           ;main.c: 37:         if(delay++==200){
   757   0006AA  4A18               	infsnz	main@delay^0,f,c
   758   0006AC  2A19               	incf	(main@delay+1)^0,f,c
   759   0006AE  0EC9               	movlw	201
   760   0006B0  1818               	xorwf	main@delay^0,w,c
   761   0006B2  1019               	iorwf	(main@delay+1)^0,w,c
   762   0006B4  A4D8               	btfss	status,2,c
   763   0006B6  EF5F  F003         	goto	u231
   764   0006BA  EF61  F003         	goto	u230
   765   0006BE                     u231:
   766   0006BE  EF18  F003         	goto	l960
   767   0006C2                     u230:
   768   0006C2                     
   769                           ;main.c: 38:             i++;
   770   0006C2  4A1A               	infsnz	main@i^0,f,c
   771   0006C4  2A1B               	incf	(main@i+1)^0,f,c
   772   0006C6                     
   773                           ;main.c: 39:             if(i==12){
   774   0006C6  0E0C               	movlw	12
   775   0006C8  181A               	xorwf	main@i^0,w,c
   776   0006CA  101B               	iorwf	(main@i+1)^0,w,c
   777   0006CC  A4D8               	btfss	status,2,c
   778   0006CE  EF6B  F003         	goto	u241
   779   0006D2  EF6D  F003         	goto	u240
   780   0006D6                     u241:
   781   0006D6  EF70  F003         	goto	l25
   782   0006DA                     u240:
   783   0006DA                     
   784                           ;main.c: 40:                 i=0;
   785   0006DA  6A1B               	clrf	(main@i+1)^0,c
   786   0006DC  0E00               	movlw	0
   787   0006DE  6E1A               	movwf	main@i^0,c
   788   0006E0                     l25:
   789                           
   790                           ;main.c: 42:             delay=0;
   791   0006E0  6A19               	clrf	(main@delay+1)^0,c
   792   0006E2  0E00               	movlw	0
   793   0006E4  6E18               	movwf	main@delay^0,c
   794   0006E6  EF18  F003         	goto	l960
   795   0006EA  EFFE  F03F         	goto	start
   796   0006EE                     __end_of_main:
   797                           	callstack 0
   798                           
   799 ;; *************** function _display *****************
   800 ;; Defined at:
   801 ;;		line 9 in file "main.c"
   802 ;; Parameters:    Size  Location     Type
   803 ;;  ssd             1    0[COMRAM] PTR unsigned char 
   804 ;;		 -> main@ssd(4), 
   805 ;; Auto vars:     Size  Location     Type
   806 ;;  delay           2    3[COMRAM] int 
   807 ;;  i               2    5[COMRAM] int 
   808 ;; Return value:  Size  Location     Type
   809 ;;                  1    wreg      void 
   810 ;; Registers used:
   811 ;;		wreg, fsr2l, fsr2h, status,2, status,0
   812 ;; Tracked objects:
   813 ;;		On entry : 0/0
   814 ;;		On exit  : 0/0
   815 ;;		Unchanged: 0/0
   816 ;; Data sizes:     COMRAM   BANK0   BANK1   BANK2   BANK3   BANK4   BANK5
   817 ;;      Params:         1       0       0       0       0       0       0
   818 ;;      Locals:         4       0       0       0       0       0       0
   819 ;;      Temps:          2       0       0       0       0       0       0
   820 ;;      Totals:         7       0       0       0       0       0       0
   821 ;;Total ram usage:        7 bytes
   822 ;; Hardware stack levels used: 1
   823 ;; This function calls:
   824 ;;		Nothing
   825 ;; This function is called by:
   826 ;;		_main
   827 ;; This function uses a non-reentrant model
   828 ;;
   829                           
   830                           	psect	text1
   831   00079C                     __ptext1:
   832                           	callstack 0
   833   00079C                     _display:
   834                           	callstack 30
   835   00079C                     
   836                           ;main.c: 10:     for(int i=0; i<4; i++){
   837   00079C  6A07               	clrf	(display@i+1)^0,c
   838   00079E  0E00               	movlw	0
   839   0007A0  6E06               	movwf	display@i^0,c
   840   0007A2                     l902:
   841                           
   842                           ;main.c: 11:         PORTD = ssd[i];
   843   0007A2  5001               	movf	display@ssd^0,w,c
   844   0007A4  2406               	addwf	display@i^0,w,c
   845   0007A6  6ED9               	movwf	fsr2l,c
   846   0007A8  6ADA               	clrf	fsr2h,c
   847   0007AA  50DF               	movf	indf2,w,c
   848   0007AC  6E83               	movwf	131,c	;volatile
   849   0007AE                     
   850                           ;main.c: 12:         PORTA = (PORTA & 0XF0) | 1<<i;
   851   0007AE  C006  F002         	movff	display@i,??_display
   852   0007B2  0E01               	movlw	1
   853   0007B4  6E03               	movwf	(??_display+1)^0,c
   854   0007B6  2A02               	incf	??_display^0,f,c
   855   0007B8  EFE0  F003         	goto	u134
   856   0007BC                     u135:
   857   0007BC  90D8               	bcf	status,0,c
   858   0007BE  3603               	rlcf	(??_display+1)^0,f,c
   859   0007C0                     u134:
   860   0007C0  2E02               	decfsz	??_display^0,f,c
   861   0007C2  EFDE  F003         	goto	u135
   862   0007C6  5080               	movf	128,w,c	;volatile
   863   0007C8  0BF0               	andlw	240
   864   0007CA  1003               	iorwf	(??_display+1)^0,w,c
   865   0007CC  6E80               	movwf	128,c	;volatile
   866   0007CE                     
   867                           ;main.c: 13:         for(int delay=1000; delay--;);
   868   0007CE  0E03               	movlw	3
   869   0007D0  6E05               	movwf	(display@delay+1)^0,c
   870   0007D2  0EE8               	movlw	232
   871   0007D4  6E04               	movwf	display@delay^0,c
   872   0007D6                     l908:
   873   0007D6  0604               	decf	display@delay^0,f,c
   874   0007D8  A0D8               	btfss	status,0,c
   875   0007DA  0605               	decf	(display@delay+1)^0,f,c
   876   0007DC  2804               	incf	display@delay^0,w,c
   877   0007DE  E106               	bnz	u141
   878   0007E0  2805               	incf	(display@delay+1)^0,w,c
   879   0007E2  A4D8               	btfss	status,2,c
   880   0007E4  EFF6  F003         	goto	u141
   881   0007E8  EFF8  F003         	goto	u140
   882   0007EC                     u141:
   883   0007EC  EFEB  F003         	goto	l908
   884   0007F0                     u140:
   885   0007F0                     
   886                           ;main.c: 14:     };main.c: 10:     for(int i=0; i<4; i++){
   887   0007F0  4A06               	infsnz	display@i^0,f,c
   888   0007F2  2A07               	incf	(display@i+1)^0,f,c
   889   0007F4  BE07               	btfsc	(display@i+1)^0,7,c
   890   0007F6  EF06  F004         	goto	u151
   891   0007FA  5007               	movf	(display@i+1)^0,w,c
   892   0007FC  E109               	bnz	u150
   893   0007FE  0E04               	movlw	4
   894   000800  5C06               	subwf	display@i^0,w,c
   895   000802  A0D8               	btfss	status,0,c
   896   000804  EF06  F004         	goto	u151
   897   000808  EF08  F004         	goto	u150
   898   00080C                     u151:
   899   00080C  EFD1  F003         	goto	l902
   900   000810                     u150:
   901   000810  0012               	return		;funcret
   902   000812                     __end_of_display:
   903                           	callstack 0
   904                           
   905 ;; *************** function ___awmod *****************
   906 ;; Defined at:
   907 ;;		line 7 in file "C:\Program Files\Microchip\xc8\v4.00\pic\sources\c99\common\awmod.c"
   908 ;; Parameters:    Size  Location     Type
   909 ;;  dividend        2    0[COMRAM] int 
   910 ;;  divisor         2    2[COMRAM] int 
   911 ;; Auto vars:     Size  Location     Type
   912 ;;  sign            1    5[COMRAM] unsigned char 
   913 ;;  counter         1    4[COMRAM] unsigned char 
   914 ;; Return value:  Size  Location     Type
   915 ;;                  2    0[COMRAM] int 
   916 ;; Registers used:
   917 ;;		wreg, status,2, status,0
   918 ;; Tracked objects:
   919 ;;		On entry : 0/0
   920 ;;		On exit  : 0/0
   921 ;;		Unchanged: 0/0
   922 ;; Data sizes:     COMRAM   BANK0   BANK1   BANK2   BANK3   BANK4   BANK5
   923 ;;      Params:         4       0       0       0       0       0       0
   924 ;;      Locals:         2       0       0       0       0       0       0
   925 ;;      Temps:          0       0       0       0       0       0       0
   926 ;;      Totals:         6       0       0       0       0       0       0
   927 ;;Total ram usage:        6 bytes
   928 ;; Hardware stack levels used: 1
   929 ;; This function calls:
   930 ;;		Nothing
   931 ;; This function is called by:
   932 ;;		_main
   933 ;; This function uses a non-reentrant model
   934 ;;
   935                           
   936                           	psect	text2
   937   0006EE                     __ptext2:
   938                           	callstack 0
   939   0006EE                     ___awmod:
   940                           	callstack 30
   941   0006EE  6A06               	clrf	___awmod@sign^0,c
   942   0006F0  BE02               	btfsc	(___awmod@dividend+1)^0,7,c
   943   0006F2  EF7F  F003         	goto	u160
   944   0006F6  EF7D  F003         	goto	u161
   945   0006FA                     u161:
   946   0006FA  EF85  F003         	goto	l922
   947   0006FE                     u160:
   948   0006FE  6C01               	negf	___awmod@dividend^0,c
   949   000700  1E02               	comf	(___awmod@dividend+1)^0,f,c
   950   000702  B0D8               	btfsc	status,0,c
   951   000704  2A02               	incf	(___awmod@dividend+1)^0,f,c
   952   000706  0E01               	movlw	1
   953   000708  6E06               	movwf	___awmod@sign^0,c
   954   00070A                     l922:
   955   00070A  BE04               	btfsc	(___awmod@divisor+1)^0,7,c
   956   00070C  EF8C  F003         	goto	u170
   957   000710  EF8A  F003         	goto	u171
   958   000714                     u171:
   959   000714  EF90  F003         	goto	l926
   960   000718                     u170:
   961   000718  6C03               	negf	___awmod@divisor^0,c
   962   00071A  1E04               	comf	(___awmod@divisor+1)^0,f,c
   963   00071C  B0D8               	btfsc	status,0,c
   964   00071E  2A04               	incf	(___awmod@divisor+1)^0,f,c
   965   000720                     l926:
   966   000720  5003               	movf	___awmod@divisor^0,w,c
   967   000722  1004               	iorwf	(___awmod@divisor+1)^0,w,c
   968   000724  B4D8               	btfsc	status,2,c
   969   000726  EF97  F003         	goto	u181
   970   00072A  EF99  F003         	goto	u180
   971   00072E                     u181:
   972   00072E  EFBD  F003         	goto	l942
   973   000732                     u180:
   974   000732  0E01               	movlw	1
   975   000734  6E05               	movwf	___awmod@counter^0,c
   976   000736  EFA1  F003         	goto	l932
   977   00073A                     l930:
   978   00073A  90D8               	bcf	status,0,c
   979   00073C  3603               	rlcf	___awmod@divisor^0,f,c
   980   00073E  3604               	rlcf	(___awmod@divisor+1)^0,f,c
   981   000740  2A05               	incf	___awmod@counter^0,f,c
   982   000742                     l932:
   983   000742  AE04               	btfss	(___awmod@divisor+1)^0,7,c
   984   000744  EFA6  F003         	goto	u191
   985   000748  EFA8  F003         	goto	u190
   986   00074C                     u191:
   987   00074C  EF9D  F003         	goto	l930
   988   000750                     u190:
   989   000750                     l934:
   990   000750  5003               	movf	___awmod@divisor^0,w,c
   991   000752  5C01               	subwf	___awmod@dividend^0,w,c
   992   000754  5004               	movf	(___awmod@divisor+1)^0,w,c
   993   000756  5802               	subwfb	(___awmod@dividend+1)^0,w,c
   994   000758  A0D8               	btfss	status,0,c
   995   00075A  EFB1  F003         	goto	u201
   996   00075E  EFB3  F003         	goto	u200
   997   000762                     u201:
   998   000762  EFB7  F003         	goto	l938
   999   000766                     u200:
  1000   000766  5003               	movf	___awmod@divisor^0,w,c
  1001   000768  5E01               	subwf	___awmod@dividend^0,f,c
  1002   00076A  5004               	movf	(___awmod@divisor+1)^0,w,c
  1003   00076C  5A02               	subwfb	(___awmod@dividend+1)^0,f,c
  1004   00076E                     l938:
  1005   00076E  90D8               	bcf	status,0,c
  1006   000770  3204               	rrcf	(___awmod@divisor+1)^0,f,c
  1007   000772  3203               	rrcf	___awmod@divisor^0,f,c
  1008   000774  2E05               	decfsz	___awmod@counter^0,f,c
  1009   000776  EFA8  F003         	goto	l934
  1010   00077A                     l942:
  1011   00077A  5006               	movf	___awmod@sign^0,w,c
  1012   00077C  B4D8               	btfsc	status,2,c
  1013   00077E  EFC3  F003         	goto	u211
  1014   000782  EFC5  F003         	goto	u210
  1015   000786                     u211:
  1016   000786  EFC9  F003         	goto	l946
  1017   00078A                     u210:
  1018   00078A  6C01               	negf	___awmod@dividend^0,c
  1019   00078C  1E02               	comf	(___awmod@dividend+1)^0,f,c
  1020   00078E  B0D8               	btfsc	status,0,c
  1021   000790  2A02               	incf	(___awmod@dividend+1)^0,f,c
  1022   000792                     l946:
  1023   000792  C001  F001         	movff	___awmod@dividend,?___awmod
  1024   000796  C002  F002         	movff	___awmod@dividend+1,?___awmod+1
  1025   00079A  0012               	return		;funcret
  1026   00079C                     __end_of___awmod:
  1027                           	callstack 0
  1028                           
  1029                           	psect	smallconst
  1030   000600                     __psmallconst:
  1031                           	callstack 0
  1032   000600  00                 	db	0
  1033   000601  00                 	db	0	; dummy byte at the end
  1034   000600                     __smallconst    set	__psmallconst
  1035   000600                     __mediumconst   set	__psmallconst
  1036   000000                     __activetblptr  equ	0
  1037                           
  1038                           	psect	rparam
  1039   000001                     ___rparam_used  equ	1
  1040   000000                     ___param_bank   equ	0
  1041   000000                     __Lparam        equ	__Lrparam
  1042   000000                     __Hparam        equ	__Hrparam
  1043                           tosu	equ	0xFFF
  1044                           tosh	equ	0xFFE
  1045                           tosl	equ	0xFFD
  1046                           stkptr	equ	0xFFC
  1047                           pclatu	equ	0xFFB
  1048                           pclath	equ	0xFFA
  1049                           pcl	equ	0xFF9
  1050                           tblptru	equ	0xFF8
  1051                           tblptrh	equ	0xFF7
  1052                           tblptrl	equ	0xFF6
  1053                           tablat	equ	0xFF5
  1054                           prodh	equ	0xFF4
  1055                           prodl	equ	0xFF3
  1056                           indf0	equ	0xFEF
  1057                           postinc0	equ	0xFEE
  1058                           postdec0	equ	0xFED
  1059                           preinc0	equ	0xFEC
  1060                           plusw0	equ	0xFEB
  1061                           fsr0h	equ	0xFEA
  1062                           fsr0l	equ	0xFE9
  1063                           wreg	equ	0xFE8
  1064                           indf1	equ	0xFE7
  1065                           postinc1	equ	0xFE6
  1066                           postdec1	equ	0xFE5
  1067                           preinc1	equ	0xFE4
  1068                           plusw1	equ	0xFE3
  1069                           fsr1h	equ	0xFE2
  1070                           fsr1l	equ	0xFE1
  1071                           bsr	equ	0xFE0
  1072                           indf2	equ	0xFDF
  1073                           postinc2	equ	0xFDE
  1074                           postdec2	equ	0xFDD
  1075                           preinc2	equ	0xFDC
  1076                           plusw2	equ	0xFDB
  1077                           fsr2h	equ	0xFDA
  1078                           fsr2l	equ	0xFD9
  1079                           status	equ	0xFD8

Data Sizes:
    Strings     0
    Constant    0
    Data        12
    BSS         0
    Persistent  0
    Stack       0

Auto Spaces:
    Space          Size  Autos    Used
    COMRAM           95     27      39
    BANK0           160      0       0
    BANK1           256      0       0
    BANK2           256      0       0
    BANK3           256      0       0
    BANK4           256      0       0
    BANK5           256      0       0

Pointer List with Targets:

    display@ssd	PTR unsigned char  size(1) Largest target is 4
		 -> main@ssd(COMRAM[4]), 


Critical Paths under _main in COMRAM

    _main->_display

Critical Paths under _main in BANK0

    None.

Critical Paths under _main in BANK1

    None.

Critical Paths under _main in BANK2

    None.

Critical Paths under _main in BANK3

    None.

Critical Paths under _main in BANK4

    None.

Critical Paths under _main in BANK5

    None.

Call Graph Tables:

 ---------------------------------------------------------------------------------
 (Depth) Function   	        Calls       Base Space   Used Autos Params    Refs
 ---------------------------------------------------------------------------------
 (0) _main                                                20    20      0     764
                                              7 COMRAM    20    20      0
                            ___awmod
                            _display
 ---------------------------------------------------------------------------------
 (1) _display                                              7     6      1     136
                                              0 COMRAM     7     6      1
 ---------------------------------------------------------------------------------
 (1) ___awmod                                              6     2      4     302
                                              0 COMRAM     6     2      4
 ---------------------------------------------------------------------------------
 Estimated maximum stack depth 1
 ---------------------------------------------------------------------------------

 Call Graph Graphs:

 _main (ROOT)
   ___awmod
   _display

Address spaces:
Name               Size   Autos  Total    Usage
BIGRAM            1535      0       0      0.0%
BITBIGSFRl         640      0       0      0.0%
BITBANK5           256      0       0      0.0%
BANK5              256      0       0      0.0%
BITBANK4           256      0       0      0.0%
BANK4              256      0       0      0.0%
BITBANK3           256      0       0      0.0%
BANK3              256      0       0      0.0%
BITBANK2           256      0       0      0.0%
BANK2              256      0       0      0.0%
BITBANK1           256      0       0      0.0%
BANK1              256      0       0      0.0%
BITBANK0           160      0       0      0.0%
BANK0              160      0       0      0.0%
BITBIGSFRh         127      0       0      0.0%
BITCOMRAM           95      0       0      0.0%
COMRAM              95     27      39     41.1%
STACK                0      0       0      0.0%
DATA                 0      0      39      0.0%


Microchip Technology PIC18 Macro Assembler V4.00 build 20260614213421 
Symbol Table                                                                                   Mon Sep 28 00:33:35 2026

                     l16 0810                       l25 06E0                      l385 079A  
                    l910 07F0                      l902 07A2                      l920 0706  
                    l912 07F4                      l904 07AE                      l930 073A  
                    l922 070A                      l914 06EE                      l906 07CE  
                    l940 0774                      l932 0742                      l924 0718  
                    l916 06F0                      l908 07D6                      l934 0750  
                    l942 077A                      l926 0720                      l918 06FE  
                    l950 0602                      l944 078A                      l936 0766  
                    l928 0732                      l960 0630                      l952 0606  
                    l946 0792                      l938 076E                      l970 06AA  
                    l962 063C                      l954 0612                      l972 06C2  
                    l964 065E                      l956 0618                      l974 06C6  
                    l966 0680                      l958 061E                      l896 079C  
                    l976 06DA                      l968 06A2                      u200 0766  
                    u201 0762                      u210 078A                      u211 0786  
                    u140 07F0                      u141 07EC                      u221 0628  
                    u150 0810                      u134 07C0                      u230 06C2  
                    u151 080C                      u135 07BC                      u231 06BE  
                    u160 06FE                      u240 06DA                      u161 06FA  
                    u241 06D6                      u170 0718                      u171 0714  
                    u180 0732                      u181 072E                      u190 0750  
                    u191 074C             ___awmod@sign 0006                      wreg 0FE8  
                   _main 0602                     fsr2h 0FDA                     indf2 0FDF  
                   fsr1l 0FE1                     fsr2l 0FD9                     start 7FFC  
           ___param_bank 0000                    ?_main 0001          __end_of___awmod 079C  
                  _PORTA 0F80                    _PORTD 0F83                    _TRISA 0F92  
                  _TRISD 0F95             display@delay 0004          __end_of_display 0812  
                  main@i 001A                    tablat 0FF5                    plusw1 0FE3  
                  plusw2 0FDB                    status 0FD8          __initialization 0812  
           __end_of_main 06EE                   ??_main 0008            __activetblptr 0000  
              ??___awmod 0005          ___awmod@divisor 0003                   isa$std 0001  
        ___awmod@counter 0005                ??_display 0002             __pdataCOMRAM 001C  
           __mediumconst 0600                   tblptrh 0FF7                   tblptrl 0FF6  
                 tblptru 0FF8               __accesstop 0060  __end_of__initialization 0832  
          ___rparam_used 0001           __pcstackCOMRAM 0001                  __Hparam 0000  
                __Lparam 0000                  ___awmod 06EE             __psmallconst 0600  
                __pcinit 0812                  __ramtop 0600                  __ptext0 0602  
                __ptext1 079C                  __ptext2 06EE                  _display 079C  
       ___awmod@dividend 0001                  main@ssd 0014     end_of_initialization 0832  
                postdec1 0FE5                  postinc0 0FEE               main@F10611 001C  
             display@ssd 0001            __pidataCOMRAM 0838      start_initialization 0812  
               ?___awmod 0001                 ?_display 0001              __smallconst 0600  
              main@delay 0018                main@digit 0008                copy_data0 0826  
               __Hrparam 0000                 __Lrparam 0000                 isa$xinst 0000  
               display@i 0006  
