

Microchip MPLAB XC8 Assembler V4.00 build 20260614213421 
                                                                                               Tue Oct  6 11:05:13 2026

Microchip MPLAB XC8 C Compiler v4.00 build 20260614213421 Og1 
     1                           	processor	18F4580
     2                           	fnconf	rparam,??,?,0
     3                           	pagewidth 120
     4                           	psect	idataCOMRAM,global,class=CODE,space=0,delta=1,noexec
     5                           	psect	cinit,global,reloc=2,class=CODE,space=0,delta=1
     6                           	psect	dataCOMRAM,global,class=COMRAM,space=1,delta=1,lowdata,noexec
     7                           	psect	cstackCOMRAM,global,class=COMRAM,space=1,delta=1,lowdata,noexec
     8                           	psect	text0,global,reloc=2,class=CODE,space=0,delta=1
     9                           	psect	text1,global,reloc=2,class=CODE,space=0,delta=1
    10                           	psect	text2,global,reloc=2,class=CODE,space=0,delta=1
    11                           	psect	smallconst,global,reloc=2,class=SMALLCONST,space=0,delta=1,noexec
    12                           	psect	intsave_regs,global,class=BIGRAM,space=1,delta=1,noexec
    13                           	psect	rparam,global,class=COMRAM,space=1,delta=1,noexec
    14   000000                     
    15                           ; Generated 02/09/2026 GMT
    16                           ; 
    17                           ; Copyright (c) 2026 Microchip Technology Inc. and its subsidiaries.
    18                           ; 
    19                           ; Licensed under the Apache License, Version 2.0 (the "License");
    20                           ; you may not use this file except in compliance with the License.
    21                           ; You may obtain a copy of the License at
    22                           ; 
    23                           ;   http://www.apache.org/licenses/LICENSE-2.0
    24                           ; 
    25                           ; Unless required by applicable law or agreed to in writing, software
    26                           ; distributed under the License is distributed on an "AS IS" BASIS,
    27                           ; WITHOUT WARRANTIES OR CONDITIONS OF ANY KIND, either express or implied.
    28                           ; See the License for the specific language governing permissions and
    29                           ; limitations under the License.
    30                           ; 
    31                           ; 
    32                           ; Code-generator required, PIC18F4580 Definitions
    33                           ; 
    34                           ; SFR Addresses
    35   000FE0                     bsr             equ	4064
    36   000FE9                     fsr0            equ	4073
    37   000FEA                     fsr0h           equ	4074
    38   000FE9                     fsr0l           equ	4073
    39   000FE1                     fsr1            equ	4065
    40   000FE2                     fsr1h           equ	4066
    41   000FE1                     fsr1l           equ	4065
    42   000FD9                     fsr2            equ	4057
    43   000FDA                     fsr2h           equ	4058
    44   000FD9                     fsr2l           equ	4057
    45   000FEF                     indf0           equ	4079
    46   000FE7                     indf1           equ	4071
    47   000FDF                     indf2           equ	4063
    48   000FF2                     intcon          equ	4082
    49   000000                     nvmcon          equ	0
    50   000FF9                     pcl             equ	4089
    51   000FFA                     pclath          equ	4090
    52   000FFB                     pclatu          equ	4091
    53   000FEB                     plusw0          equ	4075
    54   000FE3                     plusw1          equ	4067
    55   000FDB                     plusw2          equ	4059
    56   000FED                     postdec0        equ	4077
    57   000FE5                     postdec1        equ	4069
    58   000FDD                     postdec2        equ	4061
    59   000FEE                     postinc0        equ	4078
    60   000FE6                     postinc1        equ	4070
    61   000FDE                     postinc2        equ	4062
    62   000FEC                     preinc0         equ	4076
    63   000FE4                     preinc1         equ	4068
    64   000FDC                     preinc2         equ	4060
    65   000FF3                     prod            equ	4083
    66   000FF4                     prodh           equ	4084
    67   000FF3                     prodl           equ	4083
    68   000FD8                     status          equ	4056
    69   000FF5                     tablat          equ	4085
    70   000FF6                     tblptr          equ	4086
    71   000FF7                     tblptrh         equ	4087
    72   000FF6                     tblptrl         equ	4086
    73   000FF8                     tblptru         equ	4088
    74   000FFD                     tosl            equ	4093
    75   000FE8                     wreg            equ	4072
    76   000D60                     RXF6SIDH        equ	3424	;# 
    77   000D61                     RXF6SIDL        equ	3425	;# 
    78   000D62                     RXF6EIDH        equ	3426	;# 
    79   000D63                     RXF6EIDL        equ	3427	;# 
    80   000D64                     RXF7SIDH        equ	3428	;# 
    81   000D65                     RXF7SIDL        equ	3429	;# 
    82   000D66                     RXF7EIDH        equ	3430	;# 
    83   000D67                     RXF7EIDL        equ	3431	;# 
    84   000D68                     RXF8SIDH        equ	3432	;# 
    85   000D69                     RXF8SIDL        equ	3433	;# 
    86   000D6A                     RXF8EIDH        equ	3434	;# 
    87   000D6B                     RXF8EIDL        equ	3435	;# 
    88   000D70                     RXF9SIDH        equ	3440	;# 
    89   000D71                     RXF9SIDL        equ	3441	;# 
    90   000D72                     RXF9EIDH        equ	3442	;# 
    91   000D73                     RXF9EIDL        equ	3443	;# 
    92   000D74                     RXF10SIDH       equ	3444	;# 
    93   000D75                     RXF10SIDL       equ	3445	;# 
    94   000D76                     RXF10EIDH       equ	3446	;# 
    95   000D77                     RXF10EIDL       equ	3447	;# 
    96   000D78                     RXF11SIDH       equ	3448	;# 
    97   000D79                     RXF11SIDL       equ	3449	;# 
    98   000D7A                     RXF11EIDH       equ	3450	;# 
    99   000D7B                     RXF11EIDL       equ	3451	;# 
   100   000D80                     RXF12SIDH       equ	3456	;# 
   101   000D81                     RXF12SIDL       equ	3457	;# 
   102   000D82                     RXF12EIDH       equ	3458	;# 
   103   000D83                     RXF12EIDL       equ	3459	;# 
   104   000D84                     RXF13SIDH       equ	3460	;# 
   105   000D85                     RXF13SIDL       equ	3461	;# 
   106   000D86                     RXF13EIDH       equ	3462	;# 
   107   000D87                     RXF13EIDL       equ	3463	;# 
   108   000D88                     RXF14SIDH       equ	3464	;# 
   109   000D89                     RXF14SIDL       equ	3465	;# 
   110   000D8A                     RXF14EIDH       equ	3466	;# 
   111   000D8B                     RXF14EIDL       equ	3467	;# 
   112   000D90                     RXF15SIDH       equ	3472	;# 
   113   000D91                     RXF15SIDL       equ	3473	;# 
   114   000D92                     RXF15EIDH       equ	3474	;# 
   115   000D93                     RXF15EIDL       equ	3475	;# 
   116   000DD4                     RXFCON0         equ	3540	;# 
   117   000DD5                     RXFCON1         equ	3541	;# 
   118   000DD8                     SDFLC           equ	3544	;# 
   119   000DE0                     RXFBCON0        equ	3552	;# 
   120   000DE1                     RXFBCON1        equ	3553	;# 
   121   000DE2                     RXFBCON2        equ	3554	;# 
   122   000DE3                     RXFBCON3        equ	3555	;# 
   123   000DE4                     RXFBCON4        equ	3556	;# 
   124   000DE5                     RXFBCON5        equ	3557	;# 
   125   000DE6                     RXFBCON6        equ	3558	;# 
   126   000DE7                     RXFBCON7        equ	3559	;# 
   127   000DF0                     MSEL0           equ	3568	;# 
   128   000DF1                     MSEL1           equ	3569	;# 
   129   000DF2                     MSEL2           equ	3570	;# 
   130   000DF3                     MSEL3           equ	3571	;# 
   131   000DF8                     BSEL0           equ	3576	;# 
   132   000DFA                     BIE0            equ	3578	;# 
   133   000DFC                     TXBIE           equ	3580	;# 
   134   000E20                     B0CON           equ	3616	;# 
   135   000E21                     B0SIDH          equ	3617	;# 
   136   000E22                     B0SIDL          equ	3618	;# 
   137   000E23                     B0EIDH          equ	3619	;# 
   138   000E24                     B0EIDL          equ	3620	;# 
   139   000E25                     B0DLC           equ	3621	;# 
   140   000E26                     B0D0            equ	3622	;# 
   141   000E27                     B0D1            equ	3623	;# 
   142   000E28                     B0D2            equ	3624	;# 
   143   000E29                     B0D3            equ	3625	;# 
   144   000E2A                     B0D4            equ	3626	;# 
   145   000E2B                     B0D5            equ	3627	;# 
   146   000E2C                     B0D6            equ	3628	;# 
   147   000E2D                     B0D7            equ	3629	;# 
   148   000E2E                     CANSTAT_RO9     equ	3630	;# 
   149   000E2F                     CANCON_RO9      equ	3631	;# 
   150   000E30                     B1CON           equ	3632	;# 
   151   000E31                     B1SIDH          equ	3633	;# 
   152   000E32                     B1SIDL          equ	3634	;# 
   153   000E33                     B1EIDH          equ	3635	;# 
   154   000E34                     B1EIDL          equ	3636	;# 
   155   000E35                     B1DLC           equ	3637	;# 
   156   000E36                     B1D0            equ	3638	;# 
   157   000E37                     B1D1            equ	3639	;# 
   158   000E38                     B1D2            equ	3640	;# 
   159   000E39                     B1D3            equ	3641	;# 
   160   000E3A                     B1D4            equ	3642	;# 
   161   000E3B                     B1D5            equ	3643	;# 
   162   000E3C                     B1D6            equ	3644	;# 
   163   000E3D                     B1D7            equ	3645	;# 
   164   000E3E                     CANSTAT_RO8     equ	3646	;# 
   165   000E3F                     CANCON_RO8      equ	3647	;# 
   166   000E40                     B2CON           equ	3648	;# 
   167   000E41                     B2SIDH          equ	3649	;# 
   168   000E42                     B2SIDL          equ	3650	;# 
   169   000E43                     B2EIDH          equ	3651	;# 
   170   000E44                     B2EIDL          equ	3652	;# 
   171   000E45                     B2DLC           equ	3653	;# 
   172   000E46                     B2D0            equ	3654	;# 
   173   000E47                     B2D1            equ	3655	;# 
   174   000E48                     B2D2            equ	3656	;# 
   175   000E49                     B2D3            equ	3657	;# 
   176   000E4A                     B2D4            equ	3658	;# 
   177   000E4B                     B2D5            equ	3659	;# 
   178   000E4C                     B2D6            equ	3660	;# 
   179   000E4D                     B2D7            equ	3661	;# 
   180   000E4E                     CANSTAT_RO7     equ	3662	;# 
   181   000E4F                     CANCON_RO7      equ	3663	;# 
   182   000E50                     B3CON           equ	3664	;# 
   183   000E51                     B3SIDH          equ	3665	;# 
   184   000E52                     B3SIDL          equ	3666	;# 
   185   000E53                     B3EIDH          equ	3667	;# 
   186   000E54                     B3EIDL          equ	3668	;# 
   187   000E55                     B3DLC           equ	3669	;# 
   188   000E56                     B3D0            equ	3670	;# 
   189   000E57                     B3D1            equ	3671	;# 
   190   000E58                     B3D2            equ	3672	;# 
   191   000E59                     B3D3            equ	3673	;# 
   192   000E5A                     B3D4            equ	3674	;# 
   193   000E5B                     B3D5            equ	3675	;# 
   194   000E5C                     B3D6            equ	3676	;# 
   195   000E5D                     B3D7            equ	3677	;# 
   196   000E5E                     CANSTAT_RO6     equ	3678	;# 
   197   000E5F                     CANCON_RO6      equ	3679	;# 
   198   000E60                     B4CON           equ	3680	;# 
   199   000E61                     B4SIDH          equ	3681	;# 
   200   000E62                     B4SIDL          equ	3682	;# 
   201   000E63                     B4EIDH          equ	3683	;# 
   202   000E64                     B4EIDL          equ	3684	;# 
   203   000E65                     B4DLC           equ	3685	;# 
   204   000E66                     B4D0            equ	3686	;# 
   205   000E67                     B4D1            equ	3687	;# 
   206   000E68                     B4D2            equ	3688	;# 
   207   000E69                     B4D3            equ	3689	;# 
   208   000E6A                     B4D4            equ	3690	;# 
   209   000E6B                     B4D5            equ	3691	;# 
   210   000E6C                     B4D6            equ	3692	;# 
   211   000E6D                     B4D7            equ	3693	;# 
   212   000E6E                     CANSTAT_RO5     equ	3694	;# 
   213   000E6F                     CANCON_RO5      equ	3695	;# 
   214   000E70                     B5CON           equ	3696	;# 
   215   000E71                     B5SIDH          equ	3697	;# 
   216   000E72                     B5SIDL          equ	3698	;# 
   217   000E73                     B5EIDH          equ	3699	;# 
   218   000E74                     B5EIDL          equ	3700	;# 
   219   000E75                     B5DLC           equ	3701	;# 
   220   000E76                     B5D0            equ	3702	;# 
   221   000E77                     B5D1            equ	3703	;# 
   222   000E78                     B5D2            equ	3704	;# 
   223   000E79                     B5D3            equ	3705	;# 
   224   000E7A                     B5D4            equ	3706	;# 
   225   000E7B                     B5D5            equ	3707	;# 
   226   000E7C                     B5D6            equ	3708	;# 
   227   000E7D                     B5D7            equ	3709	;# 
   228   000E7E                     CANSTAT_RO4     equ	3710	;# 
   229   000E7F                     CANCON_RO4      equ	3711	;# 
   230   000F00                     RXF0SIDH        equ	3840	;# 
   231   000F01                     RXF0SIDL        equ	3841	;# 
   232   000F02                     RXF0EIDH        equ	3842	;# 
   233   000F03                     RXF0EIDL        equ	3843	;# 
   234   000F04                     RXF1SIDH        equ	3844	;# 
   235   000F05                     RXF1SIDL        equ	3845	;# 
   236   000F06                     RXF1EIDH        equ	3846	;# 
   237   000F07                     RXF1EIDL        equ	3847	;# 
   238   000F08                     RXF2SIDH        equ	3848	;# 
   239   000F09                     RXF2SIDL        equ	3849	;# 
   240   000F0A                     RXF2EIDH        equ	3850	;# 
   241   000F0B                     RXF2EIDL        equ	3851	;# 
   242   000F0C                     RXF3SIDH        equ	3852	;# 
   243   000F0D                     RXF3SIDL        equ	3853	;# 
   244   000F0E                     RXF3EIDH        equ	3854	;# 
   245   000F0F                     RXF3EIDL        equ	3855	;# 
   246   000F10                     RXF4SIDH        equ	3856	;# 
   247   000F11                     RXF4SIDL        equ	3857	;# 
   248   000F12                     RXF4EIDH        equ	3858	;# 
   249   000F13                     RXF4EIDL        equ	3859	;# 
   250   000F14                     RXF5SIDH        equ	3860	;# 
   251   000F15                     RXF5SIDL        equ	3861	;# 
   252   000F16                     RXF5EIDH        equ	3862	;# 
   253   000F17                     RXF5EIDL        equ	3863	;# 
   254   000F18                     RXM0SIDH        equ	3864	;# 
   255   000F19                     RXM0SIDL        equ	3865	;# 
   256   000F1A                     RXM0EIDH        equ	3866	;# 
   257   000F1B                     RXM0EIDL        equ	3867	;# 
   258   000F1C                     RXM1SIDH        equ	3868	;# 
   259   000F1D                     RXM1SIDL        equ	3869	;# 
   260   000F1E                     RXM1EIDH        equ	3870	;# 
   261   000F1F                     RXM1EIDL        equ	3871	;# 
   262   000F20                     TXB2CON         equ	3872	;# 
   263   000F21                     TXB2SIDH        equ	3873	;# 
   264   000F22                     TXB2SIDL        equ	3874	;# 
   265   000F23                     TXB2EIDH        equ	3875	;# 
   266   000F24                     TXB2EIDL        equ	3876	;# 
   267   000F25                     TXB2DLC         equ	3877	;# 
   268   000F26                     TXB2D0          equ	3878	;# 
   269   000F27                     TXB2D1          equ	3879	;# 
   270   000F28                     TXB2D2          equ	3880	;# 
   271   000F29                     TXB2D3          equ	3881	;# 
   272   000F2A                     TXB2D4          equ	3882	;# 
   273   000F2B                     TXB2D5          equ	3883	;# 
   274   000F2C                     TXB2D6          equ	3884	;# 
   275   000F2D                     TXB2D7          equ	3885	;# 
   276   000F2E                     CANSTAT_RO3     equ	3886	;# 
   277   000F2F                     CANCON_RO3      equ	3887	;# 
   278   000F30                     TXB1CON         equ	3888	;# 
   279   000F31                     TXB1SIDH        equ	3889	;# 
   280   000F32                     TXB1SIDL        equ	3890	;# 
   281   000F33                     TXB1EIDH        equ	3891	;# 
   282   000F34                     TXB1EIDL        equ	3892	;# 
   283   000F35                     TXB1DLC         equ	3893	;# 
   284   000F36                     TXB1D0          equ	3894	;# 
   285   000F37                     TXB1D1          equ	3895	;# 
   286   000F38                     TXB1D2          equ	3896	;# 
   287   000F39                     TXB1D3          equ	3897	;# 
   288   000F3A                     TXB1D4          equ	3898	;# 
   289   000F3B                     TXB1D5          equ	3899	;# 
   290   000F3C                     TXB1D6          equ	3900	;# 
   291   000F3D                     TXB1D7          equ	3901	;# 
   292   000F3E                     CANSTAT_RO2     equ	3902	;# 
   293   000F3F                     CANCON_RO2      equ	3903	;# 
   294   000F40                     TXB0CON         equ	3904	;# 
   295   000F41                     TXB0SIDH        equ	3905	;# 
   296   000F42                     TXB0SIDL        equ	3906	;# 
   297   000F43                     TXB0EIDH        equ	3907	;# 
   298   000F44                     TXB0EIDL        equ	3908	;# 
   299   000F45                     TXB0DLC         equ	3909	;# 
   300   000F46                     TXB0D0          equ	3910	;# 
   301   000F47                     TXB0D1          equ	3911	;# 
   302   000F48                     TXB0D2          equ	3912	;# 
   303   000F49                     TXB0D3          equ	3913	;# 
   304   000F4A                     TXB0D4          equ	3914	;# 
   305   000F4B                     TXB0D5          equ	3915	;# 
   306   000F4C                     TXB0D6          equ	3916	;# 
   307   000F4D                     TXB0D7          equ	3917	;# 
   308   000F4E                     CANSTAT_RO1     equ	3918	;# 
   309   000F4F                     CANCON_RO1      equ	3919	;# 
   310   000F50                     RXB1CON         equ	3920	;# 
   311   000F51                     RXB1SIDH        equ	3921	;# 
   312   000F52                     RXB1SIDL        equ	3922	;# 
   313   000F53                     RXB1EIDH        equ	3923	;# 
   314   000F54                     RXB1EIDL        equ	3924	;# 
   315   000F55                     RXB1DLC         equ	3925	;# 
   316   000F56                     RXB1D0          equ	3926	;# 
   317   000F57                     RXB1D1          equ	3927	;# 
   318   000F58                     RXB1D2          equ	3928	;# 
   319   000F59                     RXB1D3          equ	3929	;# 
   320   000F5A                     RXB1D4          equ	3930	;# 
   321   000F5B                     RXB1D5          equ	3931	;# 
   322   000F5C                     RXB1D6          equ	3932	;# 
   323   000F5D                     RXB1D7          equ	3933	;# 
   324   000F5E                     CANSTAT_RO0     equ	3934	;# 
   325   000F5F                     CANCON_RO0      equ	3935	;# 
   326   000F60                     RXB0CON         equ	3936	;# 
   327   000F61                     RXB0SIDH        equ	3937	;# 
   328   000F62                     RXB0SIDL        equ	3938	;# 
   329   000F63                     RXB0EIDH        equ	3939	;# 
   330   000F64                     RXB0EIDL        equ	3940	;# 
   331   000F65                     RXB0DLC         equ	3941	;# 
   332   000F66                     RXB0D0          equ	3942	;# 
   333   000F67                     RXB0D1          equ	3943	;# 
   334   000F68                     RXB0D2          equ	3944	;# 
   335   000F69                     RXB0D3          equ	3945	;# 
   336   000F6A                     RXB0D4          equ	3946	;# 
   337   000F6B                     RXB0D5          equ	3947	;# 
   338   000F6C                     RXB0D6          equ	3948	;# 
   339   000F6D                     RXB0D7          equ	3949	;# 
   340   000F6E                     CANSTAT         equ	3950	;# 
   341   000F6F                     CANCON          equ	3951	;# 
   342   000F70                     BRGCON1         equ	3952	;# 
   343   000F71                     BRGCON2         equ	3953	;# 
   344   000F72                     BRGCON3         equ	3954	;# 
   345   000F73                     CIOCON          equ	3955	;# 
   346   000F74                     COMSTAT         equ	3956	;# 
   347   000F75                     RXERRCNT        equ	3957	;# 
   348   000F76                     TXERRCNT        equ	3958	;# 
   349   000F77                     ECANCON         equ	3959	;# 
   350   000F80                     PORTA           equ	3968	;# 
   351   000F81                     PORTB           equ	3969	;# 
   352   000F82                     PORTC           equ	3970	;# 
   353   000F83                     PORTD           equ	3971	;# 
   354   000F84                     PORTE           equ	3972	;# 
   355   000F89                     LATA            equ	3977	;# 
   356   000F8A                     LATB            equ	3978	;# 
   357   000F8B                     LATC            equ	3979	;# 
   358   000F8C                     LATD            equ	3980	;# 
   359   000F8D                     LATE            equ	3981	;# 
   360   000F92                     TRISA           equ	3986	;# 
   361   000F92                     DDRA            equ	3986	;# 
   362   000F93                     TRISB           equ	3987	;# 
   363   000F93                     DDRB            equ	3987	;# 
   364   000F94                     TRISC           equ	3988	;# 
   365   000F94                     DDRC            equ	3988	;# 
   366   000F95                     TRISD           equ	3989	;# 
   367   000F95                     DDRD            equ	3989	;# 
   368   000F96                     TRISE           equ	3990	;# 
   369   000F96                     DDRE            equ	3990	;# 
   370   000F9B                     OSCTUNE         equ	3995	;# 
   371   000F9D                     PIE1            equ	3997	;# 
   372   000F9E                     PIR1            equ	3998	;# 
   373   000F9F                     IPR1            equ	3999	;# 
   374   000FA0                     PIE2            equ	4000	;# 
   375   000FA1                     PIR2            equ	4001	;# 
   376   000FA2                     IPR2            equ	4002	;# 
   377   000FA3                     PIE3            equ	4003	;# 
   378   000FA4                     PIR3            equ	4004	;# 
   379   000FA5                     IPR3            equ	4005	;# 
   380   000FA6                     EECON1          equ	4006	;# 
   381   000FA7                     EECON2          equ	4007	;# 
   382   000FA8                     EEDATA          equ	4008	;# 
   383   000FA9                     EEADR           equ	4009	;# 
   384   000FAB                     RCSTA           equ	4011	;# 
   385   000FAB                     RCSTA1          equ	4011	;# 
   386   000FAC                     TXSTA           equ	4012	;# 
   387   000FAC                     TXSTA1          equ	4012	;# 
   388   000FAD                     TXREG           equ	4013	;# 
   389   000FAD                     TXREG1          equ	4013	;# 
   390   000FAE                     RCREG           equ	4014	;# 
   391   000FAE                     RCREG1          equ	4014	;# 
   392   000FAF                     SPBRG           equ	4015	;# 
   393   000FAF                     SPBRG1          equ	4015	;# 
   394   000FB0                     SPBRGH          equ	4016	;# 
   395   000FB1                     T3CON           equ	4017	;# 
   396   000FB2                     TMR3            equ	4018	;# 
   397   000FB2                     TMR3L           equ	4018	;# 
   398   000FB3                     TMR3H           equ	4019	;# 
   399   000FB4                     CMCON           equ	4020	;# 
   400   000FB5                     CVRCON          equ	4021	;# 
   401   000FB6                     ECCP1AS         equ	4022	;# 
   402   000FB7                     ECCP1DEL        equ	4023	;# 
   403   000FB8                     BAUDCON         equ	4024	;# 
   404   000FB8                     BAUDCTL         equ	4024	;# 
   405   000FBA                     ECCP1CON        equ	4026	;# 
   406   000FBB                     ECCPR1          equ	4027	;# 
   407   000FBB                     ECCPR1L         equ	4027	;# 
   408   000FBC                     ECCPR1H         equ	4028	;# 
   409   000FBD                     CCP1CON         equ	4029	;# 
   410   000FBE                     CCPR1           equ	4030	;# 
   411   000FBE                     CCPR1L          equ	4030	;# 
   412   000FBF                     CCPR1H          equ	4031	;# 
   413   000FC0                     ADCON2          equ	4032	;# 
   414   000FC1                     ADCON1          equ	4033	;# 
   415   000FC2                     ADCON0          equ	4034	;# 
   416   000FC3                     ADRES           equ	4035	;# 
   417   000FC3                     ADRESL          equ	4035	;# 
   418   000FC4                     ADRESH          equ	4036	;# 
   419   000FC5                     SSPCON2         equ	4037	;# 
   420   000FC6                     SSPCON1         equ	4038	;# 
   421   000FC7                     SSPSTAT         equ	4039	;# 
   422   000FC8                     SSPADD          equ	4040	;# 
   423   000FC9                     SSPBUF          equ	4041	;# 
   424   000FCA                     T2CON           equ	4042	;# 
   425   000FCB                     PR2             equ	4043	;# 
   426   000FCB                     MEMCON          equ	4043	;# 
   427   000FCC                     TMR2            equ	4044	;# 
   428   000FCD                     T1CON           equ	4045	;# 
   429   000FCE                     TMR1            equ	4046	;# 
   430   000FCE                     TMR1L           equ	4046	;# 
   431   000FCF                     TMR1H           equ	4047	;# 
   432   000FD0                     RCON            equ	4048	;# 
   433   000FD1                     WDTCON          equ	4049	;# 
   434   000FD2                     HLVDCON         equ	4050	;# 
   435   000FD2                     LVDCON          equ	4050	;# 
   436   000FD3                     OSCCON          equ	4051	;# 
   437   000FD5                     T0CON           equ	4053	;# 
   438   000FD6                     TMR0            equ	4054	;# 
   439   000FD6                     TMR0L           equ	4054	;# 
   440   000FD7                     TMR0H           equ	4055	;# 
   441   000FD8                     STATUS          equ	4056	;# 
   442   000FD9                     FSR2            equ	4057	;# 
   443   000FD9                     FSR2L           equ	4057	;# 
   444   000FDA                     FSR2H           equ	4058	;# 
   445   000FDB                     PLUSW2          equ	4059	;# 
   446   000FDC                     PREINC2         equ	4060	;# 
   447   000FDD                     POSTDEC2        equ	4061	;# 
   448   000FDE                     POSTINC2        equ	4062	;# 
   449   000FDF                     INDF2           equ	4063	;# 
   450   000FE0                     BSR             equ	4064	;# 
   451   000FE1                     FSR1            equ	4065	;# 
   452   000FE1                     FSR1L           equ	4065	;# 
   453   000FE2                     FSR1H           equ	4066	;# 
   454   000FE3                     PLUSW1          equ	4067	;# 
   455   000FE4                     PREINC1         equ	4068	;# 
   456   000FE5                     POSTDEC1        equ	4069	;# 
   457   000FE6                     POSTINC1        equ	4070	;# 
   458   000FE7                     INDF1           equ	4071	;# 
   459   000FE8                     WREG            equ	4072	;# 
   460   000FE9                     FSR0            equ	4073	;# 
   461   000FE9                     FSR0L           equ	4073	;# 
   462   000FEA                     FSR0H           equ	4074	;# 
   463   000FEB                     PLUSW0          equ	4075	;# 
   464   000FEC                     PREINC0         equ	4076	;# 
   465   000FED                     POSTDEC0        equ	4077	;# 
   466   000FEE                     POSTINC0        equ	4078	;# 
   467   000FEF                     INDF0           equ	4079	;# 
   468   000FF0                     INTCON3         equ	4080	;# 
   469   000FF1                     INTCON2         equ	4081	;# 
   470   000FF2                     INTCON          equ	4082	;# 
   471   000FF3                     PROD            equ	4083	;# 
   472   000FF3                     PRODL           equ	4083	;# 
   473   000FF4                     PRODH           equ	4084	;# 
   474   000FF5                     TABLAT          equ	4085	;# 
   475   000FF6                     TBLPTR          equ	4086	;# 
   476   000FF6                     TBLPTRL         equ	4086	;# 
   477   000FF7                     TBLPTRH         equ	4087	;# 
   478   000FF8                     TBLPTRU         equ	4088	;# 
   479   000FF9                     PCLAT           equ	4089	;# 
   480   000FF9                     PC              equ	4089	;# 
   481   000FF9                     PCL             equ	4089	;# 
   482   000FFA                     PCLATH          equ	4090	;# 
   483   000FFB                     PCLATU          equ	4091	;# 
   484   000FFC                     STKPTR          equ	4092	;# 
   485   000FFD                     TOS             equ	4093	;# 
   486   000FFD                     TOSL            equ	4093	;# 
   487   000FFE                     TOSH            equ	4094	;# 
   488   000FFF                     TOSU            equ	4095	;# 
   489   000D60                     RXF6SIDH        equ	3424	;# 
   490   000D61                     RXF6SIDL        equ	3425	;# 
   491   000D62                     RXF6EIDH        equ	3426	;# 
   492   000D63                     RXF6EIDL        equ	3427	;# 
   493   000D64                     RXF7SIDH        equ	3428	;# 
   494   000D65                     RXF7SIDL        equ	3429	;# 
   495   000D66                     RXF7EIDH        equ	3430	;# 
   496   000D67                     RXF7EIDL        equ	3431	;# 
   497   000D68                     RXF8SIDH        equ	3432	;# 
   498   000D69                     RXF8SIDL        equ	3433	;# 
   499   000D6A                     RXF8EIDH        equ	3434	;# 
   500   000D6B                     RXF8EIDL        equ	3435	;# 
   501   000D70                     RXF9SIDH        equ	3440	;# 
   502   000D71                     RXF9SIDL        equ	3441	;# 
   503   000D72                     RXF9EIDH        equ	3442	;# 
   504   000D73                     RXF9EIDL        equ	3443	;# 
   505   000D74                     RXF10SIDH       equ	3444	;# 
   506   000D75                     RXF10SIDL       equ	3445	;# 
   507   000D76                     RXF10EIDH       equ	3446	;# 
   508   000D77                     RXF10EIDL       equ	3447	;# 
   509   000D78                     RXF11SIDH       equ	3448	;# 
   510   000D79                     RXF11SIDL       equ	3449	;# 
   511   000D7A                     RXF11EIDH       equ	3450	;# 
   512   000D7B                     RXF11EIDL       equ	3451	;# 
   513   000D80                     RXF12SIDH       equ	3456	;# 
   514   000D81                     RXF12SIDL       equ	3457	;# 
   515   000D82                     RXF12EIDH       equ	3458	;# 
   516   000D83                     RXF12EIDL       equ	3459	;# 
   517   000D84                     RXF13SIDH       equ	3460	;# 
   518   000D85                     RXF13SIDL       equ	3461	;# 
   519   000D86                     RXF13EIDH       equ	3462	;# 
   520   000D87                     RXF13EIDL       equ	3463	;# 
   521   000D88                     RXF14SIDH       equ	3464	;# 
   522   000D89                     RXF14SIDL       equ	3465	;# 
   523   000D8A                     RXF14EIDH       equ	3466	;# 
   524   000D8B                     RXF14EIDL       equ	3467	;# 
   525   000D90                     RXF15SIDH       equ	3472	;# 
   526   000D91                     RXF15SIDL       equ	3473	;# 
   527   000D92                     RXF15EIDH       equ	3474	;# 
   528   000D93                     RXF15EIDL       equ	3475	;# 
   529   000DD4                     RXFCON0         equ	3540	;# 
   530   000DD5                     RXFCON1         equ	3541	;# 
   531   000DD8                     SDFLC           equ	3544	;# 
   532   000DE0                     RXFBCON0        equ	3552	;# 
   533   000DE1                     RXFBCON1        equ	3553	;# 
   534   000DE2                     RXFBCON2        equ	3554	;# 
   535   000DE3                     RXFBCON3        equ	3555	;# 
   536   000DE4                     RXFBCON4        equ	3556	;# 
   537   000DE5                     RXFBCON5        equ	3557	;# 
   538   000DE6                     RXFBCON6        equ	3558	;# 
   539   000DE7                     RXFBCON7        equ	3559	;# 
   540   000DF0                     MSEL0           equ	3568	;# 
   541   000DF1                     MSEL1           equ	3569	;# 
   542   000DF2                     MSEL2           equ	3570	;# 
   543   000DF3                     MSEL3           equ	3571	;# 
   544   000DF8                     BSEL0           equ	3576	;# 
   545   000DFA                     BIE0            equ	3578	;# 
   546   000DFC                     TXBIE           equ	3580	;# 
   547   000E20                     B0CON           equ	3616	;# 
   548   000E21                     B0SIDH          equ	3617	;# 
   549   000E22                     B0SIDL          equ	3618	;# 
   550   000E23                     B0EIDH          equ	3619	;# 
   551   000E24                     B0EIDL          equ	3620	;# 
   552   000E25                     B0DLC           equ	3621	;# 
   553   000E26                     B0D0            equ	3622	;# 
   554   000E27                     B0D1            equ	3623	;# 
   555   000E28                     B0D2            equ	3624	;# 
   556   000E29                     B0D3            equ	3625	;# 
   557   000E2A                     B0D4            equ	3626	;# 
   558   000E2B                     B0D5            equ	3627	;# 
   559   000E2C                     B0D6            equ	3628	;# 
   560   000E2D                     B0D7            equ	3629	;# 
   561   000E2E                     CANSTAT_RO9     equ	3630	;# 
   562   000E2F                     CANCON_RO9      equ	3631	;# 
   563   000E30                     B1CON           equ	3632	;# 
   564   000E31                     B1SIDH          equ	3633	;# 
   565   000E32                     B1SIDL          equ	3634	;# 
   566   000E33                     B1EIDH          equ	3635	;# 
   567   000E34                     B1EIDL          equ	3636	;# 
   568   000E35                     B1DLC           equ	3637	;# 
   569   000E36                     B1D0            equ	3638	;# 
   570   000E37                     B1D1            equ	3639	;# 
   571   000E38                     B1D2            equ	3640	;# 
   572   000E39                     B1D3            equ	3641	;# 
   573   000E3A                     B1D4            equ	3642	;# 
   574   000E3B                     B1D5            equ	3643	;# 
   575   000E3C                     B1D6            equ	3644	;# 
   576   000E3D                     B1D7            equ	3645	;# 
   577   000E3E                     CANSTAT_RO8     equ	3646	;# 
   578   000E3F                     CANCON_RO8      equ	3647	;# 
   579   000E40                     B2CON           equ	3648	;# 
   580   000E41                     B2SIDH          equ	3649	;# 
   581   000E42                     B2SIDL          equ	3650	;# 
   582   000E43                     B2EIDH          equ	3651	;# 
   583   000E44                     B2EIDL          equ	3652	;# 
   584   000E45                     B2DLC           equ	3653	;# 
   585   000E46                     B2D0            equ	3654	;# 
   586   000E47                     B2D1            equ	3655	;# 
   587   000E48                     B2D2            equ	3656	;# 
   588   000E49                     B2D3            equ	3657	;# 
   589   000E4A                     B2D4            equ	3658	;# 
   590   000E4B                     B2D5            equ	3659	;# 
   591   000E4C                     B2D6            equ	3660	;# 
   592   000E4D                     B2D7            equ	3661	;# 
   593   000E4E                     CANSTAT_RO7     equ	3662	;# 
   594   000E4F                     CANCON_RO7      equ	3663	;# 
   595   000E50                     B3CON           equ	3664	;# 
   596   000E51                     B3SIDH          equ	3665	;# 
   597   000E52                     B3SIDL          equ	3666	;# 
   598   000E53                     B3EIDH          equ	3667	;# 
   599   000E54                     B3EIDL          equ	3668	;# 
   600   000E55                     B3DLC           equ	3669	;# 
   601   000E56                     B3D0            equ	3670	;# 
   602   000E57                     B3D1            equ	3671	;# 
   603   000E58                     B3D2            equ	3672	;# 
   604   000E59                     B3D3            equ	3673	;# 
   605   000E5A                     B3D4            equ	3674	;# 
   606   000E5B                     B3D5            equ	3675	;# 
   607   000E5C                     B3D6            equ	3676	;# 
   608   000E5D                     B3D7            equ	3677	;# 
   609   000E5E                     CANSTAT_RO6     equ	3678	;# 
   610   000E5F                     CANCON_RO6      equ	3679	;# 
   611   000E60                     B4CON           equ	3680	;# 
   612   000E61                     B4SIDH          equ	3681	;# 
   613   000E62                     B4SIDL          equ	3682	;# 
   614   000E63                     B4EIDH          equ	3683	;# 
   615   000E64                     B4EIDL          equ	3684	;# 
   616   000E65                     B4DLC           equ	3685	;# 
   617   000E66                     B4D0            equ	3686	;# 
   618   000E67                     B4D1            equ	3687	;# 
   619   000E68                     B4D2            equ	3688	;# 
   620   000E69                     B4D3            equ	3689	;# 
   621   000E6A                     B4D4            equ	3690	;# 
   622   000E6B                     B4D5            equ	3691	;# 
   623   000E6C                     B4D6            equ	3692	;# 
   624   000E6D                     B4D7            equ	3693	;# 
   625   000E6E                     CANSTAT_RO5     equ	3694	;# 
   626   000E6F                     CANCON_RO5      equ	3695	;# 
   627   000E70                     B5CON           equ	3696	;# 
   628   000E71                     B5SIDH          equ	3697	;# 
   629   000E72                     B5SIDL          equ	3698	;# 
   630   000E73                     B5EIDH          equ	3699	;# 
   631   000E74                     B5EIDL          equ	3700	;# 
   632   000E75                     B5DLC           equ	3701	;# 
   633   000E76                     B5D0            equ	3702	;# 
   634   000E77                     B5D1            equ	3703	;# 
   635   000E78                     B5D2            equ	3704	;# 
   636   000E79                     B5D3            equ	3705	;# 
   637   000E7A                     B5D4            equ	3706	;# 
   638   000E7B                     B5D5            equ	3707	;# 
   639   000E7C                     B5D6            equ	3708	;# 
   640   000E7D                     B5D7            equ	3709	;# 
   641   000E7E                     CANSTAT_RO4     equ	3710	;# 
   642   000E7F                     CANCON_RO4      equ	3711	;# 
   643   000F00                     RXF0SIDH        equ	3840	;# 
   644   000F01                     RXF0SIDL        equ	3841	;# 
   645   000F02                     RXF0EIDH        equ	3842	;# 
   646   000F03                     RXF0EIDL        equ	3843	;# 
   647   000F04                     RXF1SIDH        equ	3844	;# 
   648   000F05                     RXF1SIDL        equ	3845	;# 
   649   000F06                     RXF1EIDH        equ	3846	;# 
   650   000F07                     RXF1EIDL        equ	3847	;# 
   651   000F08                     RXF2SIDH        equ	3848	;# 
   652   000F09                     RXF2SIDL        equ	3849	;# 
   653   000F0A                     RXF2EIDH        equ	3850	;# 
   654   000F0B                     RXF2EIDL        equ	3851	;# 
   655   000F0C                     RXF3SIDH        equ	3852	;# 
   656   000F0D                     RXF3SIDL        equ	3853	;# 
   657   000F0E                     RXF3EIDH        equ	3854	;# 
   658   000F0F                     RXF3EIDL        equ	3855	;# 
   659   000F10                     RXF4SIDH        equ	3856	;# 
   660   000F11                     RXF4SIDL        equ	3857	;# 
   661   000F12                     RXF4EIDH        equ	3858	;# 
   662   000F13                     RXF4EIDL        equ	3859	;# 
   663   000F14                     RXF5SIDH        equ	3860	;# 
   664   000F15                     RXF5SIDL        equ	3861	;# 
   665   000F16                     RXF5EIDH        equ	3862	;# 
   666   000F17                     RXF5EIDL        equ	3863	;# 
   667   000F18                     RXM0SIDH        equ	3864	;# 
   668   000F19                     RXM0SIDL        equ	3865	;# 
   669   000F1A                     RXM0EIDH        equ	3866	;# 
   670   000F1B                     RXM0EIDL        equ	3867	;# 
   671   000F1C                     RXM1SIDH        equ	3868	;# 
   672   000F1D                     RXM1SIDL        equ	3869	;# 
   673   000F1E                     RXM1EIDH        equ	3870	;# 
   674   000F1F                     RXM1EIDL        equ	3871	;# 
   675   000F20                     TXB2CON         equ	3872	;# 
   676   000F21                     TXB2SIDH        equ	3873	;# 
   677   000F22                     TXB2SIDL        equ	3874	;# 
   678   000F23                     TXB2EIDH        equ	3875	;# 
   679   000F24                     TXB2EIDL        equ	3876	;# 
   680   000F25                     TXB2DLC         equ	3877	;# 
   681   000F26                     TXB2D0          equ	3878	;# 
   682   000F27                     TXB2D1          equ	3879	;# 
   683   000F28                     TXB2D2          equ	3880	;# 
   684   000F29                     TXB2D3          equ	3881	;# 
   685   000F2A                     TXB2D4          equ	3882	;# 
   686   000F2B                     TXB2D5          equ	3883	;# 
   687   000F2C                     TXB2D6          equ	3884	;# 
   688   000F2D                     TXB2D7          equ	3885	;# 
   689   000F2E                     CANSTAT_RO3     equ	3886	;# 
   690   000F2F                     CANCON_RO3      equ	3887	;# 
   691   000F30                     TXB1CON         equ	3888	;# 
   692   000F31                     TXB1SIDH        equ	3889	;# 
   693   000F32                     TXB1SIDL        equ	3890	;# 
   694   000F33                     TXB1EIDH        equ	3891	;# 
   695   000F34                     TXB1EIDL        equ	3892	;# 
   696   000F35                     TXB1DLC         equ	3893	;# 
   697   000F36                     TXB1D0          equ	3894	;# 
   698   000F37                     TXB1D1          equ	3895	;# 
   699   000F38                     TXB1D2          equ	3896	;# 
   700   000F39                     TXB1D3          equ	3897	;# 
   701   000F3A                     TXB1D4          equ	3898	;# 
   702   000F3B                     TXB1D5          equ	3899	;# 
   703   000F3C                     TXB1D6          equ	3900	;# 
   704   000F3D                     TXB1D7          equ	3901	;# 
   705   000F3E                     CANSTAT_RO2     equ	3902	;# 
   706   000F3F                     CANCON_RO2      equ	3903	;# 
   707   000F40                     TXB0CON         equ	3904	;# 
   708   000F41                     TXB0SIDH        equ	3905	;# 
   709   000F42                     TXB0SIDL        equ	3906	;# 
   710   000F43                     TXB0EIDH        equ	3907	;# 
   711   000F44                     TXB0EIDL        equ	3908	;# 
   712   000F45                     TXB0DLC         equ	3909	;# 
   713   000F46                     TXB0D0          equ	3910	;# 
   714   000F47                     TXB0D1          equ	3911	;# 
   715   000F48                     TXB0D2          equ	3912	;# 
   716   000F49                     TXB0D3          equ	3913	;# 
   717   000F4A                     TXB0D4          equ	3914	;# 
   718   000F4B                     TXB0D5          equ	3915	;# 
   719   000F4C                     TXB0D6          equ	3916	;# 
   720   000F4D                     TXB0D7          equ	3917	;# 
   721   000F4E                     CANSTAT_RO1     equ	3918	;# 
   722   000F4F                     CANCON_RO1      equ	3919	;# 
   723   000F50                     RXB1CON         equ	3920	;# 
   724   000F51                     RXB1SIDH        equ	3921	;# 
   725   000F52                     RXB1SIDL        equ	3922	;# 
   726   000F53                     RXB1EIDH        equ	3923	;# 
   727   000F54                     RXB1EIDL        equ	3924	;# 
   728   000F55                     RXB1DLC         equ	3925	;# 
   729   000F56                     RXB1D0          equ	3926	;# 
   730   000F57                     RXB1D1          equ	3927	;# 
   731   000F58                     RXB1D2          equ	3928	;# 
   732   000F59                     RXB1D3          equ	3929	;# 
   733   000F5A                     RXB1D4          equ	3930	;# 
   734   000F5B                     RXB1D5          equ	3931	;# 
   735   000F5C                     RXB1D6          equ	3932	;# 
   736   000F5D                     RXB1D7          equ	3933	;# 
   737   000F5E                     CANSTAT_RO0     equ	3934	;# 
   738   000F5F                     CANCON_RO0      equ	3935	;# 
   739   000F60                     RXB0CON         equ	3936	;# 
   740   000F61                     RXB0SIDH        equ	3937	;# 
   741   000F62                     RXB0SIDL        equ	3938	;# 
   742   000F63                     RXB0EIDH        equ	3939	;# 
   743   000F64                     RXB0EIDL        equ	3940	;# 
   744   000F65                     RXB0DLC         equ	3941	;# 
   745   000F66                     RXB0D0          equ	3942	;# 
   746   000F67                     RXB0D1          equ	3943	;# 
   747   000F68                     RXB0D2          equ	3944	;# 
   748   000F69                     RXB0D3          equ	3945	;# 
   749   000F6A                     RXB0D4          equ	3946	;# 
   750   000F6B                     RXB0D5          equ	3947	;# 
   751   000F6C                     RXB0D6          equ	3948	;# 
   752   000F6D                     RXB0D7          equ	3949	;# 
   753   000F6E                     CANSTAT         equ	3950	;# 
   754   000F6F                     CANCON          equ	3951	;# 
   755   000F70                     BRGCON1         equ	3952	;# 
   756   000F71                     BRGCON2         equ	3953	;# 
   757   000F72                     BRGCON3         equ	3954	;# 
   758   000F73                     CIOCON          equ	3955	;# 
   759   000F74                     COMSTAT         equ	3956	;# 
   760   000F75                     RXERRCNT        equ	3957	;# 
   761   000F76                     TXERRCNT        equ	3958	;# 
   762   000F77                     ECANCON         equ	3959	;# 
   763   000F80                     PORTA           equ	3968	;# 
   764   000F81                     PORTB           equ	3969	;# 
   765   000F82                     PORTC           equ	3970	;# 
   766   000F83                     PORTD           equ	3971	;# 
   767   000F84                     PORTE           equ	3972	;# 
   768   000F89                     LATA            equ	3977	;# 
   769   000F8A                     LATB            equ	3978	;# 
   770   000F8B                     LATC            equ	3979	;# 
   771   000F8C                     LATD            equ	3980	;# 
   772   000F8D                     LATE            equ	3981	;# 
   773   000F92                     TRISA           equ	3986	;# 
   774   000F92                     DDRA            equ	3986	;# 
   775   000F93                     TRISB           equ	3987	;# 
   776   000F93                     DDRB            equ	3987	;# 
   777   000F94                     TRISC           equ	3988	;# 
   778   000F94                     DDRC            equ	3988	;# 
   779   000F95                     TRISD           equ	3989	;# 
   780   000F95                     DDRD            equ	3989	;# 
   781   000F96                     TRISE           equ	3990	;# 
   782   000F96                     DDRE            equ	3990	;# 
   783   000F9B                     OSCTUNE         equ	3995	;# 
   784   000F9D                     PIE1            equ	3997	;# 
   785   000F9E                     PIR1            equ	3998	;# 
   786   000F9F                     IPR1            equ	3999	;# 
   787   000FA0                     PIE2            equ	4000	;# 
   788   000FA1                     PIR2            equ	4001	;# 
   789   000FA2                     IPR2            equ	4002	;# 
   790   000FA3                     PIE3            equ	4003	;# 
   791   000FA4                     PIR3            equ	4004	;# 
   792   000FA5                     IPR3            equ	4005	;# 
   793   000FA6                     EECON1          equ	4006	;# 
   794   000FA7                     EECON2          equ	4007	;# 
   795   000FA8                     EEDATA          equ	4008	;# 
   796   000FA9                     EEADR           equ	4009	;# 
   797   000FAB                     RCSTA           equ	4011	;# 
   798   000FAB                     RCSTA1          equ	4011	;# 
   799   000FAC                     TXSTA           equ	4012	;# 
   800   000FAC                     TXSTA1          equ	4012	;# 
   801   000FAD                     TXREG           equ	4013	;# 
   802   000FAD                     TXREG1          equ	4013	;# 
   803   000FAE                     RCREG           equ	4014	;# 
   804   000FAE                     RCREG1          equ	4014	;# 
   805   000FAF                     SPBRG           equ	4015	;# 
   806   000FAF                     SPBRG1          equ	4015	;# 
   807   000FB0                     SPBRGH          equ	4016	;# 
   808   000FB1                     T3CON           equ	4017	;# 
   809   000FB2                     TMR3            equ	4018	;# 
   810   000FB2                     TMR3L           equ	4018	;# 
   811   000FB3                     TMR3H           equ	4019	;# 
   812   000FB4                     CMCON           equ	4020	;# 
   813   000FB5                     CVRCON          equ	4021	;# 
   814   000FB6                     ECCP1AS         equ	4022	;# 
   815   000FB7                     ECCP1DEL        equ	4023	;# 
   816   000FB8                     BAUDCON         equ	4024	;# 
   817   000FB8                     BAUDCTL         equ	4024	;# 
   818   000FBA                     ECCP1CON        equ	4026	;# 
   819   000FBB                     ECCPR1          equ	4027	;# 
   820   000FBB                     ECCPR1L         equ	4027	;# 
   821   000FBC                     ECCPR1H         equ	4028	;# 
   822   000FBD                     CCP1CON         equ	4029	;# 
   823   000FBE                     CCPR1           equ	4030	;# 
   824   000FBE                     CCPR1L          equ	4030	;# 
   825   000FBF                     CCPR1H          equ	4031	;# 
   826   000FC0                     ADCON2          equ	4032	;# 
   827   000FC1                     ADCON1          equ	4033	;# 
   828   000FC2                     ADCON0          equ	4034	;# 
   829   000FC3                     ADRES           equ	4035	;# 
   830   000FC3                     ADRESL          equ	4035	;# 
   831   000FC4                     ADRESH          equ	4036	;# 
   832   000FC5                     SSPCON2         equ	4037	;# 
   833   000FC6                     SSPCON1         equ	4038	;# 
   834   000FC7                     SSPSTAT         equ	4039	;# 
   835   000FC8                     SSPADD          equ	4040	;# 
   836   000FC9                     SSPBUF          equ	4041	;# 
   837   000FCA                     T2CON           equ	4042	;# 
   838   000FCB                     PR2             equ	4043	;# 
   839   000FCB                     MEMCON          equ	4043	;# 
   840   000FCC                     TMR2            equ	4044	;# 
   841   000FCD                     T1CON           equ	4045	;# 
   842   000FCE                     TMR1            equ	4046	;# 
   843   000FCE                     TMR1L           equ	4046	;# 
   844   000FCF                     TMR1H           equ	4047	;# 
   845   000FD0                     RCON            equ	4048	;# 
   846   000FD1                     WDTCON          equ	4049	;# 
   847   000FD2                     HLVDCON         equ	4050	;# 
   848   000FD2                     LVDCON          equ	4050	;# 
   849   000FD3                     OSCCON          equ	4051	;# 
   850   000FD5                     T0CON           equ	4053	;# 
   851   000FD6                     TMR0            equ	4054	;# 
   852   000FD6                     TMR0L           equ	4054	;# 
   853   000FD7                     TMR0H           equ	4055	;# 
   854   000FD8                     STATUS          equ	4056	;# 
   855   000FD9                     FSR2            equ	4057	;# 
   856   000FD9                     FSR2L           equ	4057	;# 
   857   000FDA                     FSR2H           equ	4058	;# 
   858   000FDB                     PLUSW2          equ	4059	;# 
   859   000FDC                     PREINC2         equ	4060	;# 
   860   000FDD                     POSTDEC2        equ	4061	;# 
   861   000FDE                     POSTINC2        equ	4062	;# 
   862   000FDF                     INDF2           equ	4063	;# 
   863   000FE0                     BSR             equ	4064	;# 
   864   000FE1                     FSR1            equ	4065	;# 
   865   000FE1                     FSR1L           equ	4065	;# 
   866   000FE2                     FSR1H           equ	4066	;# 
   867   000FE3                     PLUSW1          equ	4067	;# 
   868   000FE4                     PREINC1         equ	4068	;# 
   869   000FE5                     POSTDEC1        equ	4069	;# 
   870   000FE6                     POSTINC1        equ	4070	;# 
   871   000FE7                     INDF1           equ	4071	;# 
   872   000FE8                     WREG            equ	4072	;# 
   873   000FE9                     FSR0            equ	4073	;# 
   874   000FE9                     FSR0L           equ	4073	;# 
   875   000FEA                     FSR0H           equ	4074	;# 
   876   000FEB                     PLUSW0          equ	4075	;# 
   877   000FEC                     PREINC0         equ	4076	;# 
   878   000FED                     POSTDEC0        equ	4077	;# 
   879   000FEE                     POSTINC0        equ	4078	;# 
   880   000FEF                     INDF0           equ	4079	;# 
   881   000FF0                     INTCON3         equ	4080	;# 
   882   000FF1                     INTCON2         equ	4081	;# 
   883   000FF2                     INTCON          equ	4082	;# 
   884   000FF3                     PROD            equ	4083	;# 
   885   000FF3                     PRODL           equ	4083	;# 
   886   000FF4                     PRODH           equ	4084	;# 
   887   000FF5                     TABLAT          equ	4085	;# 
   888   000FF6                     TBLPTR          equ	4086	;# 
   889   000FF6                     TBLPTRL         equ	4086	;# 
   890   000FF7                     TBLPTRH         equ	4087	;# 
   891   000FF8                     TBLPTRU         equ	4088	;# 
   892   000FF9                     PCLAT           equ	4089	;# 
   893   000FF9                     PC              equ	4089	;# 
   894   000FF9                     PCL             equ	4089	;# 
   895   000FFA                     PCLATH          equ	4090	;# 
   896   000FFB                     PCLATU          equ	4091	;# 
   897   000FFC                     STKPTR          equ	4092	;# 
   898   000FFD                     TOS             equ	4093	;# 
   899   000FFD                     TOSL            equ	4093	;# 
   900   000FFE                     TOSH            equ	4094	;# 
   901   000FFF                     TOSU            equ	4095	;# 
   902                           
   903                           	psect	idataCOMRAM
   904   003000                     __pidataCOMRAM:
   905                           	callstack 0
   906                           
   907                           ;initializer for read_digital_keypad@once
   908   003000  01                 	db	1
   909   000F82                     _PORTC          set	3970
   910   000F94                     _TRISC          set	3988
   911   000F81                     _PORTB          set	3969
   912   000F93                     _TRISB          set	3987
   913                           
   914                           ; #config settings
   915                           
   916                           	psect	cinit
   917   0006E4                     __pcinit:
   918                           	callstack 0
   919   0006E4                     start_initialization:
   920                           	callstack 0
   921   0006E4                     __initialization:
   922                           	callstack 0
   923                           
   924                           ; Initialize objects allocated to COMRAM (1 bytes)
   925                           ; load TBLPTR registers with __pidataCOMRAM
   926   0006E4  0E00               	movlw	low __pidataCOMRAM
   927   0006E6  6EF6               	movwf	tblptrl,c
   928   0006E8  0E30               	movlw	high __pidataCOMRAM
   929   0006EA  6EF7               	movwf	tblptrh,c
   930   0006EC  0E00               	movlw	low (__pidataCOMRAM shr (0+16))
   931   0006EE  6EF8               	movwf	tblptru,c
   932   0006F0  0009               	tblrd		*+	;fetch initializer
   933   0006F2  CFF5 F007          	movff	tablat,__pdataCOMRAM
   934   0006F6                     end_of_initialization:
   935                           	callstack 0
   936   0006F6                     __end_of__initialization:
   937                           	callstack 0
   938   0006F6  0100               	movlb	0
   939   0006F8  EF01  F003         	goto	_main	;jump to C main() function
   940                           
   941                           	psect	dataCOMRAM
   942   000007                     __pdataCOMRAM:
   943                           	callstack 0
   944   000007                     read_digital_keypad@once:
   945                           	callstack 0
   946   000007                     	ds	1
   947                           
   948                           	psect	cstackCOMRAM
   949   000001                     __pcstackCOMRAM:
   950                           	callstack 0
   951   000001                     read_digital_keypad@trigger:
   952                           	callstack 0
   953   000001                     
   954                           ; 1 bytes @ 0x0
   955   000001                     	ds	1
   956   000002                     main@delay:
   957                           	callstack 0
   958   000002                     
   959                           ; 1 bytes @ 0x1
   960   000002                     	ds	2
   961   000004                     main@delay_42:
   962                           	callstack 0
   963                           
   964                           ; 2 bytes @ 0x3
   965   000004                     	ds	2
   966   000006                     main@key:
   967                           	callstack 0
   968                           
   969                           ; 1 bytes @ 0x5
   970   000006                     	ds	1
   971                           
   972 ;;
   973 ;;Main: autosize = 0, tempsize = 0, incstack = 0, save=0
   974 ;;
   975 ;; *************** function _main *****************
   976 ;; Defined at:
   977 ;;		line 12 in file "main.c"
   978 ;; Parameters:    Size  Location     Type
   979 ;;		None
   980 ;; Auto vars:     Size  Location     Type
   981 ;;  delay           2    3[COMRAM] unsigned int 
   982 ;;  delay           2    1[COMRAM] unsigned int 
   983 ;;  key             1    5[COMRAM] unsigned char 
   984 ;; Return value:  Size  Location     Type
   985 ;;                  1    wreg      void 
   986 ;; Registers used:
   987 ;;		wreg, status,2, status,0, cstack
   988 ;; Tracked objects:
   989 ;;		On entry : 0/0
   990 ;;		On exit  : 0/0
   991 ;;		Unchanged: 0/0
   992 ;; Data sizes:     COMRAM   BANK0   BANK1   BANK2   BANK3   BANK4   BANK5
   993 ;;      Params:         0       0       0       0       0       0       0
   994 ;;      Locals:         5       0       0       0       0       0       0
   995 ;;      Temps:          0       0       0       0       0       0       0
   996 ;;      Totals:         5       0       0       0       0       0       0
   997 ;;Total ram usage:        5 bytes
   998 ;; Hardware stack levels required when called: 1
   999 ;; This function calls:
  1000 ;;		_init_digital_keypad
  1001 ;;		_read_digital_keypad
  1002 ;; This function is called by:
  1003 ;;		Startup code after reset
  1004 ;; This function uses a non-reentrant model
  1005 ;;
  1006                           
  1007                           	psect	text0
  1008   000602                     __ptext0:
  1009                           	callstack 0
  1010   000602                     _main:
  1011                           	callstack 30
  1012   000602                     
  1013                           ;main.c: 13:     init_digital_keypad();
  1014   000602  EC7E  F003         	call	_init_digital_keypad	;wreg free
  1015   000606                     
  1016                           ;main.c: 15:     TRISB = 0X00;
  1017   000606  6A93               	clrf	147,c	;volatile
  1018   000608                     
  1019                           ;main.c: 16:     PORTB = 0X00;
  1020   000608  6A81               	clrf	129,c	;volatile
  1021   00060A                     l13:
  1022                           
  1023                           ;main.c: 18:         unsigned char key = read_digital_keypad(1);
  1024   00060A  0E01               	movlw	1
  1025   00060C  EC3A  F003         	call	_read_digital_keypad
  1026   000610  6E06               	movwf	main@key^0,c
  1027   000612                     
  1028                           ;main.c: 20:         if(key == 0X0E){
  1029   000612  0E0E               	movlw	14
  1030   000614  1806               	xorwf	main@key^0,w,c
  1031   000616  A4D8               	btfss	status,2,c
  1032   000618  EF10  F003         	goto	u61
  1033   00061C  EF12  F003         	goto	u60
  1034   000620                     u61:
  1035   000620  EF05  F003         	goto	l13
  1036   000624                     u60:
  1037   000624                     
  1038                           ;main.c: 21:             PORTB = 0XFF;
  1039   000624  6881               	setf	129,c	;volatile
  1040   000626                     
  1041                           ;main.c: 22:             for(unsigned int delay = 50000; delay--;);
  1042   000626  0EC3               	movlw	195
  1043   000628  6E03               	movwf	(main@delay+1)^0,c
  1044   00062A  0E50               	movlw	80
  1045   00062C  6E02               	movwf	main@delay^0,c
  1046   00062E                     l871:
  1047   00062E  0602               	decf	main@delay^0,f,c
  1048   000630  A0D8               	btfss	status,0,c
  1049   000632  0603               	decf	(main@delay+1)^0,f,c
  1050   000634  2802               	incf	main@delay^0,w,c
  1051   000636  E106               	bnz	u71
  1052   000638  2803               	incf	(main@delay+1)^0,w,c
  1053   00063A  A4D8               	btfss	status,2,c
  1054   00063C  EF22  F003         	goto	u71
  1055   000640  EF24  F003         	goto	u70
  1056   000644                     u71:
  1057   000644  EF17  F003         	goto	l871
  1058   000648                     u70:
  1059   000648                     
  1060                           ;main.c: 23:             PORTB = 0X00;
  1061   000648  6A81               	clrf	129,c	;volatile
  1062   00064A                     
  1063                           ;main.c: 24:             for(unsigned int delay = 50000; delay--;);
  1064   00064A  0EC3               	movlw	195
  1065   00064C  6E05               	movwf	(main@delay_42+1)^0,c
  1066   00064E  0E50               	movlw	80
  1067   000650  6E04               	movwf	main@delay_42^0,c
  1068   000652                     l875:
  1069   000652  0604               	decf	main@delay_42^0,f,c
  1070   000654  A0D8               	btfss	status,0,c
  1071   000656  0605               	decf	(main@delay_42+1)^0,f,c
  1072   000658  2804               	incf	main@delay_42^0,w,c
  1073   00065A  E106               	bnz	u81
  1074   00065C  2805               	incf	(main@delay_42+1)^0,w,c
  1075   00065E  A4D8               	btfss	status,2,c
  1076   000660  EF34  F003         	goto	u81
  1077   000664  EF36  F003         	goto	u80
  1078   000668                     u81:
  1079   000668  EF29  F003         	goto	l875
  1080   00066C                     u80:
  1081   00066C  EF05  F003         	goto	l13
  1082   000670  EFFE  F017         	goto	start
  1083   000674                     __end_of_main:
  1084                           	callstack 0
  1085                           
  1086 ;; *************** function _read_digital_keypad *****************
  1087 ;; Defined at:
  1088 ;;		line 16 in file "digital_keypad.c"
  1089 ;; Parameters:    Size  Location     Type
  1090 ;;  trigger         1    wreg     unsigned char 
  1091 ;; Auto vars:     Size  Location     Type
  1092 ;;  trigger         1    0[COMRAM] unsigned char 
  1093 ;; Return value:  Size  Location     Type
  1094 ;;                  1    wreg      unsigned char 
  1095 ;; Registers used:
  1096 ;;		wreg, status,2, status,0
  1097 ;; Tracked objects:
  1098 ;;		On entry : 0/0
  1099 ;;		On exit  : 0/0
  1100 ;;		Unchanged: 0/0
  1101 ;; Data sizes:     COMRAM   BANK0   BANK1   BANK2   BANK3   BANK4   BANK5
  1102 ;;      Params:         0       0       0       0       0       0       0
  1103 ;;      Locals:         1       0       0       0       0       0       0
  1104 ;;      Temps:          0       0       0       0       0       0       0
  1105 ;;      Totals:         1       0       0       0       0       0       0
  1106 ;;Total ram usage:        1 bytes
  1107 ;; Hardware stack levels used: 1
  1108 ;; This function calls:
  1109 ;;		Nothing
  1110 ;; This function is called by:
  1111 ;;		_main
  1112 ;; This function uses a non-reentrant model
  1113 ;;
  1114                           
  1115                           	psect	text1
  1116   000674                     __ptext1:
  1117                           	callstack 0
  1118   000674                     _read_digital_keypad:
  1119                           	callstack 30
  1120                           
  1121                           ;incstack = 0
  1122                           ;read_digital_keypad@trigger stored from wreg
  1123   000674  6E01               	movwf	read_digital_keypad@trigger^0,c
  1124   000676                     
  1125                           ;digital_keypad.c: 17:     static unsigned char once =1;;digital_keypad.c: 19:     if(tr
      +                          igger == 1){
  1126   000676  0401               	decf	read_digital_keypad@trigger^0,w,c
  1127   000678  A4D8               	btfss	status,2,c
  1128   00067A  EF41  F003         	goto	u11
  1129   00067E  EF43  F003         	goto	u10
  1130   000682                     u11:
  1131   000682  EF47  F003         	goto	l837
  1132   000686                     u10:
  1133   000686                     l831:
  1134                           
  1135                           ;digital_keypad.c: 20:         return PORTC & 0X0F;
  1136   000686  5082               	movf	130,w,c	;volatile
  1137   000688  0B0F               	andlw	15
  1138   00068A  EF71  F003         	goto	l36
  1139   00068E                     l837:
  1140   00068E  5001               	movf	read_digital_keypad@trigger^0,w,c
  1141   000690  A4D8               	btfss	status,2,c
  1142   000692  EF4D  F003         	goto	u21
  1143   000696  EF4F  F003         	goto	u20
  1144   00069A                     u21:
  1145   00069A  EF71  F003         	goto	l36
  1146   00069E                     u20:
  1147   00069E                     
  1148                           ;digital_keypad.c: 24:         if((PORTC & 0X0F)!= 0X0F && (once ==1)){
  1149   00069E  5082               	movf	130,w,c	;volatile
  1150   0006A0  0B0F               	andlw	15
  1151   0006A2  0A0F               	xorlw	15
  1152   0006A4  B4D8               	btfsc	status,2,c
  1153   0006A6  EF57  F003         	goto	u31
  1154   0006AA  EF59  F003         	goto	u30
  1155   0006AE                     u31:
  1156   0006AE  EF64  F003         	goto	l851
  1157   0006B2                     u30:
  1158   0006B2  0407               	decf	read_digital_keypad@once^0,w,c
  1159   0006B4  A4D8               	btfss	status,2,c
  1160   0006B6  EF5F  F003         	goto	u41
  1161   0006BA  EF61  F003         	goto	u40
  1162   0006BE                     u41:
  1163   0006BE  EF64  F003         	goto	l851
  1164   0006C2                     u40:
  1165   0006C2                     
  1166                           ;digital_keypad.c: 25:             once = 0;
  1167   0006C2  6A07               	clrf	read_digital_keypad@once^0,c
  1168   0006C4  EF43  F003         	goto	l831
  1169   0006C8                     l851:
  1170   0006C8  5082               	movf	130,w,c	;volatile
  1171   0006CA  0B0F               	andlw	15
  1172   0006CC  0A0F               	xorlw	15
  1173   0006CE  A4D8               	btfss	status,2,c
  1174   0006D0  EF6C  F003         	goto	u51
  1175   0006D4  EF6E  F003         	goto	u50
  1176   0006D8                     u51:
  1177   0006D8  EF70  F003         	goto	l855
  1178   0006DC                     u50:
  1179   0006DC                     
  1180                           ;digital_keypad.c: 29:             once = 1;
  1181   0006DC  0E01               	movlw	1
  1182   0006DE  6E07               	movwf	read_digital_keypad@once^0,c
  1183   0006E0                     l855:
  1184                           
  1185                           ;digital_keypad.c: 31:         return 0X0F;
  1186   0006E0  0E0F               	movlw	15
  1187   0006E2                     l36:
  1188   0006E2  0012               	return		;funcret
  1189   0006E4                     __end_of_read_digital_keypad:
  1190                           	callstack 0
  1191                           
  1192 ;; *************** function _init_digital_keypad *****************
  1193 ;; Defined at:
  1194 ;;		line 12 in file "digital_keypad.c"
  1195 ;; Parameters:    Size  Location     Type
  1196 ;;		None
  1197 ;; Auto vars:     Size  Location     Type
  1198 ;;		None
  1199 ;; Return value:  Size  Location     Type
  1200 ;;                  1    wreg      void 
  1201 ;; Registers used:
  1202 ;;		wreg, status,2, status,0
  1203 ;; Tracked objects:
  1204 ;;		On entry : 0/0
  1205 ;;		On exit  : 0/0
  1206 ;;		Unchanged: 0/0
  1207 ;; Data sizes:     COMRAM   BANK0   BANK1   BANK2   BANK3   BANK4   BANK5
  1208 ;;      Params:         0       0       0       0       0       0       0
  1209 ;;      Locals:         0       0       0       0       0       0       0
  1210 ;;      Temps:          0       0       0       0       0       0       0
  1211 ;;      Totals:         0       0       0       0       0       0       0
  1212 ;;Total ram usage:        0 bytes
  1213 ;; Hardware stack levels used: 1
  1214 ;; This function calls:
  1215 ;;		Nothing
  1216 ;; This function is called by:
  1217 ;;		_main
  1218 ;; This function uses a non-reentrant model
  1219 ;;
  1220                           
  1221                           	psect	text2
  1222   0006FC                     __ptext2:
  1223                           	callstack 0
  1224   0006FC                     _init_digital_keypad:
  1225                           	callstack 30
  1226   0006FC                     
  1227                           ;digital_keypad.c: 13:     TRISC = TRISC | 0X0F;
  1228   0006FC  5094               	movf	148,w,c	;volatile
  1229   0006FE  090F               	iorlw	15
  1230   000700  6E94               	movwf	148,c	;volatile
  1231   000702  0012               	return		;funcret
  1232   000704                     __end_of_init_digital_keypad:
  1233                           	callstack 0
  1234                           
  1235                           	psect	smallconst
  1236   000600                     __psmallconst:
  1237                           	callstack 0
  1238   000600  00                 	db	0
  1239   000601  00                 	db	0	; dummy byte at the end
  1240   000600                     __smallconst    set	__psmallconst
  1241   000600                     __mediumconst   set	__psmallconst
  1242   000000                     __activetblptr  equ	0
  1243                           
  1244                           	psect	rparam
  1245   000001                     ___rparam_used  equ	1
  1246   000000                     ___param_bank   equ	0
  1247   000000                     __Lparam        equ	__Lrparam
  1248   000000                     __Hparam        equ	__Hrparam
  1249                           tosu	equ	0xFFF
  1250                           tosh	equ	0xFFE
  1251                           tosl	equ	0xFFD
  1252                           stkptr	equ	0xFFC
  1253                           pclatu	equ	0xFFB
  1254                           pclath	equ	0xFFA
  1255                           pcl	equ	0xFF9
  1256                           tblptru	equ	0xFF8
  1257                           tblptrh	equ	0xFF7
  1258                           tblptrl	equ	0xFF6
  1259                           tablat	equ	0xFF5
  1260                           prodh	equ	0xFF4
  1261                           prodl	equ	0xFF3
  1262                           indf0	equ	0xFEF
  1263                           postinc0	equ	0xFEE
  1264                           postdec0	equ	0xFED
  1265                           preinc0	equ	0xFEC
  1266                           plusw0	equ	0xFEB
  1267                           fsr0h	equ	0xFEA
  1268                           fsr0l	equ	0xFE9
  1269                           wreg	equ	0xFE8
  1270                           indf1	equ	0xFE7
  1271                           postinc1	equ	0xFE6
  1272                           postdec1	equ	0xFE5
  1273                           preinc1	equ	0xFE4
  1274                           plusw1	equ	0xFE3
  1275                           fsr1h	equ	0xFE2
  1276                           fsr1l	equ	0xFE1
  1277                           bsr	equ	0xFE0
  1278                           indf2	equ	0xFDF
  1279                           postinc2	equ	0xFDE
  1280                           postdec2	equ	0xFDD
  1281                           preinc2	equ	0xFDC
  1282                           plusw2	equ	0xFDB
  1283                           fsr2h	equ	0xFDA
  1284                           fsr2l	equ	0xFD9
  1285                           status	equ	0xFD8

Data Sizes:
    Strings     0
    Constant    0
    Data        1
    BSS         0
    Persistent  0
    Stack       0

Auto Spaces:
    Space          Size  Autos    Used
    COMRAM           95      6       7
    BANK0           160      0       0
    BANK1           256      0       0
    BANK2           256      0       0
    BANK3           256      0       0
    BANK4           256      0       0
    BANK5           256      0       0

Pointer List with Targets:

    None.

Critical Paths under _main in COMRAM

    _main->_read_digital_keypad

Critical Paths under _main in BANK0

    None.

Critical Paths under _main in BANK1

    None.

Critical Paths under _main in BANK2

    None.

Critical Paths under _main in BANK3

    None.

Critical Paths under _main in BANK4

    None.

Critical Paths under _main in BANK5

    None.

Call Graph Tables:

 ---------------------------------------------------------------------------------
 (Depth) Function   	        Calls       Base Space   Used Autos Params    Refs
 ---------------------------------------------------------------------------------
 (0) _main                                                 5     5      0      75
                                              1 COMRAM     5     5      0
                _init_digital_keypad
                _read_digital_keypad
 ---------------------------------------------------------------------------------
 (1) _read_digital_keypad                                  1     1      0      30
                                              0 COMRAM     1     1      0
 ---------------------------------------------------------------------------------
 (1) _init_digital_keypad                                  0     0      0       0
 ---------------------------------------------------------------------------------
 Estimated maximum stack depth 1
 ---------------------------------------------------------------------------------

 Call Graph Graphs:

 _main (ROOT)
   _init_digital_keypad
   _read_digital_keypad

Address spaces:
Name               Size   Autos  Total    Usage
BIGRAM            1535      0       0      0.0%
BITBIGSFRl         641      0       0      0.0%
BITBANK5           256      0       0      0.0%
BANK5              256      0       0      0.0%
BITBANK4           256      0       0      0.0%
BANK4              256      0       0      0.0%
BITBANK3           256      0       0      0.0%
BANK3              256      0       0      0.0%
BITBANK2           256      0       0      0.0%
BANK2              256      0       0      0.0%
BITBANK1           256      0       0      0.0%
BANK1              256      0       0      0.0%
BITBANK0           160      0       0      0.0%
BANK0              160      0       0      0.0%
BITBIGSFRh         126      0       0      0.0%
BITCOMRAM           95      0       0      0.0%
COMRAM              95      6       7      7.4%
STACK                0      0       0      0.0%
DATA                 0      0       7      0.0%


Microchip Technology PIC18 Macro Assembler V4.00 build 20260614213421 
Symbol Table                                                                                   Tue Oct  6 11:05:13 2026

                         l13 060A                           l30 0702                           l17 0648  
                         l36 06E2                           u10 0686                           u11 0682  
                         u20 069E                           u21 069A                           u30 06B2  
                         u31 06AE                           u40 06C2                           u41 06BE  
                         u50 06DC                           u51 06D8                           u60 0624  
                         u61 0620                           u70 0648                           u71 0644  
                         u80 066C                           u81 0668                          l831 0686  
                        l841 06B2                          l827 06FC                          l843 06C2  
                        l851 06C8                          l853 06DC                          l837 068E  
                        l829 0676                          l861 0606                          l855 06E0  
                        l839 069E                          l871 062E                          l863 0608  
                        l873 064A                          l865 0612                          l875 0652  
                        l867 0624                          l859 0602                          l869 0626  
      ??_read_digital_keypad 0001                         _main 0602                         start 2FFC  
               ___param_bank 0000                 main@delay_42 0004                        ?_main 0001  
                      _PORTB 0F81                        _PORTC 0F82                        _TRISB 0F93  
                      _TRISC 0F94                        tablat 0FF5                        status 0FD8  
            __initialization 06E4                 __end_of_main 0674                       ??_main 0002  
              __activetblptr 0000  __end_of_init_digital_keypad 0704                       isa$std 0001  
               __pdataCOMRAM 0007                 __mediumconst 0600                       tblptrh 0FF7  
                     tblptrl 0FF6                       tblptru 0FF8                   __accesstop 0060  
    __end_of__initialization 06F6                ___rparam_used 0001               __pcstackCOMRAM 0001  
__end_of_read_digital_keypad 06E4                      __Hparam 0000                      __Lparam 0000  
               __psmallconst 0600                      __pcinit 06E4                      __ramtop 0600  
                    __ptext0 0602                      __ptext1 0674                      __ptext2 06FC  
                    main@key 0006         end_of_initialization 06F6                __pidataCOMRAM 3000  
        start_initialization 06E4   read_digital_keypad@trigger 0001                  __smallconst 0600  
                  main@delay 0002          _init_digital_keypad 06FC                     __Hrparam 0000  
                   __Lrparam 0000         ?_init_digital_keypad 0001      read_digital_keypad@once 0007  
                   isa$xinst 0000        ??_init_digital_keypad 0001          _read_digital_keypad 0674  
       ?_read_digital_keypad 0001  
