

Microchip MPLAB XC8 Assembler V4.00 build 20260614213421 
                                                                                               Sun Sep 27 23:55:05 2026

Microchip MPLAB XC8 C Compiler v4.00 build 20260614213421 Og1 
     1                           	processor	18F4580
     2                           	fnconf	rparam,??,?,0
     3                           	pagewidth 120
     4                           	psect	cinit,global,reloc=2,class=CODE,space=0,delta=1
     5                           	psect	cstackCOMRAM,global,class=COMRAM,space=1,delta=1,lowdata,noexec
     6                           	psect	text0,global,reloc=2,class=CODE,space=0,delta=1
     7                           	psect	smallconst,global,reloc=2,class=SMALLCONST,space=0,delta=1,noexec
     8                           	psect	intsave_regs,global,class=BIGRAM,space=1,delta=1,noexec
     9                           	psect	rparam,global,class=COMRAM,space=1,delta=1,noexec
    10   000000                     
    11                           ; Generated 02/09/2026 GMT
    12                           ; 
    13                           ; Copyright (c) 2026 Microchip Technology Inc. and its subsidiaries.
    14                           ; 
    15                           ; Licensed under the Apache License, Version 2.0 (the "License");
    16                           ; you may not use this file except in compliance with the License.
    17                           ; You may obtain a copy of the License at
    18                           ; 
    19                           ;   http://www.apache.org/licenses/LICENSE-2.0
    20                           ; 
    21                           ; Unless required by applicable law or agreed to in writing, software
    22                           ; distributed under the License is distributed on an "AS IS" BASIS,
    23                           ; WITHOUT WARRANTIES OR CONDITIONS OF ANY KIND, either express or implied.
    24                           ; See the License for the specific language governing permissions and
    25                           ; limitations under the License.
    26                           ; 
    27                           ; 
    28                           ; Code-generator required, PIC18F4580 Definitions
    29                           ; 
    30                           ; SFR Addresses
    31   000FE0                     bsr             equ	4064
    32   000FE9                     fsr0            equ	4073
    33   000FEA                     fsr0h           equ	4074
    34   000FE9                     fsr0l           equ	4073
    35   000FE1                     fsr1            equ	4065
    36   000FE2                     fsr1h           equ	4066
    37   000FE1                     fsr1l           equ	4065
    38   000FD9                     fsr2            equ	4057
    39   000FDA                     fsr2h           equ	4058
    40   000FD9                     fsr2l           equ	4057
    41   000FEF                     indf0           equ	4079
    42   000FE7                     indf1           equ	4071
    43   000FDF                     indf2           equ	4063
    44   000FF2                     intcon          equ	4082
    45   000000                     nvmcon          equ	0
    46   000FF9                     pcl             equ	4089
    47   000FFA                     pclath          equ	4090
    48   000FFB                     pclatu          equ	4091
    49   000FEB                     plusw0          equ	4075
    50   000FE3                     plusw1          equ	4067
    51   000FDB                     plusw2          equ	4059
    52   000FED                     postdec0        equ	4077
    53   000FE5                     postdec1        equ	4069
    54   000FDD                     postdec2        equ	4061
    55   000FEE                     postinc0        equ	4078
    56   000FE6                     postinc1        equ	4070
    57   000FDE                     postinc2        equ	4062
    58   000FEC                     preinc0         equ	4076
    59   000FE4                     preinc1         equ	4068
    60   000FDC                     preinc2         equ	4060
    61   000FF3                     prod            equ	4083
    62   000FF4                     prodh           equ	4084
    63   000FF3                     prodl           equ	4083
    64   000FD8                     status          equ	4056
    65   000FF5                     tablat          equ	4085
    66   000FF6                     tblptr          equ	4086
    67   000FF7                     tblptrh         equ	4087
    68   000FF6                     tblptrl         equ	4086
    69   000FF8                     tblptru         equ	4088
    70   000FFD                     tosl            equ	4093
    71   000FE8                     wreg            equ	4072
    72   000D60                     RXF6SIDH        equ	3424	;# 
    73   000D61                     RXF6SIDL        equ	3425	;# 
    74   000D62                     RXF6EIDH        equ	3426	;# 
    75   000D63                     RXF6EIDL        equ	3427	;# 
    76   000D64                     RXF7SIDH        equ	3428	;# 
    77   000D65                     RXF7SIDL        equ	3429	;# 
    78   000D66                     RXF7EIDH        equ	3430	;# 
    79   000D67                     RXF7EIDL        equ	3431	;# 
    80   000D68                     RXF8SIDH        equ	3432	;# 
    81   000D69                     RXF8SIDL        equ	3433	;# 
    82   000D6A                     RXF8EIDH        equ	3434	;# 
    83   000D6B                     RXF8EIDL        equ	3435	;# 
    84   000D70                     RXF9SIDH        equ	3440	;# 
    85   000D71                     RXF9SIDL        equ	3441	;# 
    86   000D72                     RXF9EIDH        equ	3442	;# 
    87   000D73                     RXF9EIDL        equ	3443	;# 
    88   000D74                     RXF10SIDH       equ	3444	;# 
    89   000D75                     RXF10SIDL       equ	3445	;# 
    90   000D76                     RXF10EIDH       equ	3446	;# 
    91   000D77                     RXF10EIDL       equ	3447	;# 
    92   000D78                     RXF11SIDH       equ	3448	;# 
    93   000D79                     RXF11SIDL       equ	3449	;# 
    94   000D7A                     RXF11EIDH       equ	3450	;# 
    95   000D7B                     RXF11EIDL       equ	3451	;# 
    96   000D80                     RXF12SIDH       equ	3456	;# 
    97   000D81                     RXF12SIDL       equ	3457	;# 
    98   000D82                     RXF12EIDH       equ	3458	;# 
    99   000D83                     RXF12EIDL       equ	3459	;# 
   100   000D84                     RXF13SIDH       equ	3460	;# 
   101   000D85                     RXF13SIDL       equ	3461	;# 
   102   000D86                     RXF13EIDH       equ	3462	;# 
   103   000D87                     RXF13EIDL       equ	3463	;# 
   104   000D88                     RXF14SIDH       equ	3464	;# 
   105   000D89                     RXF14SIDL       equ	3465	;# 
   106   000D8A                     RXF14EIDH       equ	3466	;# 
   107   000D8B                     RXF14EIDL       equ	3467	;# 
   108   000D90                     RXF15SIDH       equ	3472	;# 
   109   000D91                     RXF15SIDL       equ	3473	;# 
   110   000D92                     RXF15EIDH       equ	3474	;# 
   111   000D93                     RXF15EIDL       equ	3475	;# 
   112   000DD4                     RXFCON0         equ	3540	;# 
   113   000DD5                     RXFCON1         equ	3541	;# 
   114   000DD8                     SDFLC           equ	3544	;# 
   115   000DE0                     RXFBCON0        equ	3552	;# 
   116   000DE1                     RXFBCON1        equ	3553	;# 
   117   000DE2                     RXFBCON2        equ	3554	;# 
   118   000DE3                     RXFBCON3        equ	3555	;# 
   119   000DE4                     RXFBCON4        equ	3556	;# 
   120   000DE5                     RXFBCON5        equ	3557	;# 
   121   000DE6                     RXFBCON6        equ	3558	;# 
   122   000DE7                     RXFBCON7        equ	3559	;# 
   123   000DF0                     MSEL0           equ	3568	;# 
   124   000DF1                     MSEL1           equ	3569	;# 
   125   000DF2                     MSEL2           equ	3570	;# 
   126   000DF3                     MSEL3           equ	3571	;# 
   127   000DF8                     BSEL0           equ	3576	;# 
   128   000DFA                     BIE0            equ	3578	;# 
   129   000DFC                     TXBIE           equ	3580	;# 
   130   000E20                     B0CON           equ	3616	;# 
   131   000E21                     B0SIDH          equ	3617	;# 
   132   000E22                     B0SIDL          equ	3618	;# 
   133   000E23                     B0EIDH          equ	3619	;# 
   134   000E24                     B0EIDL          equ	3620	;# 
   135   000E25                     B0DLC           equ	3621	;# 
   136   000E26                     B0D0            equ	3622	;# 
   137   000E27                     B0D1            equ	3623	;# 
   138   000E28                     B0D2            equ	3624	;# 
   139   000E29                     B0D3            equ	3625	;# 
   140   000E2A                     B0D4            equ	3626	;# 
   141   000E2B                     B0D5            equ	3627	;# 
   142   000E2C                     B0D6            equ	3628	;# 
   143   000E2D                     B0D7            equ	3629	;# 
   144   000E2E                     CANSTAT_RO9     equ	3630	;# 
   145   000E2F                     CANCON_RO9      equ	3631	;# 
   146   000E30                     B1CON           equ	3632	;# 
   147   000E31                     B1SIDH          equ	3633	;# 
   148   000E32                     B1SIDL          equ	3634	;# 
   149   000E33                     B1EIDH          equ	3635	;# 
   150   000E34                     B1EIDL          equ	3636	;# 
   151   000E35                     B1DLC           equ	3637	;# 
   152   000E36                     B1D0            equ	3638	;# 
   153   000E37                     B1D1            equ	3639	;# 
   154   000E38                     B1D2            equ	3640	;# 
   155   000E39                     B1D3            equ	3641	;# 
   156   000E3A                     B1D4            equ	3642	;# 
   157   000E3B                     B1D5            equ	3643	;# 
   158   000E3C                     B1D6            equ	3644	;# 
   159   000E3D                     B1D7            equ	3645	;# 
   160   000E3E                     CANSTAT_RO8     equ	3646	;# 
   161   000E3F                     CANCON_RO8      equ	3647	;# 
   162   000E40                     B2CON           equ	3648	;# 
   163   000E41                     B2SIDH          equ	3649	;# 
   164   000E42                     B2SIDL          equ	3650	;# 
   165   000E43                     B2EIDH          equ	3651	;# 
   166   000E44                     B2EIDL          equ	3652	;# 
   167   000E45                     B2DLC           equ	3653	;# 
   168   000E46                     B2D0            equ	3654	;# 
   169   000E47                     B2D1            equ	3655	;# 
   170   000E48                     B2D2            equ	3656	;# 
   171   000E49                     B2D3            equ	3657	;# 
   172   000E4A                     B2D4            equ	3658	;# 
   173   000E4B                     B2D5            equ	3659	;# 
   174   000E4C                     B2D6            equ	3660	;# 
   175   000E4D                     B2D7            equ	3661	;# 
   176   000E4E                     CANSTAT_RO7     equ	3662	;# 
   177   000E4F                     CANCON_RO7      equ	3663	;# 
   178   000E50                     B3CON           equ	3664	;# 
   179   000E51                     B3SIDH          equ	3665	;# 
   180   000E52                     B3SIDL          equ	3666	;# 
   181   000E53                     B3EIDH          equ	3667	;# 
   182   000E54                     B3EIDL          equ	3668	;# 
   183   000E55                     B3DLC           equ	3669	;# 
   184   000E56                     B3D0            equ	3670	;# 
   185   000E57                     B3D1            equ	3671	;# 
   186   000E58                     B3D2            equ	3672	;# 
   187   000E59                     B3D3            equ	3673	;# 
   188   000E5A                     B3D4            equ	3674	;# 
   189   000E5B                     B3D5            equ	3675	;# 
   190   000E5C                     B3D6            equ	3676	;# 
   191   000E5D                     B3D7            equ	3677	;# 
   192   000E5E                     CANSTAT_RO6     equ	3678	;# 
   193   000E5F                     CANCON_RO6      equ	3679	;# 
   194   000E60                     B4CON           equ	3680	;# 
   195   000E61                     B4SIDH          equ	3681	;# 
   196   000E62                     B4SIDL          equ	3682	;# 
   197   000E63                     B4EIDH          equ	3683	;# 
   198   000E64                     B4EIDL          equ	3684	;# 
   199   000E65                     B4DLC           equ	3685	;# 
   200   000E66                     B4D0            equ	3686	;# 
   201   000E67                     B4D1            equ	3687	;# 
   202   000E68                     B4D2            equ	3688	;# 
   203   000E69                     B4D3            equ	3689	;# 
   204   000E6A                     B4D4            equ	3690	;# 
   205   000E6B                     B4D5            equ	3691	;# 
   206   000E6C                     B4D6            equ	3692	;# 
   207   000E6D                     B4D7            equ	3693	;# 
   208   000E6E                     CANSTAT_RO5     equ	3694	;# 
   209   000E6F                     CANCON_RO5      equ	3695	;# 
   210   000E70                     B5CON           equ	3696	;# 
   211   000E71                     B5SIDH          equ	3697	;# 
   212   000E72                     B5SIDL          equ	3698	;# 
   213   000E73                     B5EIDH          equ	3699	;# 
   214   000E74                     B5EIDL          equ	3700	;# 
   215   000E75                     B5DLC           equ	3701	;# 
   216   000E76                     B5D0            equ	3702	;# 
   217   000E77                     B5D1            equ	3703	;# 
   218   000E78                     B5D2            equ	3704	;# 
   219   000E79                     B5D3            equ	3705	;# 
   220   000E7A                     B5D4            equ	3706	;# 
   221   000E7B                     B5D5            equ	3707	;# 
   222   000E7C                     B5D6            equ	3708	;# 
   223   000E7D                     B5D7            equ	3709	;# 
   224   000E7E                     CANSTAT_RO4     equ	3710	;# 
   225   000E7F                     CANCON_RO4      equ	3711	;# 
   226   000F00                     RXF0SIDH        equ	3840	;# 
   227   000F01                     RXF0SIDL        equ	3841	;# 
   228   000F02                     RXF0EIDH        equ	3842	;# 
   229   000F03                     RXF0EIDL        equ	3843	;# 
   230   000F04                     RXF1SIDH        equ	3844	;# 
   231   000F05                     RXF1SIDL        equ	3845	;# 
   232   000F06                     RXF1EIDH        equ	3846	;# 
   233   000F07                     RXF1EIDL        equ	3847	;# 
   234   000F08                     RXF2SIDH        equ	3848	;# 
   235   000F09                     RXF2SIDL        equ	3849	;# 
   236   000F0A                     RXF2EIDH        equ	3850	;# 
   237   000F0B                     RXF2EIDL        equ	3851	;# 
   238   000F0C                     RXF3SIDH        equ	3852	;# 
   239   000F0D                     RXF3SIDL        equ	3853	;# 
   240   000F0E                     RXF3EIDH        equ	3854	;# 
   241   000F0F                     RXF3EIDL        equ	3855	;# 
   242   000F10                     RXF4SIDH        equ	3856	;# 
   243   000F11                     RXF4SIDL        equ	3857	;# 
   244   000F12                     RXF4EIDH        equ	3858	;# 
   245   000F13                     RXF4EIDL        equ	3859	;# 
   246   000F14                     RXF5SIDH        equ	3860	;# 
   247   000F15                     RXF5SIDL        equ	3861	;# 
   248   000F16                     RXF5EIDH        equ	3862	;# 
   249   000F17                     RXF5EIDL        equ	3863	;# 
   250   000F18                     RXM0SIDH        equ	3864	;# 
   251   000F19                     RXM0SIDL        equ	3865	;# 
   252   000F1A                     RXM0EIDH        equ	3866	;# 
   253   000F1B                     RXM0EIDL        equ	3867	;# 
   254   000F1C                     RXM1SIDH        equ	3868	;# 
   255   000F1D                     RXM1SIDL        equ	3869	;# 
   256   000F1E                     RXM1EIDH        equ	3870	;# 
   257   000F1F                     RXM1EIDL        equ	3871	;# 
   258   000F20                     TXB2CON         equ	3872	;# 
   259   000F21                     TXB2SIDH        equ	3873	;# 
   260   000F22                     TXB2SIDL        equ	3874	;# 
   261   000F23                     TXB2EIDH        equ	3875	;# 
   262   000F24                     TXB2EIDL        equ	3876	;# 
   263   000F25                     TXB2DLC         equ	3877	;# 
   264   000F26                     TXB2D0          equ	3878	;# 
   265   000F27                     TXB2D1          equ	3879	;# 
   266   000F28                     TXB2D2          equ	3880	;# 
   267   000F29                     TXB2D3          equ	3881	;# 
   268   000F2A                     TXB2D4          equ	3882	;# 
   269   000F2B                     TXB2D5          equ	3883	;# 
   270   000F2C                     TXB2D6          equ	3884	;# 
   271   000F2D                     TXB2D7          equ	3885	;# 
   272   000F2E                     CANSTAT_RO3     equ	3886	;# 
   273   000F2F                     CANCON_RO3      equ	3887	;# 
   274   000F30                     TXB1CON         equ	3888	;# 
   275   000F31                     TXB1SIDH        equ	3889	;# 
   276   000F32                     TXB1SIDL        equ	3890	;# 
   277   000F33                     TXB1EIDH        equ	3891	;# 
   278   000F34                     TXB1EIDL        equ	3892	;# 
   279   000F35                     TXB1DLC         equ	3893	;# 
   280   000F36                     TXB1D0          equ	3894	;# 
   281   000F37                     TXB1D1          equ	3895	;# 
   282   000F38                     TXB1D2          equ	3896	;# 
   283   000F39                     TXB1D3          equ	3897	;# 
   284   000F3A                     TXB1D4          equ	3898	;# 
   285   000F3B                     TXB1D5          equ	3899	;# 
   286   000F3C                     TXB1D6          equ	3900	;# 
   287   000F3D                     TXB1D7          equ	3901	;# 
   288   000F3E                     CANSTAT_RO2     equ	3902	;# 
   289   000F3F                     CANCON_RO2      equ	3903	;# 
   290   000F40                     TXB0CON         equ	3904	;# 
   291   000F41                     TXB0SIDH        equ	3905	;# 
   292   000F42                     TXB0SIDL        equ	3906	;# 
   293   000F43                     TXB0EIDH        equ	3907	;# 
   294   000F44                     TXB0EIDL        equ	3908	;# 
   295   000F45                     TXB0DLC         equ	3909	;# 
   296   000F46                     TXB0D0          equ	3910	;# 
   297   000F47                     TXB0D1          equ	3911	;# 
   298   000F48                     TXB0D2          equ	3912	;# 
   299   000F49                     TXB0D3          equ	3913	;# 
   300   000F4A                     TXB0D4          equ	3914	;# 
   301   000F4B                     TXB0D5          equ	3915	;# 
   302   000F4C                     TXB0D6          equ	3916	;# 
   303   000F4D                     TXB0D7          equ	3917	;# 
   304   000F4E                     CANSTAT_RO1     equ	3918	;# 
   305   000F4F                     CANCON_RO1      equ	3919	;# 
   306   000F50                     RXB1CON         equ	3920	;# 
   307   000F51                     RXB1SIDH        equ	3921	;# 
   308   000F52                     RXB1SIDL        equ	3922	;# 
   309   000F53                     RXB1EIDH        equ	3923	;# 
   310   000F54                     RXB1EIDL        equ	3924	;# 
   311   000F55                     RXB1DLC         equ	3925	;# 
   312   000F56                     RXB1D0          equ	3926	;# 
   313   000F57                     RXB1D1          equ	3927	;# 
   314   000F58                     RXB1D2          equ	3928	;# 
   315   000F59                     RXB1D3          equ	3929	;# 
   316   000F5A                     RXB1D4          equ	3930	;# 
   317   000F5B                     RXB1D5          equ	3931	;# 
   318   000F5C                     RXB1D6          equ	3932	;# 
   319   000F5D                     RXB1D7          equ	3933	;# 
   320   000F5E                     CANSTAT_RO0     equ	3934	;# 
   321   000F5F                     CANCON_RO0      equ	3935	;# 
   322   000F60                     RXB0CON         equ	3936	;# 
   323   000F61                     RXB0SIDH        equ	3937	;# 
   324   000F62                     RXB0SIDL        equ	3938	;# 
   325   000F63                     RXB0EIDH        equ	3939	;# 
   326   000F64                     RXB0EIDL        equ	3940	;# 
   327   000F65                     RXB0DLC         equ	3941	;# 
   328   000F66                     RXB0D0          equ	3942	;# 
   329   000F67                     RXB0D1          equ	3943	;# 
   330   000F68                     RXB0D2          equ	3944	;# 
   331   000F69                     RXB0D3          equ	3945	;# 
   332   000F6A                     RXB0D4          equ	3946	;# 
   333   000F6B                     RXB0D5          equ	3947	;# 
   334   000F6C                     RXB0D6          equ	3948	;# 
   335   000F6D                     RXB0D7          equ	3949	;# 
   336   000F6E                     CANSTAT         equ	3950	;# 
   337   000F6F                     CANCON          equ	3951	;# 
   338   000F70                     BRGCON1         equ	3952	;# 
   339   000F71                     BRGCON2         equ	3953	;# 
   340   000F72                     BRGCON3         equ	3954	;# 
   341   000F73                     CIOCON          equ	3955	;# 
   342   000F74                     COMSTAT         equ	3956	;# 
   343   000F75                     RXERRCNT        equ	3957	;# 
   344   000F76                     TXERRCNT        equ	3958	;# 
   345   000F77                     ECANCON         equ	3959	;# 
   346   000F80                     PORTA           equ	3968	;# 
   347   000F81                     PORTB           equ	3969	;# 
   348   000F82                     PORTC           equ	3970	;# 
   349   000F83                     PORTD           equ	3971	;# 
   350   000F84                     PORTE           equ	3972	;# 
   351   000F89                     LATA            equ	3977	;# 
   352   000F8A                     LATB            equ	3978	;# 
   353   000F8B                     LATC            equ	3979	;# 
   354   000F8C                     LATD            equ	3980	;# 
   355   000F8D                     LATE            equ	3981	;# 
   356   000F92                     TRISA           equ	3986	;# 
   357   000F92                     DDRA            equ	3986	;# 
   358   000F93                     TRISB           equ	3987	;# 
   359   000F93                     DDRB            equ	3987	;# 
   360   000F94                     TRISC           equ	3988	;# 
   361   000F94                     DDRC            equ	3988	;# 
   362   000F95                     TRISD           equ	3989	;# 
   363   000F95                     DDRD            equ	3989	;# 
   364   000F96                     TRISE           equ	3990	;# 
   365   000F96                     DDRE            equ	3990	;# 
   366   000F9B                     OSCTUNE         equ	3995	;# 
   367   000F9D                     PIE1            equ	3997	;# 
   368   000F9E                     PIR1            equ	3998	;# 
   369   000F9F                     IPR1            equ	3999	;# 
   370   000FA0                     PIE2            equ	4000	;# 
   371   000FA1                     PIR2            equ	4001	;# 
   372   000FA2                     IPR2            equ	4002	;# 
   373   000FA3                     PIE3            equ	4003	;# 
   374   000FA4                     PIR3            equ	4004	;# 
   375   000FA5                     IPR3            equ	4005	;# 
   376   000FA6                     EECON1          equ	4006	;# 
   377   000FA7                     EECON2          equ	4007	;# 
   378   000FA8                     EEDATA          equ	4008	;# 
   379   000FA9                     EEADR           equ	4009	;# 
   380   000FAB                     RCSTA           equ	4011	;# 
   381   000FAB                     RCSTA1          equ	4011	;# 
   382   000FAC                     TXSTA           equ	4012	;# 
   383   000FAC                     TXSTA1          equ	4012	;# 
   384   000FAD                     TXREG           equ	4013	;# 
   385   000FAD                     TXREG1          equ	4013	;# 
   386   000FAE                     RCREG           equ	4014	;# 
   387   000FAE                     RCREG1          equ	4014	;# 
   388   000FAF                     SPBRG           equ	4015	;# 
   389   000FAF                     SPBRG1          equ	4015	;# 
   390   000FB0                     SPBRGH          equ	4016	;# 
   391   000FB1                     T3CON           equ	4017	;# 
   392   000FB2                     TMR3            equ	4018	;# 
   393   000FB2                     TMR3L           equ	4018	;# 
   394   000FB3                     TMR3H           equ	4019	;# 
   395   000FB4                     CMCON           equ	4020	;# 
   396   000FB5                     CVRCON          equ	4021	;# 
   397   000FB6                     ECCP1AS         equ	4022	;# 
   398   000FB7                     ECCP1DEL        equ	4023	;# 
   399   000FB8                     BAUDCON         equ	4024	;# 
   400   000FB8                     BAUDCTL         equ	4024	;# 
   401   000FBA                     ECCP1CON        equ	4026	;# 
   402   000FBB                     ECCPR1          equ	4027	;# 
   403   000FBB                     ECCPR1L         equ	4027	;# 
   404   000FBC                     ECCPR1H         equ	4028	;# 
   405   000FBD                     CCP1CON         equ	4029	;# 
   406   000FBE                     CCPR1           equ	4030	;# 
   407   000FBE                     CCPR1L          equ	4030	;# 
   408   000FBF                     CCPR1H          equ	4031	;# 
   409   000FC0                     ADCON2          equ	4032	;# 
   410   000FC1                     ADCON1          equ	4033	;# 
   411   000FC2                     ADCON0          equ	4034	;# 
   412   000FC3                     ADRES           equ	4035	;# 
   413   000FC3                     ADRESL          equ	4035	;# 
   414   000FC4                     ADRESH          equ	4036	;# 
   415   000FC5                     SSPCON2         equ	4037	;# 
   416   000FC6                     SSPCON1         equ	4038	;# 
   417   000FC7                     SSPSTAT         equ	4039	;# 
   418   000FC8                     SSPADD          equ	4040	;# 
   419   000FC9                     SSPBUF          equ	4041	;# 
   420   000FCA                     T2CON           equ	4042	;# 
   421   000FCB                     PR2             equ	4043	;# 
   422   000FCB                     MEMCON          equ	4043	;# 
   423   000FCC                     TMR2            equ	4044	;# 
   424   000FCD                     T1CON           equ	4045	;# 
   425   000FCE                     TMR1            equ	4046	;# 
   426   000FCE                     TMR1L           equ	4046	;# 
   427   000FCF                     TMR1H           equ	4047	;# 
   428   000FD0                     RCON            equ	4048	;# 
   429   000FD1                     WDTCON          equ	4049	;# 
   430   000FD2                     HLVDCON         equ	4050	;# 
   431   000FD2                     LVDCON          equ	4050	;# 
   432   000FD3                     OSCCON          equ	4051	;# 
   433   000FD5                     T0CON           equ	4053	;# 
   434   000FD6                     TMR0            equ	4054	;# 
   435   000FD6                     TMR0L           equ	4054	;# 
   436   000FD7                     TMR0H           equ	4055	;# 
   437   000FD8                     STATUS          equ	4056	;# 
   438   000FD9                     FSR2            equ	4057	;# 
   439   000FD9                     FSR2L           equ	4057	;# 
   440   000FDA                     FSR2H           equ	4058	;# 
   441   000FDB                     PLUSW2          equ	4059	;# 
   442   000FDC                     PREINC2         equ	4060	;# 
   443   000FDD                     POSTDEC2        equ	4061	;# 
   444   000FDE                     POSTINC2        equ	4062	;# 
   445   000FDF                     INDF2           equ	4063	;# 
   446   000FE0                     BSR             equ	4064	;# 
   447   000FE1                     FSR1            equ	4065	;# 
   448   000FE1                     FSR1L           equ	4065	;# 
   449   000FE2                     FSR1H           equ	4066	;# 
   450   000FE3                     PLUSW1          equ	4067	;# 
   451   000FE4                     PREINC1         equ	4068	;# 
   452   000FE5                     POSTDEC1        equ	4069	;# 
   453   000FE6                     POSTINC1        equ	4070	;# 
   454   000FE7                     INDF1           equ	4071	;# 
   455   000FE8                     WREG            equ	4072	;# 
   456   000FE9                     FSR0            equ	4073	;# 
   457   000FE9                     FSR0L           equ	4073	;# 
   458   000FEA                     FSR0H           equ	4074	;# 
   459   000FEB                     PLUSW0          equ	4075	;# 
   460   000FEC                     PREINC0         equ	4076	;# 
   461   000FED                     POSTDEC0        equ	4077	;# 
   462   000FEE                     POSTINC0        equ	4078	;# 
   463   000FEF                     INDF0           equ	4079	;# 
   464   000FF0                     INTCON3         equ	4080	;# 
   465   000FF1                     INTCON2         equ	4081	;# 
   466   000FF2                     INTCON          equ	4082	;# 
   467   000FF3                     PROD            equ	4083	;# 
   468   000FF3                     PRODL           equ	4083	;# 
   469   000FF4                     PRODH           equ	4084	;# 
   470   000FF5                     TABLAT          equ	4085	;# 
   471   000FF6                     TBLPTR          equ	4086	;# 
   472   000FF6                     TBLPTRL         equ	4086	;# 
   473   000FF7                     TBLPTRH         equ	4087	;# 
   474   000FF8                     TBLPTRU         equ	4088	;# 
   475   000FF9                     PCLAT           equ	4089	;# 
   476   000FF9                     PC              equ	4089	;# 
   477   000FF9                     PCL             equ	4089	;# 
   478   000FFA                     PCLATH          equ	4090	;# 
   479   000FFB                     PCLATU          equ	4091	;# 
   480   000FFC                     STKPTR          equ	4092	;# 
   481   000FFD                     TOS             equ	4093	;# 
   482   000FFD                     TOSL            equ	4093	;# 
   483   000FFE                     TOSH            equ	4094	;# 
   484   000FFF                     TOSU            equ	4095	;# 
   485   000F94                     _TRISC          set	3988
   486   000F81                     _PORTB          set	3969
   487   000F93                     _TRISB          set	3987
   488   007C13                     _RC3            set	31763
   489   007C12                     _RC2            set	31762
   490   007C11                     _RC1            set	31761
   491   007C10                     _RC0            set	31760
   492                           
   493                           ; #config settings
   494                           
   495                           	psect	cinit
   496   000834                     __pcinit:
   497                           	callstack 0
   498   000834                     start_initialization:
   499                           	callstack 0
   500   000834                     __initialization:
   501                           	callstack 0
   502   000834                     end_of_initialization:
   503                           	callstack 0
   504   000834                     __end_of__initialization:
   505                           	callstack 0
   506   000834  0100               	movlb	0
   507   000836  EF01  F003         	goto	_main	;jump to C main() function
   508                           
   509                           	psect	cstackCOMRAM
   510   000001                     __pcstackCOMRAM:
   511                           	callstack 0
   512   000001                     ??_main:
   513                           
   514                           ; 1 bytes @ 0x0
   515   000001                     	ds	2
   516   000003                     main@delay:
   517                           	callstack 0
   518                           
   519                           ; 4 bytes @ 0x2
   520   000003                     	ds	4
   521   000007                     main@flag:
   522                           	callstack 0
   523                           
   524                           ; 2 bytes @ 0x6
   525   000007                     	ds	2
   526   000009                     main@i:
   527                           	callstack 0
   528                           
   529                           ; 2 bytes @ 0x8
   530   000009                     	ds	2
   531                           
   532 ;;
   533 ;;Main: autosize = 0, tempsize = 2, incstack = 0, save=0
   534 ;;
   535 ;; *************** function _main *****************
   536 ;; Defined at:
   537 ;;		line 15 in file "main.c"
   538 ;; Parameters:    Size  Location     Type
   539 ;;		None
   540 ;; Auto vars:     Size  Location     Type
   541 ;;  delay           4    2[COMRAM] unsigned long 
   542 ;;  i               2    8[COMRAM] int 
   543 ;;  flag            2    6[COMRAM] int 
   544 ;; Return value:  Size  Location     Type
   545 ;;                  1    wreg      void 
   546 ;; Registers used:
   547 ;;		wreg, status,2, status,0
   548 ;; Tracked objects:
   549 ;;		On entry : 0/0
   550 ;;		On exit  : 0/0
   551 ;;		Unchanged: 0/0
   552 ;; Data sizes:     COMRAM   BANK0   BANK1   BANK2   BANK3   BANK4   BANK5
   553 ;;      Params:         0       0       0       0       0       0       0
   554 ;;      Locals:         8       0       0       0       0       0       0
   555 ;;      Temps:          2       0       0       0       0       0       0
   556 ;;      Totals:        10       0       0       0       0       0       0
   557 ;;Total ram usage:       10 bytes
   558 ;; This function calls:
   559 ;;		Nothing
   560 ;; This function is called by:
   561 ;;		Startup code after reset
   562 ;; This function uses a non-reentrant model
   563 ;;
   564                           
   565                           	psect	text0
   566   000602                     __ptext0:
   567                           	callstack 0
   568   000602                     _main:
   569                           	callstack 31
   570   000602                     
   571                           ;main.c: 17:     TRISB=0X00;
   572   000602  6A93               	clrf	147,c	;volatile
   573                           
   574                           ;main.c: 18:     PORTB=0X00;
   575   000604  6A81               	clrf	129,c	;volatile
   576   000606                     
   577                           ;main.c: 21:     TRISC=TRISC | 0X0F;
   578   000606  5094               	movf	148,w,c	;volatile
   579   000608  090F               	iorlw	15
   580   00060A  6E94               	movwf	148,c	;volatile
   581   00060C                     
   582                           ;main.c: 23:     int flag=0;
   583   00060C  6A08               	clrf	(main@flag+1)^0,c
   584   00060E  0E00               	movlw	0
   585   000610  6E07               	movwf	main@flag^0,c
   586   000612                     
   587                           ;main.c: 24:     int i=0;
   588   000612  6A0A               	clrf	(main@i+1)^0,c
   589   000614  0E00               	movlw	0
   590   000616  6E09               	movwf	main@i^0,c
   591   000618                     l840:
   592                           
   593                           ;main.c: 25:     unsigned long int delay=0;
   594   000618  0E00               	movlw	0
   595   00061A  6E03               	movwf	main@delay^0,c
   596   00061C  0E00               	movlw	0
   597   00061E  6E04               	movwf	(main@delay+1)^0,c
   598   000620  0E00               	movlw	0
   599   000622  6E05               	movwf	(main@delay+2)^0,c
   600   000624  0E00               	movlw	0
   601   000626  6E06               	movwf	(main@delay+3)^0,c
   602   000628                     l842:
   603                           
   604                           ;main.c: 28:         if(delay++ == 50000){
   605   000628  0E01               	movlw	1
   606   00062A  2603               	addwf	main@delay^0,f,c
   607   00062C  0E00               	movlw	0
   608   00062E  2204               	addwfc	(main@delay+1)^0,f,c
   609   000630  2205               	addwfc	(main@delay+2)^0,f,c
   610   000632  2206               	addwfc	(main@delay+3)^0,f,c
   611   000634  0E51               	movlw	81
   612   000636  1803               	xorwf	main@delay^0,w,c
   613   000638  E109               	bnz	u11
   614   00063A  0EC3               	movlw	195
   615   00063C  1804               	xorwf	(main@delay+1)^0,w,c
   616   00063E  1005               	iorwf	(main@delay+2)^0,w,c
   617   000640  1006               	iorwf	(main@delay+3)^0,w,c
   618   000642  A4D8               	btfss	status,2,c
   619   000644  EF26  F003         	goto	u11
   620   000648  EF28  F003         	goto	u10
   621   00064C                     u11:
   622   00064C  EF14  F003         	goto	l842
   623   000650                     u10:
   624   000650                     
   625                           ;main.c: 29:             if(RC0==0){
   626   000650  B082               	btfsc	3970,0,c	;volatile
   627   000652  EF2D  F003         	goto	u21
   628   000656  EF2F  F003         	goto	u20
   629   00065A                     u21:
   630   00065A  EF38  F003         	goto	l21
   631   00065E                     u20:
   632   00065E                     
   633                           ;main.c: 30:                 flag=1;
   634   00065E  6A08               	clrf	(main@flag+1)^0,c
   635   000660  0E01               	movlw	1
   636   000662  6E07               	movwf	main@flag^0,c
   637                           
   638                           ;main.c: 31:                 i=0;
   639   000664  6A0A               	clrf	(main@i+1)^0,c
   640   000666  0E00               	movlw	0
   641   000668  6E09               	movwf	main@i^0,c
   642   00066A                     l848:
   643                           
   644                           ;main.c: 32:                 PORTB=0X00;
   645   00066A  6A81               	clrf	129,c	;volatile
   646                           
   647                           ;main.c: 33:             }
   648   00066C  EF67  F003         	goto	l858
   649   000670                     l21:
   650   000670  B282               	btfsc	3970,1,c	;volatile
   651   000672  EF3D  F003         	goto	u31
   652   000676  EF3F  F003         	goto	u30
   653   00067A                     u31:
   654   00067A  EF47  F003         	goto	l23
   655   00067E                     u30:
   656   00067E                     
   657                           ;main.c: 36:                 flag=2;
   658   00067E  6A08               	clrf	(main@flag+1)^0,c
   659   000680  0E02               	movlw	2
   660   000682  6E07               	movwf	main@flag^0,c
   661                           
   662                           ;main.c: 37:                 i=0;
   663   000684  6A0A               	clrf	(main@i+1)^0,c
   664   000686  0E00               	movlw	0
   665   000688  6E09               	movwf	main@i^0,c
   666   00068A  EF35  F003         	goto	l848
   667   00068E                     l23:
   668   00068E  B482               	btfsc	3970,2,c	;volatile
   669   000690  EF4C  F003         	goto	u41
   670   000694  EF4E  F003         	goto	u40
   671   000698                     u41:
   672   000698  EF58  F003         	goto	l25
   673   00069C                     u40:
   674   00069C                     
   675                           ;main.c: 42:                 flag=3;
   676   00069C  6A08               	clrf	(main@flag+1)^0,c
   677   00069E  0E03               	movlw	3
   678   0006A0  6E07               	movwf	main@flag^0,c
   679                           
   680                           ;main.c: 43:                 i=0;
   681   0006A2  6A0A               	clrf	(main@i+1)^0,c
   682   0006A4  0E00               	movlw	0
   683   0006A6  6E09               	movwf	main@i^0,c
   684                           
   685                           ;main.c: 44:                 PORTB=0X55;
   686   0006A8  0E55               	movlw	85
   687   0006AA  6E81               	movwf	129,c	;volatile
   688                           
   689                           ;main.c: 45:             }
   690   0006AC  EF67  F003         	goto	l858
   691   0006B0                     l25:
   692   0006B0  B682               	btfsc	3970,3,c	;volatile
   693   0006B2  EF5D  F003         	goto	u51
   694   0006B6  EF5F  F003         	goto	u50
   695   0006BA                     u51:
   696   0006BA  EF67  F003         	goto	l858
   697   0006BE                     u50:
   698   0006BE                     
   699                           ;main.c: 48:                 flag=4;
   700   0006BE  6A08               	clrf	(main@flag+1)^0,c
   701   0006C0  0E04               	movlw	4
   702   0006C2  6E07               	movwf	main@flag^0,c
   703                           
   704                           ;main.c: 49:                 i=0;
   705   0006C4  6A0A               	clrf	(main@i+1)^0,c
   706   0006C6  0E00               	movlw	0
   707   0006C8  6E09               	movwf	main@i^0,c
   708                           
   709                           ;main.c: 50:                 PORTB=0X0F;
   710   0006CA  0E0F               	movlw	15
   711   0006CC  6E81               	movwf	129,c	;volatile
   712   0006CE                     l858:
   713                           
   714                           ;main.c: 54:             if(flag == 1){
   715   0006CE  0407               	decf	main@flag^0,w,c
   716   0006D0  1008               	iorwf	(main@flag+1)^0,w,c
   717   0006D2  A4D8               	btfss	status,2,c
   718   0006D4  EF6E  F003         	goto	u61
   719   0006D8  EF70  F003         	goto	u60
   720   0006DC                     u61:
   721   0006DC  EFCD  F003         	goto	l878
   722   0006E0                     u60:
   723   0006E0                     
   724                           ;main.c: 55:                 if(i<8){
   725   0006E0  BE0A               	btfsc	(main@i+1)^0,7,c
   726   0006E2  EF7E  F003         	goto	u70
   727   0006E6  500A               	movf	(main@i+1)^0,w,c
   728   0006E8  E107               	bnz	u71
   729   0006EA  0E08               	movlw	8
   730   0006EC  5C09               	subwf	main@i^0,w,c
   731   0006EE  B0D8               	btfsc	status,0,c
   732   0006F0  EF7C  F003         	goto	u71
   733   0006F4  EF7E  F003         	goto	u70
   734   0006F8                     u71:
   735   0006F8  EF82  F003         	goto	l864
   736   0006FC                     u70:
   737   0006FC                     
   738                           ;main.c: 56:                     PORTB = (PORTB<<1) | 1;
   739   0006FC  80D8               	bsf	status,0,c
   740   0006FE  3681               	rlcf	129,f,c	;volatile
   741                           
   742                           ;main.c: 57:                 }
   743   000700  EFCB  F003         	goto	l876
   744   000704                     l864:
   745   000704  BE0A               	btfsc	(main@i+1)^0,7,c
   746   000706  EF90  F003         	goto	u80
   747   00070A  500A               	movf	(main@i+1)^0,w,c
   748   00070C  E107               	bnz	u81
   749   00070E  0E10               	movlw	16
   750   000710  5C09               	subwf	main@i^0,w,c
   751   000712  B0D8               	btfsc	status,0,c
   752   000714  EF8E  F003         	goto	u81
   753   000718  EF90  F003         	goto	u80
   754   00071C                     u81:
   755   00071C  EF95  F003         	goto	l868
   756   000720                     u80:
   757   000720                     
   758                           ;main.c: 59:                     PORTB = PORTB<<1;
   759   000720  5081               	movf	129,w,c	;volatile
   760   000722  2481               	addwf	129,w,c	;volatile
   761   000724  6E81               	movwf	129,c	;volatile
   762                           
   763                           ;main.c: 60:                 }
   764   000726  EFCB  F003         	goto	l876
   765   00072A                     l868:
   766   00072A  BE0A               	btfsc	(main@i+1)^0,7,c
   767   00072C  EFA3  F003         	goto	u90
   768   000730  500A               	movf	(main@i+1)^0,w,c
   769   000732  E107               	bnz	u91
   770   000734  0E18               	movlw	24
   771   000736  5C09               	subwf	main@i^0,w,c
   772   000738  B0D8               	btfsc	status,0,c
   773   00073A  EFA1  F003         	goto	u91
   774   00073E  EFA3  F003         	goto	u90
   775   000742                     u91:
   776   000742  EFB5  F003         	goto	l872
   777   000746                     u90:
   778   000746                     
   779                           ;main.c: 62:                     PORTB = PORTB | (1<<(23-i));
   780   000746  5009               	movf	main@i^0,w,c
   781   000748  0817               	sublw	23
   782   00074A  6E01               	movwf	??_main^0,c
   783   00074C  0E01               	movlw	1
   784   00074E  6E02               	movwf	(??_main+1)^0,c
   785   000750  2A01               	incf	??_main^0,f,c
   786   000752  EFAD  F003         	goto	u104
   787   000756                     u105:
   788   000756  90D8               	bcf	status,0,c
   789   000758  3602               	rlcf	(??_main+1)^0,f,c
   790   00075A                     u104:
   791   00075A  2E01               	decfsz	??_main^0,f,c
   792   00075C  EFAB  F003         	goto	u105
   793   000760  5002               	movf	(??_main+1)^0,w,c
   794   000762  1081               	iorwf	129,w,c	;volatile
   795   000764  6E81               	movwf	129,c	;volatile
   796                           
   797                           ;main.c: 63:                 }
   798   000766  EFCB  F003         	goto	l876
   799   00076A                     l872:
   800   00076A  BE0A               	btfsc	(main@i+1)^0,7,c
   801   00076C  EFC3  F003         	goto	u110
   802   000770  500A               	movf	(main@i+1)^0,w,c
   803   000772  E107               	bnz	u111
   804   000774  0E20               	movlw	32
   805   000776  5C09               	subwf	main@i^0,w,c
   806   000778  B0D8               	btfsc	status,0,c
   807   00077A  EFC1  F003         	goto	u111
   808   00077E  EFC3  F003         	goto	u110
   809   000782                     u111:
   810   000782  EFC9  F003         	goto	l35
   811   000786                     u110:
   812   000786                     
   813                           ;main.c: 65:                     PORTB = PORTB & (PORTB>>1);
   814   000786  90D8               	bcf	status,0,c
   815   000788  3081               	rrcf	129,w,c	;volatile
   816   00078A  1481               	andwf	129,w,c	;volatile
   817   00078C  6E81               	movwf	129,c	;volatile
   818                           
   819                           ;main.c: 66:                 }
   820   00078E  EFCB  F003         	goto	l876
   821   000792                     l35:
   822                           
   823                           ;main.c: 68:                     i=-1;
   824   000792  6809               	setf	main@i^0,c
   825   000794  680A               	setf	(main@i+1)^0,c
   826   000796                     l876:
   827                           
   828                           ;main.c: 70:                 i++;
   829   000796  4A09               	infsnz	main@i^0,f,c
   830   000798  2A0A               	incf	(main@i+1)^0,f,c
   831   00079A                     l878:
   832                           
   833                           ;main.c: 74:             if(flag == 2){
   834   00079A  0E02               	movlw	2
   835   00079C  1807               	xorwf	main@flag^0,w,c
   836   00079E  1008               	iorwf	(main@flag+1)^0,w,c
   837   0007A0  A4D8               	btfss	status,2,c
   838   0007A2  EFD5  F003         	goto	u121
   839   0007A6  EFD7  F003         	goto	u120
   840   0007AA                     u121:
   841   0007AA  EF00  F004         	goto	l890
   842   0007AE                     u120:
   843   0007AE                     
   844                           ;main.c: 75:                 if(i<8){
   845   0007AE  BE0A               	btfsc	(main@i+1)^0,7,c
   846   0007B0  EFE5  F003         	goto	u130
   847   0007B4  500A               	movf	(main@i+1)^0,w,c
   848   0007B6  E107               	bnz	u131
   849   0007B8  0E08               	movlw	8
   850   0007BA  5C09               	subwf	main@i^0,w,c
   851   0007BC  B0D8               	btfsc	status,0,c
   852   0007BE  EFE3  F003         	goto	u131
   853   0007C2  EFE5  F003         	goto	u130
   854   0007C6                     u131:
   855   0007C6  EFE9  F003         	goto	l884
   856   0007CA                     u130:
   857   0007CA                     
   858                           ;main.c: 76:                     PORTB = (PORTB<<1) | 1;
   859   0007CA  80D8               	bsf	status,0,c
   860   0007CC  3681               	rlcf	129,f,c	;volatile
   861                           
   862                           ;main.c: 77:                 }
   863   0007CE  EFFE  F003         	goto	l888
   864   0007D2                     l884:
   865   0007D2  BE0A               	btfsc	(main@i+1)^0,7,c
   866   0007D4  EFF7  F003         	goto	u140
   867   0007D8  500A               	movf	(main@i+1)^0,w,c
   868   0007DA  E107               	bnz	u141
   869   0007DC  0E10               	movlw	16
   870   0007DE  5C09               	subwf	main@i^0,w,c
   871   0007E0  B0D8               	btfsc	status,0,c
   872   0007E2  EFF5  F003         	goto	u141
   873   0007E6  EFF7  F003         	goto	u140
   874   0007EA                     u141:
   875   0007EA  EFFC  F003         	goto	l40
   876   0007EE                     u140:
   877   0007EE                     
   878                           ;main.c: 79:                     PORTB = PORTB<<1;
   879   0007EE  5081               	movf	129,w,c	;volatile
   880   0007F0  2481               	addwf	129,w,c	;volatile
   881   0007F2  6E81               	movwf	129,c	;volatile
   882                           
   883                           ;main.c: 80:                 }
   884   0007F4  EFFE  F003         	goto	l888
   885   0007F8                     l40:
   886                           
   887                           ;main.c: 82:                     i = -1;
   888   0007F8  6809               	setf	main@i^0,c
   889   0007FA  680A               	setf	(main@i+1)^0,c
   890   0007FC                     l888:
   891                           
   892                           ;main.c: 84:                 i++;
   893   0007FC  4A09               	infsnz	main@i^0,f,c
   894   0007FE  2A0A               	incf	(main@i+1)^0,f,c
   895   000800                     l890:
   896                           
   897                           ;main.c: 88:             if(flag==3){
   898   000800  0E03               	movlw	3
   899   000802  1807               	xorwf	main@flag^0,w,c
   900   000804  1008               	iorwf	(main@flag+1)^0,w,c
   901   000806  A4D8               	btfss	status,2,c
   902   000808  EF08  F004         	goto	u151
   903   00080C  EF0A  F004         	goto	u150
   904   000810                     u151:
   905   000810  EF0B  F004         	goto	l894
   906   000814                     u150:
   907   000814                     
   908                           ;main.c: 89:                 PORTB= ~PORTB;
   909   000814  1E81               	comf	129,f,c	;volatile
   910   000816                     l894:
   911                           
   912                           ;main.c: 93:             if(flag==4){
   913   000816  0E04               	movlw	4
   914   000818  1807               	xorwf	main@flag^0,w,c
   915   00081A  1008               	iorwf	(main@flag+1)^0,w,c
   916   00081C  A4D8               	btfss	status,2,c
   917   00081E  EF13  F004         	goto	u161
   918   000822  EF15  F004         	goto	u160
   919   000826                     u161:
   920   000826  EF0C  F003         	goto	l840
   921   00082A                     u160:
   922   00082A                     
   923                           ;main.c: 94:                 PORTB= ~PORTB;
   924   00082A  1E81               	comf	129,f,c	;volatile
   925   00082C  EF0C  F003         	goto	l840
   926   000830  EFFE  F017         	goto	start
   927   000834                     __end_of_main:
   928                           	callstack 0
   929                           
   930                           	psect	smallconst
   931   000600                     __psmallconst:
   932                           	callstack 0
   933   000600  00                 	db	0
   934   000601  00                 	db	0	; dummy byte at the end
   935   000600                     __smallconst    set	__psmallconst
   936   000600                     __mediumconst   set	__psmallconst
   937   000000                     __activetblptr  equ	0
   938                           
   939                           	psect	rparam
   940   000001                     ___rparam_used  equ	1
   941   000000                     ___param_bank   equ	0
   942   000000                     __Lparam        equ	__Lrparam
   943   000000                     __Hparam        equ	__Hrparam
   944                           tosu	equ	0xFFF
   945                           tosh	equ	0xFFE
   946                           tosl	equ	0xFFD
   947                           stkptr	equ	0xFFC
   948                           pclatu	equ	0xFFB
   949                           pclath	equ	0xFFA
   950                           pcl	equ	0xFF9
   951                           tblptru	equ	0xFF8
   952                           tblptrh	equ	0xFF7
   953                           tblptrl	equ	0xFF6
   954                           tablat	equ	0xFF5
   955                           prodh	equ	0xFF4
   956                           prodl	equ	0xFF3
   957                           indf0	equ	0xFEF
   958                           postinc0	equ	0xFEE
   959                           postdec0	equ	0xFED
   960                           preinc0	equ	0xFEC
   961                           plusw0	equ	0xFEB
   962                           fsr0h	equ	0xFEA
   963                           fsr0l	equ	0xFE9
   964                           wreg	equ	0xFE8
   965                           indf1	equ	0xFE7
   966                           postinc1	equ	0xFE6
   967                           postdec1	equ	0xFE5
   968                           preinc1	equ	0xFE4
   969                           plusw1	equ	0xFE3
   970                           fsr1h	equ	0xFE2
   971                           fsr1l	equ	0xFE1
   972                           bsr	equ	0xFE0
   973                           indf2	equ	0xFDF
   974                           postinc2	equ	0xFDE
   975                           postdec2	equ	0xFDD
   976                           preinc2	equ	0xFDC
   977                           plusw2	equ	0xFDB
   978                           fsr2h	equ	0xFDA
   979                           fsr2l	equ	0xFD9
   980                           status	equ	0xFD8

Data Sizes:
    Strings     0
    Constant    0
    Data        0
    BSS         0
    Persistent  0
    Stack       0

Auto Spaces:
    Space          Size  Autos    Used
    COMRAM           95     10      10
    BANK0           160      0       0
    BANK1           256      0       0
    BANK2           256      0       0
    BANK3           256      0       0
    BANK4           256      0       0
    BANK5           256      0       0

Pointer List with Targets:

    None.

Critical Paths under _main in COMRAM

    None.

Critical Paths under _main in BANK0

    None.

Critical Paths under _main in BANK1

    None.

Critical Paths under _main in BANK2

    None.

Critical Paths under _main in BANK3

    None.

Critical Paths under _main in BANK4

    None.

Critical Paths under _main in BANK5

    None.

Call Graph Tables:

 ---------------------------------------------------------------------------------
 (Depth) Function   	        Calls       Base Space   Used Autos Params    Refs
 ---------------------------------------------------------------------------------
 (0) _main                                                10    10      0     180
                                              0 COMRAM    10    10      0
 ---------------------------------------------------------------------------------
 Estimated maximum stack depth 0
 ---------------------------------------------------------------------------------

 Call Graph Graphs:

 _main (ROOT)

Address spaces:
Name               Size   Autos  Total    Usage
BITCOMRAM           95      0       0      0.0%
BITBANK0           160      0       0      0.0%
BITBANK1           256      0       0      0.0%
BITBANK2           256      0       0      0.0%
BITBANK3           256      0       0      0.0%
BITBANK4           256      0       0      0.0%
BITBANK5           256      0       0      0.0%
BITBIGSFRl         641      0       0      0.0%
BITBIGSFRh         125      0       0      0.0%
COMRAM              95     10      10     10.5%
BANK0              160      0       0      0.0%
BANK1              256      0       0      0.0%
BANK2              256      0       0      0.0%
BANK3              256      0       0      0.0%
BANK4              256      0       0      0.0%
BANK5              256      0       0      0.0%
BIGRAM            1535      0       0      0.0%
STACK                0      0       0      0.0%
DATA                 0      0      10      0.0%


Microchip Technology PIC18 Macro Assembler V4.00 build 20260614213421 
Symbol Table                                                                                   Sun Sep 27 23:55:05 2026

                     l21 0670                       l23 068E                       l40 07F8  
                     l25 06B0                       l35 0792                       u10 0650  
                     u11 064C                       u20 065E                       u21 065A  
                     u30 067E                       u31 067A                       u40 069C  
                     u41 0698                       u50 06BE                       u51 06BA  
                     u60 06E0                       u61 06DC                       u70 06FC  
                     u71 06F8                       u80 0720                       u81 071C  
                     u90 0746                       u91 0742                      l840 0618  
                    l832 0602                      l850 067E                      l842 0628  
                    l834 0606                      l860 06E0                      l844 0650  
                    l836 060C                      l870 0746                      l862 06FC  
                    l854 069C                      l846 065E                      l838 0612  
                    l880 07AE                      l872 076A                      l864 0704  
                    l856 06BE                      l848 066A                      l882 07CA  
                    l890 0800                      l874 0786                      l866 0720  
                    l858 06CE                      l892 0814                      l884 07D2  
                    l868 072A                      l876 0796                      l894 0816  
                    l886 07EE                      l878 079A                      l896 082A  
                    l888 07FC                      _RC0 7C10                      _RC1 7C11  
                    _RC2 7C12                      _RC3 7C13                      u110 0786  
                    u111 0782                      u120 07AE                      u104 075A  
                    u121 07AA                      u105 0756                      u130 07CA  
                    u131 07C6                      u140 07EE                      u141 07EA  
                    u150 0814                      u151 0810                      u160 082A  
                    u161 0826                     _main 0602                     start 2FFC  
           ___param_bank 0000                    ?_main 0001                    _PORTB 0F81  
                  _TRISB 0F93                    _TRISC 0F94                    main@i 0009  
                  status 0FD8          __initialization 0834             __end_of_main 0834  
                 ??_main 0001            __activetblptr 0000                   isa$std 0001  
           __mediumconst 0600               __accesstop 0060  __end_of__initialization 0834  
          ___rparam_used 0001           __pcstackCOMRAM 0001                  __Hparam 0000  
                __Lparam 0000             __psmallconst 0600                  __pcinit 0834  
                __ramtop 0600                  __ptext0 0602     end_of_initialization 0834  
    start_initialization 0834              __smallconst 0600                main@delay 0003  
               __Hrparam 0000                 __Lrparam 0000                 isa$xinst 0000  
               main@flag 0007  
