

Microchip MPLAB XC8 Assembler V4.00 build 20260614213421 
                                                                                               Mon Sep 28 15:32:19 2026

Microchip MPLAB XC8 C Compiler v4.00 build 20260614213421 Og1 
     1                           	processor	18F4580
     2                           	fnconf	rparam,??,?,0
     3                           	pagewidth 120
     4                           	psect	idataCOMRAM,global,class=CODE,space=0,delta=1,noexec
     5                           	psect	cinit,global,reloc=2,class=CODE,space=0,delta=1
     6                           	psect	dataCOMRAM,global,class=COMRAM,space=1,delta=1,lowdata,noexec
     7                           	psect	cstackCOMRAM,global,class=COMRAM,space=1,delta=1,lowdata,noexec
     8                           	psect	text0,global,reloc=2,class=CODE,space=0,delta=1
     9                           	psect	smallconst,global,reloc=2,class=SMALLCONST,space=0,delta=1,noexec
    10                           	psect	intsave_regs,global,class=BIGRAM,space=1,delta=1,noexec
    11                           	psect	rparam,global,class=COMRAM,space=1,delta=1,noexec
    12   000000                     
    13                           ; Generated 02/09/2026 GMT
    14                           ; 
    15                           ; Copyright (c) 2026 Microchip Technology Inc. and its subsidiaries.
    16                           ; 
    17                           ; Licensed under the Apache License, Version 2.0 (the "License");
    18                           ; you may not use this file except in compliance with the License.
    19                           ; You may obtain a copy of the License at
    20                           ; 
    21                           ;   http://www.apache.org/licenses/LICENSE-2.0
    22                           ; 
    23                           ; Unless required by applicable law or agreed to in writing, software
    24                           ; distributed under the License is distributed on an "AS IS" BASIS,
    25                           ; WITHOUT WARRANTIES OR CONDITIONS OF ANY KIND, either express or implied.
    26                           ; See the License for the specific language governing permissions and
    27                           ; limitations under the License.
    28                           ; 
    29                           ; 
    30                           ; Code-generator required, PIC18F4580 Definitions
    31                           ; 
    32                           ; SFR Addresses
    33   000FE0                     bsr             equ	4064
    34   000FE9                     fsr0            equ	4073
    35   000FEA                     fsr0h           equ	4074
    36   000FE9                     fsr0l           equ	4073
    37   000FE1                     fsr1            equ	4065
    38   000FE2                     fsr1h           equ	4066
    39   000FE1                     fsr1l           equ	4065
    40   000FD9                     fsr2            equ	4057
    41   000FDA                     fsr2h           equ	4058
    42   000FD9                     fsr2l           equ	4057
    43   000FEF                     indf0           equ	4079
    44   000FE7                     indf1           equ	4071
    45   000FDF                     indf2           equ	4063
    46   000FF2                     intcon          equ	4082
    47   000000                     nvmcon          equ	0
    48   000FF9                     pcl             equ	4089
    49   000FFA                     pclath          equ	4090
    50   000FFB                     pclatu          equ	4091
    51   000FEB                     plusw0          equ	4075
    52   000FE3                     plusw1          equ	4067
    53   000FDB                     plusw2          equ	4059
    54   000FED                     postdec0        equ	4077
    55   000FE5                     postdec1        equ	4069
    56   000FDD                     postdec2        equ	4061
    57   000FEE                     postinc0        equ	4078
    58   000FE6                     postinc1        equ	4070
    59   000FDE                     postinc2        equ	4062
    60   000FEC                     preinc0         equ	4076
    61   000FE4                     preinc1         equ	4068
    62   000FDC                     preinc2         equ	4060
    63   000FF3                     prod            equ	4083
    64   000FF4                     prodh           equ	4084
    65   000FF3                     prodl           equ	4083
    66   000FD8                     status          equ	4056
    67   000FF5                     tablat          equ	4085
    68   000FF6                     tblptr          equ	4086
    69   000FF7                     tblptrh         equ	4087
    70   000FF6                     tblptrl         equ	4086
    71   000FF8                     tblptru         equ	4088
    72   000FFD                     tosl            equ	4093
    73   000FE8                     wreg            equ	4072
    74   000D60                     RXF6SIDH        equ	3424	;# 
    75   000D61                     RXF6SIDL        equ	3425	;# 
    76   000D62                     RXF6EIDH        equ	3426	;# 
    77   000D63                     RXF6EIDL        equ	3427	;# 
    78   000D64                     RXF7SIDH        equ	3428	;# 
    79   000D65                     RXF7SIDL        equ	3429	;# 
    80   000D66                     RXF7EIDH        equ	3430	;# 
    81   000D67                     RXF7EIDL        equ	3431	;# 
    82   000D68                     RXF8SIDH        equ	3432	;# 
    83   000D69                     RXF8SIDL        equ	3433	;# 
    84   000D6A                     RXF8EIDH        equ	3434	;# 
    85   000D6B                     RXF8EIDL        equ	3435	;# 
    86   000D70                     RXF9SIDH        equ	3440	;# 
    87   000D71                     RXF9SIDL        equ	3441	;# 
    88   000D72                     RXF9EIDH        equ	3442	;# 
    89   000D73                     RXF9EIDL        equ	3443	;# 
    90   000D74                     RXF10SIDH       equ	3444	;# 
    91   000D75                     RXF10SIDL       equ	3445	;# 
    92   000D76                     RXF10EIDH       equ	3446	;# 
    93   000D77                     RXF10EIDL       equ	3447	;# 
    94   000D78                     RXF11SIDH       equ	3448	;# 
    95   000D79                     RXF11SIDL       equ	3449	;# 
    96   000D7A                     RXF11EIDH       equ	3450	;# 
    97   000D7B                     RXF11EIDL       equ	3451	;# 
    98   000D80                     RXF12SIDH       equ	3456	;# 
    99   000D81                     RXF12SIDL       equ	3457	;# 
   100   000D82                     RXF12EIDH       equ	3458	;# 
   101   000D83                     RXF12EIDL       equ	3459	;# 
   102   000D84                     RXF13SIDH       equ	3460	;# 
   103   000D85                     RXF13SIDL       equ	3461	;# 
   104   000D86                     RXF13EIDH       equ	3462	;# 
   105   000D87                     RXF13EIDL       equ	3463	;# 
   106   000D88                     RXF14SIDH       equ	3464	;# 
   107   000D89                     RXF14SIDL       equ	3465	;# 
   108   000D8A                     RXF14EIDH       equ	3466	;# 
   109   000D8B                     RXF14EIDL       equ	3467	;# 
   110   000D90                     RXF15SIDH       equ	3472	;# 
   111   000D91                     RXF15SIDL       equ	3473	;# 
   112   000D92                     RXF15EIDH       equ	3474	;# 
   113   000D93                     RXF15EIDL       equ	3475	;# 
   114   000DD4                     RXFCON0         equ	3540	;# 
   115   000DD5                     RXFCON1         equ	3541	;# 
   116   000DD8                     SDFLC           equ	3544	;# 
   117   000DE0                     RXFBCON0        equ	3552	;# 
   118   000DE1                     RXFBCON1        equ	3553	;# 
   119   000DE2                     RXFBCON2        equ	3554	;# 
   120   000DE3                     RXFBCON3        equ	3555	;# 
   121   000DE4                     RXFBCON4        equ	3556	;# 
   122   000DE5                     RXFBCON5        equ	3557	;# 
   123   000DE6                     RXFBCON6        equ	3558	;# 
   124   000DE7                     RXFBCON7        equ	3559	;# 
   125   000DF0                     MSEL0           equ	3568	;# 
   126   000DF1                     MSEL1           equ	3569	;# 
   127   000DF2                     MSEL2           equ	3570	;# 
   128   000DF3                     MSEL3           equ	3571	;# 
   129   000DF8                     BSEL0           equ	3576	;# 
   130   000DFA                     BIE0            equ	3578	;# 
   131   000DFC                     TXBIE           equ	3580	;# 
   132   000E20                     B0CON           equ	3616	;# 
   133   000E21                     B0SIDH          equ	3617	;# 
   134   000E22                     B0SIDL          equ	3618	;# 
   135   000E23                     B0EIDH          equ	3619	;# 
   136   000E24                     B0EIDL          equ	3620	;# 
   137   000E25                     B0DLC           equ	3621	;# 
   138   000E26                     B0D0            equ	3622	;# 
   139   000E27                     B0D1            equ	3623	;# 
   140   000E28                     B0D2            equ	3624	;# 
   141   000E29                     B0D3            equ	3625	;# 
   142   000E2A                     B0D4            equ	3626	;# 
   143   000E2B                     B0D5            equ	3627	;# 
   144   000E2C                     B0D6            equ	3628	;# 
   145   000E2D                     B0D7            equ	3629	;# 
   146   000E2E                     CANSTAT_RO9     equ	3630	;# 
   147   000E2F                     CANCON_RO9      equ	3631	;# 
   148   000E30                     B1CON           equ	3632	;# 
   149   000E31                     B1SIDH          equ	3633	;# 
   150   000E32                     B1SIDL          equ	3634	;# 
   151   000E33                     B1EIDH          equ	3635	;# 
   152   000E34                     B1EIDL          equ	3636	;# 
   153   000E35                     B1DLC           equ	3637	;# 
   154   000E36                     B1D0            equ	3638	;# 
   155   000E37                     B1D1            equ	3639	;# 
   156   000E38                     B1D2            equ	3640	;# 
   157   000E39                     B1D3            equ	3641	;# 
   158   000E3A                     B1D4            equ	3642	;# 
   159   000E3B                     B1D5            equ	3643	;# 
   160   000E3C                     B1D6            equ	3644	;# 
   161   000E3D                     B1D7            equ	3645	;# 
   162   000E3E                     CANSTAT_RO8     equ	3646	;# 
   163   000E3F                     CANCON_RO8      equ	3647	;# 
   164   000E40                     B2CON           equ	3648	;# 
   165   000E41                     B2SIDH          equ	3649	;# 
   166   000E42                     B2SIDL          equ	3650	;# 
   167   000E43                     B2EIDH          equ	3651	;# 
   168   000E44                     B2EIDL          equ	3652	;# 
   169   000E45                     B2DLC           equ	3653	;# 
   170   000E46                     B2D0            equ	3654	;# 
   171   000E47                     B2D1            equ	3655	;# 
   172   000E48                     B2D2            equ	3656	;# 
   173   000E49                     B2D3            equ	3657	;# 
   174   000E4A                     B2D4            equ	3658	;# 
   175   000E4B                     B2D5            equ	3659	;# 
   176   000E4C                     B2D6            equ	3660	;# 
   177   000E4D                     B2D7            equ	3661	;# 
   178   000E4E                     CANSTAT_RO7     equ	3662	;# 
   179   000E4F                     CANCON_RO7      equ	3663	;# 
   180   000E50                     B3CON           equ	3664	;# 
   181   000E51                     B3SIDH          equ	3665	;# 
   182   000E52                     B3SIDL          equ	3666	;# 
   183   000E53                     B3EIDH          equ	3667	;# 
   184   000E54                     B3EIDL          equ	3668	;# 
   185   000E55                     B3DLC           equ	3669	;# 
   186   000E56                     B3D0            equ	3670	;# 
   187   000E57                     B3D1            equ	3671	;# 
   188   000E58                     B3D2            equ	3672	;# 
   189   000E59                     B3D3            equ	3673	;# 
   190   000E5A                     B3D4            equ	3674	;# 
   191   000E5B                     B3D5            equ	3675	;# 
   192   000E5C                     B3D6            equ	3676	;# 
   193   000E5D                     B3D7            equ	3677	;# 
   194   000E5E                     CANSTAT_RO6     equ	3678	;# 
   195   000E5F                     CANCON_RO6      equ	3679	;# 
   196   000E60                     B4CON           equ	3680	;# 
   197   000E61                     B4SIDH          equ	3681	;# 
   198   000E62                     B4SIDL          equ	3682	;# 
   199   000E63                     B4EIDH          equ	3683	;# 
   200   000E64                     B4EIDL          equ	3684	;# 
   201   000E65                     B4DLC           equ	3685	;# 
   202   000E66                     B4D0            equ	3686	;# 
   203   000E67                     B4D1            equ	3687	;# 
   204   000E68                     B4D2            equ	3688	;# 
   205   000E69                     B4D3            equ	3689	;# 
   206   000E6A                     B4D4            equ	3690	;# 
   207   000E6B                     B4D5            equ	3691	;# 
   208   000E6C                     B4D6            equ	3692	;# 
   209   000E6D                     B4D7            equ	3693	;# 
   210   000E6E                     CANSTAT_RO5     equ	3694	;# 
   211   000E6F                     CANCON_RO5      equ	3695	;# 
   212   000E70                     B5CON           equ	3696	;# 
   213   000E71                     B5SIDH          equ	3697	;# 
   214   000E72                     B5SIDL          equ	3698	;# 
   215   000E73                     B5EIDH          equ	3699	;# 
   216   000E74                     B5EIDL          equ	3700	;# 
   217   000E75                     B5DLC           equ	3701	;# 
   218   000E76                     B5D0            equ	3702	;# 
   219   000E77                     B5D1            equ	3703	;# 
   220   000E78                     B5D2            equ	3704	;# 
   221   000E79                     B5D3            equ	3705	;# 
   222   000E7A                     B5D4            equ	3706	;# 
   223   000E7B                     B5D5            equ	3707	;# 
   224   000E7C                     B5D6            equ	3708	;# 
   225   000E7D                     B5D7            equ	3709	;# 
   226   000E7E                     CANSTAT_RO4     equ	3710	;# 
   227   000E7F                     CANCON_RO4      equ	3711	;# 
   228   000F00                     RXF0SIDH        equ	3840	;# 
   229   000F01                     RXF0SIDL        equ	3841	;# 
   230   000F02                     RXF0EIDH        equ	3842	;# 
   231   000F03                     RXF0EIDL        equ	3843	;# 
   232   000F04                     RXF1SIDH        equ	3844	;# 
   233   000F05                     RXF1SIDL        equ	3845	;# 
   234   000F06                     RXF1EIDH        equ	3846	;# 
   235   000F07                     RXF1EIDL        equ	3847	;# 
   236   000F08                     RXF2SIDH        equ	3848	;# 
   237   000F09                     RXF2SIDL        equ	3849	;# 
   238   000F0A                     RXF2EIDH        equ	3850	;# 
   239   000F0B                     RXF2EIDL        equ	3851	;# 
   240   000F0C                     RXF3SIDH        equ	3852	;# 
   241   000F0D                     RXF3SIDL        equ	3853	;# 
   242   000F0E                     RXF3EIDH        equ	3854	;# 
   243   000F0F                     RXF3EIDL        equ	3855	;# 
   244   000F10                     RXF4SIDH        equ	3856	;# 
   245   000F11                     RXF4SIDL        equ	3857	;# 
   246   000F12                     RXF4EIDH        equ	3858	;# 
   247   000F13                     RXF4EIDL        equ	3859	;# 
   248   000F14                     RXF5SIDH        equ	3860	;# 
   249   000F15                     RXF5SIDL        equ	3861	;# 
   250   000F16                     RXF5EIDH        equ	3862	;# 
   251   000F17                     RXF5EIDL        equ	3863	;# 
   252   000F18                     RXM0SIDH        equ	3864	;# 
   253   000F19                     RXM0SIDL        equ	3865	;# 
   254   000F1A                     RXM0EIDH        equ	3866	;# 
   255   000F1B                     RXM0EIDL        equ	3867	;# 
   256   000F1C                     RXM1SIDH        equ	3868	;# 
   257   000F1D                     RXM1SIDL        equ	3869	;# 
   258   000F1E                     RXM1EIDH        equ	3870	;# 
   259   000F1F                     RXM1EIDL        equ	3871	;# 
   260   000F20                     TXB2CON         equ	3872	;# 
   261   000F21                     TXB2SIDH        equ	3873	;# 
   262   000F22                     TXB2SIDL        equ	3874	;# 
   263   000F23                     TXB2EIDH        equ	3875	;# 
   264   000F24                     TXB2EIDL        equ	3876	;# 
   265   000F25                     TXB2DLC         equ	3877	;# 
   266   000F26                     TXB2D0          equ	3878	;# 
   267   000F27                     TXB2D1          equ	3879	;# 
   268   000F28                     TXB2D2          equ	3880	;# 
   269   000F29                     TXB2D3          equ	3881	;# 
   270   000F2A                     TXB2D4          equ	3882	;# 
   271   000F2B                     TXB2D5          equ	3883	;# 
   272   000F2C                     TXB2D6          equ	3884	;# 
   273   000F2D                     TXB2D7          equ	3885	;# 
   274   000F2E                     CANSTAT_RO3     equ	3886	;# 
   275   000F2F                     CANCON_RO3      equ	3887	;# 
   276   000F30                     TXB1CON         equ	3888	;# 
   277   000F31                     TXB1SIDH        equ	3889	;# 
   278   000F32                     TXB1SIDL        equ	3890	;# 
   279   000F33                     TXB1EIDH        equ	3891	;# 
   280   000F34                     TXB1EIDL        equ	3892	;# 
   281   000F35                     TXB1DLC         equ	3893	;# 
   282   000F36                     TXB1D0          equ	3894	;# 
   283   000F37                     TXB1D1          equ	3895	;# 
   284   000F38                     TXB1D2          equ	3896	;# 
   285   000F39                     TXB1D3          equ	3897	;# 
   286   000F3A                     TXB1D4          equ	3898	;# 
   287   000F3B                     TXB1D5          equ	3899	;# 
   288   000F3C                     TXB1D6          equ	3900	;# 
   289   000F3D                     TXB1D7          equ	3901	;# 
   290   000F3E                     CANSTAT_RO2     equ	3902	;# 
   291   000F3F                     CANCON_RO2      equ	3903	;# 
   292   000F40                     TXB0CON         equ	3904	;# 
   293   000F41                     TXB0SIDH        equ	3905	;# 
   294   000F42                     TXB0SIDL        equ	3906	;# 
   295   000F43                     TXB0EIDH        equ	3907	;# 
   296   000F44                     TXB0EIDL        equ	3908	;# 
   297   000F45                     TXB0DLC         equ	3909	;# 
   298   000F46                     TXB0D0          equ	3910	;# 
   299   000F47                     TXB0D1          equ	3911	;# 
   300   000F48                     TXB0D2          equ	3912	;# 
   301   000F49                     TXB0D3          equ	3913	;# 
   302   000F4A                     TXB0D4          equ	3914	;# 
   303   000F4B                     TXB0D5          equ	3915	;# 
   304   000F4C                     TXB0D6          equ	3916	;# 
   305   000F4D                     TXB0D7          equ	3917	;# 
   306   000F4E                     CANSTAT_RO1     equ	3918	;# 
   307   000F4F                     CANCON_RO1      equ	3919	;# 
   308   000F50                     RXB1CON         equ	3920	;# 
   309   000F51                     RXB1SIDH        equ	3921	;# 
   310   000F52                     RXB1SIDL        equ	3922	;# 
   311   000F53                     RXB1EIDH        equ	3923	;# 
   312   000F54                     RXB1EIDL        equ	3924	;# 
   313   000F55                     RXB1DLC         equ	3925	;# 
   314   000F56                     RXB1D0          equ	3926	;# 
   315   000F57                     RXB1D1          equ	3927	;# 
   316   000F58                     RXB1D2          equ	3928	;# 
   317   000F59                     RXB1D3          equ	3929	;# 
   318   000F5A                     RXB1D4          equ	3930	;# 
   319   000F5B                     RXB1D5          equ	3931	;# 
   320   000F5C                     RXB1D6          equ	3932	;# 
   321   000F5D                     RXB1D7          equ	3933	;# 
   322   000F5E                     CANSTAT_RO0     equ	3934	;# 
   323   000F5F                     CANCON_RO0      equ	3935	;# 
   324   000F60                     RXB0CON         equ	3936	;# 
   325   000F61                     RXB0SIDH        equ	3937	;# 
   326   000F62                     RXB0SIDL        equ	3938	;# 
   327   000F63                     RXB0EIDH        equ	3939	;# 
   328   000F64                     RXB0EIDL        equ	3940	;# 
   329   000F65                     RXB0DLC         equ	3941	;# 
   330   000F66                     RXB0D0          equ	3942	;# 
   331   000F67                     RXB0D1          equ	3943	;# 
   332   000F68                     RXB0D2          equ	3944	;# 
   333   000F69                     RXB0D3          equ	3945	;# 
   334   000F6A                     RXB0D4          equ	3946	;# 
   335   000F6B                     RXB0D5          equ	3947	;# 
   336   000F6C                     RXB0D6          equ	3948	;# 
   337   000F6D                     RXB0D7          equ	3949	;# 
   338   000F6E                     CANSTAT         equ	3950	;# 
   339   000F6F                     CANCON          equ	3951	;# 
   340   000F70                     BRGCON1         equ	3952	;# 
   341   000F71                     BRGCON2         equ	3953	;# 
   342   000F72                     BRGCON3         equ	3954	;# 
   343   000F73                     CIOCON          equ	3955	;# 
   344   000F74                     COMSTAT         equ	3956	;# 
   345   000F75                     RXERRCNT        equ	3957	;# 
   346   000F76                     TXERRCNT        equ	3958	;# 
   347   000F77                     ECANCON         equ	3959	;# 
   348   000F80                     PORTA           equ	3968	;# 
   349   000F81                     PORTB           equ	3969	;# 
   350   000F82                     PORTC           equ	3970	;# 
   351   000F83                     PORTD           equ	3971	;# 
   352   000F84                     PORTE           equ	3972	;# 
   353   000F89                     LATA            equ	3977	;# 
   354   000F8A                     LATB            equ	3978	;# 
   355   000F8B                     LATC            equ	3979	;# 
   356   000F8C                     LATD            equ	3980	;# 
   357   000F8D                     LATE            equ	3981	;# 
   358   000F92                     TRISA           equ	3986	;# 
   359   000F92                     DDRA            equ	3986	;# 
   360   000F93                     TRISB           equ	3987	;# 
   361   000F93                     DDRB            equ	3987	;# 
   362   000F94                     TRISC           equ	3988	;# 
   363   000F94                     DDRC            equ	3988	;# 
   364   000F95                     TRISD           equ	3989	;# 
   365   000F95                     DDRD            equ	3989	;# 
   366   000F96                     TRISE           equ	3990	;# 
   367   000F96                     DDRE            equ	3990	;# 
   368   000F9B                     OSCTUNE         equ	3995	;# 
   369   000F9D                     PIE1            equ	3997	;# 
   370   000F9E                     PIR1            equ	3998	;# 
   371   000F9F                     IPR1            equ	3999	;# 
   372   000FA0                     PIE2            equ	4000	;# 
   373   000FA1                     PIR2            equ	4001	;# 
   374   000FA2                     IPR2            equ	4002	;# 
   375   000FA3                     PIE3            equ	4003	;# 
   376   000FA4                     PIR3            equ	4004	;# 
   377   000FA5                     IPR3            equ	4005	;# 
   378   000FA6                     EECON1          equ	4006	;# 
   379   000FA7                     EECON2          equ	4007	;# 
   380   000FA8                     EEDATA          equ	4008	;# 
   381   000FA9                     EEADR           equ	4009	;# 
   382   000FAB                     RCSTA           equ	4011	;# 
   383   000FAB                     RCSTA1          equ	4011	;# 
   384   000FAC                     TXSTA           equ	4012	;# 
   385   000FAC                     TXSTA1          equ	4012	;# 
   386   000FAD                     TXREG           equ	4013	;# 
   387   000FAD                     TXREG1          equ	4013	;# 
   388   000FAE                     RCREG           equ	4014	;# 
   389   000FAE                     RCREG1          equ	4014	;# 
   390   000FAF                     SPBRG           equ	4015	;# 
   391   000FAF                     SPBRG1          equ	4015	;# 
   392   000FB0                     SPBRGH          equ	4016	;# 
   393   000FB1                     T3CON           equ	4017	;# 
   394   000FB2                     TMR3            equ	4018	;# 
   395   000FB2                     TMR3L           equ	4018	;# 
   396   000FB3                     TMR3H           equ	4019	;# 
   397   000FB4                     CMCON           equ	4020	;# 
   398   000FB5                     CVRCON          equ	4021	;# 
   399   000FB6                     ECCP1AS         equ	4022	;# 
   400   000FB7                     ECCP1DEL        equ	4023	;# 
   401   000FB8                     BAUDCON         equ	4024	;# 
   402   000FB8                     BAUDCTL         equ	4024	;# 
   403   000FBA                     ECCP1CON        equ	4026	;# 
   404   000FBB                     ECCPR1          equ	4027	;# 
   405   000FBB                     ECCPR1L         equ	4027	;# 
   406   000FBC                     ECCPR1H         equ	4028	;# 
   407   000FBD                     CCP1CON         equ	4029	;# 
   408   000FBE                     CCPR1           equ	4030	;# 
   409   000FBE                     CCPR1L          equ	4030	;# 
   410   000FBF                     CCPR1H          equ	4031	;# 
   411   000FC0                     ADCON2          equ	4032	;# 
   412   000FC1                     ADCON1          equ	4033	;# 
   413   000FC2                     ADCON0          equ	4034	;# 
   414   000FC3                     ADRES           equ	4035	;# 
   415   000FC3                     ADRESL          equ	4035	;# 
   416   000FC4                     ADRESH          equ	4036	;# 
   417   000FC5                     SSPCON2         equ	4037	;# 
   418   000FC6                     SSPCON1         equ	4038	;# 
   419   000FC7                     SSPSTAT         equ	4039	;# 
   420   000FC8                     SSPADD          equ	4040	;# 
   421   000FC9                     SSPBUF          equ	4041	;# 
   422   000FCA                     T2CON           equ	4042	;# 
   423   000FCB                     PR2             equ	4043	;# 
   424   000FCB                     MEMCON          equ	4043	;# 
   425   000FCC                     TMR2            equ	4044	;# 
   426   000FCD                     T1CON           equ	4045	;# 
   427   000FCE                     TMR1            equ	4046	;# 
   428   000FCE                     TMR1L           equ	4046	;# 
   429   000FCF                     TMR1H           equ	4047	;# 
   430   000FD0                     RCON            equ	4048	;# 
   431   000FD1                     WDTCON          equ	4049	;# 
   432   000FD2                     HLVDCON         equ	4050	;# 
   433   000FD2                     LVDCON          equ	4050	;# 
   434   000FD3                     OSCCON          equ	4051	;# 
   435   000FD5                     T0CON           equ	4053	;# 
   436   000FD6                     TMR0            equ	4054	;# 
   437   000FD6                     TMR0L           equ	4054	;# 
   438   000FD7                     TMR0H           equ	4055	;# 
   439   000FD8                     STATUS          equ	4056	;# 
   440   000FD9                     FSR2            equ	4057	;# 
   441   000FD9                     FSR2L           equ	4057	;# 
   442   000FDA                     FSR2H           equ	4058	;# 
   443   000FDB                     PLUSW2          equ	4059	;# 
   444   000FDC                     PREINC2         equ	4060	;# 
   445   000FDD                     POSTDEC2        equ	4061	;# 
   446   000FDE                     POSTINC2        equ	4062	;# 
   447   000FDF                     INDF2           equ	4063	;# 
   448   000FE0                     BSR             equ	4064	;# 
   449   000FE1                     FSR1            equ	4065	;# 
   450   000FE1                     FSR1L           equ	4065	;# 
   451   000FE2                     FSR1H           equ	4066	;# 
   452   000FE3                     PLUSW1          equ	4067	;# 
   453   000FE4                     PREINC1         equ	4068	;# 
   454   000FE5                     POSTDEC1        equ	4069	;# 
   455   000FE6                     POSTINC1        equ	4070	;# 
   456   000FE7                     INDF1           equ	4071	;# 
   457   000FE8                     WREG            equ	4072	;# 
   458   000FE9                     FSR0            equ	4073	;# 
   459   000FE9                     FSR0L           equ	4073	;# 
   460   000FEA                     FSR0H           equ	4074	;# 
   461   000FEB                     PLUSW0          equ	4075	;# 
   462   000FEC                     PREINC0         equ	4076	;# 
   463   000FED                     POSTDEC0        equ	4077	;# 
   464   000FEE                     POSTINC0        equ	4078	;# 
   465   000FEF                     INDF0           equ	4079	;# 
   466   000FF0                     INTCON3         equ	4080	;# 
   467   000FF1                     INTCON2         equ	4081	;# 
   468   000FF2                     INTCON          equ	4082	;# 
   469   000FF3                     PROD            equ	4083	;# 
   470   000FF3                     PRODL           equ	4083	;# 
   471   000FF4                     PRODH           equ	4084	;# 
   472   000FF5                     TABLAT          equ	4085	;# 
   473   000FF6                     TBLPTR          equ	4086	;# 
   474   000FF6                     TBLPTRL         equ	4086	;# 
   475   000FF7                     TBLPTRH         equ	4087	;# 
   476   000FF8                     TBLPTRU         equ	4088	;# 
   477   000FF9                     PCLAT           equ	4089	;# 
   478   000FF9                     PC              equ	4089	;# 
   479   000FF9                     PCL             equ	4089	;# 
   480   000FFA                     PCLATH          equ	4090	;# 
   481   000FFB                     PCLATU          equ	4091	;# 
   482   000FFC                     STKPTR          equ	4092	;# 
   483   000FFD                     TOS             equ	4093	;# 
   484   000FFD                     TOSL            equ	4093	;# 
   485   000FFE                     TOSH            equ	4094	;# 
   486   000FFF                     TOSU            equ	4095	;# 
   487                           
   488                           	psect	idataCOMRAM
   489   003000                     __pidataCOMRAM:
   490                           	callstack 0
   491                           
   492                           ;initializer for main@mask
   493   003000  80                 	db	128
   494   000F81                     _PORTB          set	3969
   495   000F93                     _TRISB          set	3987
   496                           
   497                           ; #config settings
   498                           
   499                           	psect	cinit
   500   0006FA                     __pcinit:
   501                           	callstack 0
   502   0006FA                     start_initialization:
   503                           	callstack 0
   504   0006FA                     __initialization:
   505                           	callstack 0
   506                           
   507                           ; Initialize objects allocated to COMRAM (1 bytes)
   508                           ; load TBLPTR registers with __pidataCOMRAM
   509   0006FA  0E00               	movlw	low __pidataCOMRAM
   510   0006FC  6EF6               	movwf	tblptrl,c
   511   0006FE  0E30               	movlw	high __pidataCOMRAM
   512   000700  6EF7               	movwf	tblptrh,c
   513   000702  0E00               	movlw	low (__pidataCOMRAM shr (0+16))
   514   000704  6EF8               	movwf	tblptru,c
   515   000706  0009               	tblrd		*+	;fetch initializer
   516   000708  CFF5 F005          	movff	tablat,__pdataCOMRAM
   517   00070C                     end_of_initialization:
   518                           	callstack 0
   519   00070C                     __end_of__initialization:
   520                           	callstack 0
   521   00070C  0100               	movlb	0
   522   00070E  EF01  F003         	goto	_main	;jump to C main() function
   523                           
   524                           	psect	dataCOMRAM
   525   000005                     __pdataCOMRAM:
   526                           	callstack 0
   527   000005                     main@mask:
   528                           	callstack 0
   529   000005                     	ds	1
   530                           
   531                           	psect	cstackCOMRAM
   532   000001                     __pcstackCOMRAM:
   533                           	callstack 0
   534   000001                     main@delay:
   535                           	callstack 0
   536   000001                     
   537                           ; 1 bytes @ 0x0
   538   000001                     	ds	2
   539   000003                     main@i:
   540                           	callstack 0
   541                           
   542                           ; 2 bytes @ 0x2
   543   000003                     	ds	2
   544                           
   545 ;;
   546 ;;Main: autosize = 0, tempsize = 0, incstack = 0, save=0
   547 ;;
   548 ;; *************** function _main *****************
   549 ;; Defined at:
   550 ;;		line 11 in file "main.c"
   551 ;; Parameters:    Size  Location     Type
   552 ;;		None
   553 ;; Auto vars:     Size  Location     Type
   554 ;;  i               2    2[COMRAM] int 
   555 ;;  delay           2    0[COMRAM] int 
   556 ;; Return value:  Size  Location     Type
   557 ;;                  1    wreg      void 
   558 ;; Registers used:
   559 ;;		wreg, status,2, status,0
   560 ;; Tracked objects:
   561 ;;		On entry : 0/0
   562 ;;		On exit  : 0/0
   563 ;;		Unchanged: 0/0
   564 ;; Data sizes:     COMRAM   BANK0   BANK1   BANK2   BANK3   BANK4   BANK5
   565 ;;      Params:         0       0       0       0       0       0       0
   566 ;;      Locals:         4       0       0       0       0       0       0
   567 ;;      Temps:          0       0       0       0       0       0       0
   568 ;;      Totals:         4       0       0       0       0       0       0
   569 ;;Total ram usage:        4 bytes
   570 ;; This function calls:
   571 ;;		Nothing
   572 ;; This function is called by:
   573 ;;		Startup code after reset
   574 ;; This function uses a non-reentrant model
   575 ;;
   576                           
   577                           	psect	text0
   578   000602                     __ptext0:
   579                           	callstack 0
   580   000602                     _main:
   581                           	callstack 31
   582   000602                     
   583                           ;main.c: 12:     TRISB = 0x00;
   584   000602  6A93               	clrf	147,c	;volatile
   585                           
   586                           ;main.c: 13:     PORTB = 0x00;
   587   000604  6A81               	clrf	129,c	;volatile
   588   000606                     
   589                           ;main.c: 15:     int i = 0;
   590   000606  6A04               	clrf	(main@i+1)^0,c
   591   000608  0E00               	movlw	0
   592   00060A  6E03               	movwf	main@i^0,c
   593                           
   594                           ;main.c: 16:     int delay = 0;
   595   00060C  6A02               	clrf	(main@delay+1)^0,c
   596   00060E  0E00               	movlw	0
   597   000610  6E01               	movwf	main@delay^0,c
   598   000612                     l814:
   599                           
   600                           ;main.c: 21:         if(delay++ == 30000){
   601   000612  4A01               	infsnz	main@delay^0,f,c
   602   000614  2A02               	incf	(main@delay+1)^0,f,c
   603   000616  0E31               	movlw	49
   604   000618  1801               	xorwf	main@delay^0,w,c
   605   00061A  E107               	bnz	u11
   606   00061C  0E75               	movlw	117
   607   00061E  1802               	xorwf	(main@delay+1)^0,w,c
   608   000620  A4D8               	btfss	status,2,c
   609   000622  EF15  F003         	goto	u11
   610   000626  EF17  F003         	goto	u10
   611   00062A                     u11:
   612   00062A  EF09  F003         	goto	l814
   613   00062E                     u10:
   614   00062E                     
   615                           ;main.c: 22:             if(i<8){
   616   00062E  BE04               	btfsc	(main@i+1)^0,7,c
   617   000630  EF25  F003         	goto	u20
   618   000634  5004               	movf	(main@i+1)^0,w,c
   619   000636  E107               	bnz	u21
   620   000638  0E08               	movlw	8
   621   00063A  5C03               	subwf	main@i^0,w,c
   622   00063C  B0D8               	btfsc	status,0,c
   623   00063E  EF23  F003         	goto	u21
   624   000642  EF25  F003         	goto	u20
   625   000646                     u21:
   626   000646  EF29  F003         	goto	l820
   627   00064A                     u20:
   628   00064A                     
   629                           ;main.c: 23:                 PORTB = (PORTB<<1) | 1;
   630   00064A  80D8               	bsf	status,0,c
   631   00064C  3681               	rlcf	129,f,c	;volatile
   632                           
   633                           ;main.c: 24:             }
   634   00064E  EF74  F003         	goto	l838
   635   000652                     l820:
   636   000652  BE04               	btfsc	(main@i+1)^0,7,c
   637   000654  EF37  F003         	goto	u30
   638   000658  5004               	movf	(main@i+1)^0,w,c
   639   00065A  E107               	bnz	u31
   640   00065C  0E10               	movlw	16
   641   00065E  5C03               	subwf	main@i^0,w,c
   642   000660  B0D8               	btfsc	status,0,c
   643   000662  EF35  F003         	goto	u31
   644   000666  EF37  F003         	goto	u30
   645   00066A                     u31:
   646   00066A  EF3C  F003         	goto	l824
   647   00066E                     u30:
   648   00066E                     
   649                           ;main.c: 26:                 PORTB = PORTB<<1;
   650   00066E  5081               	movf	129,w,c	;volatile
   651   000670  2481               	addwf	129,w,c	;volatile
   652   000672  6E81               	movwf	129,c	;volatile
   653                           
   654                           ;main.c: 27:             }
   655   000674  EF74  F003         	goto	l838
   656   000678                     l824:
   657   000678  BE04               	btfsc	(main@i+1)^0,7,c
   658   00067A  EF4A  F003         	goto	u40
   659   00067E  5004               	movf	(main@i+1)^0,w,c
   660   000680  E107               	bnz	u41
   661   000682  0E18               	movlw	24
   662   000684  5C03               	subwf	main@i^0,w,c
   663   000686  B0D8               	btfsc	status,0,c
   664   000688  EF48  F003         	goto	u41
   665   00068C  EF4A  F003         	goto	u40
   666   000690                     u41:
   667   000690  EF5E  F003         	goto	l834
   668   000694                     u40:
   669   000694                     
   670                           ;main.c: 29:                 if(i==16) mask = 0x80;
   671   000694  0E10               	movlw	16
   672   000696  1803               	xorwf	main@i^0,w,c
   673   000698  1004               	iorwf	(main@i+1)^0,w,c
   674   00069A  A4D8               	btfss	status,2,c
   675   00069C  EF52  F003         	goto	u51
   676   0006A0  EF54  F003         	goto	u50
   677   0006A4                     u51:
   678   0006A4  EF56  F003         	goto	l830
   679   0006A8                     u50:
   680   0006A8  0E80               	movlw	128
   681   0006AA  6E05               	movwf	main@mask^0,c
   682   0006AC                     l830:
   683                           
   684                           ;main.c: 30:                 PORTB = PORTB | mask;
   685   0006AC  5081               	movf	129,w,c	;volatile
   686   0006AE  1005               	iorwf	main@mask^0,w,c
   687   0006B0  6E81               	movwf	129,c	;volatile
   688   0006B2                     
   689                           ;main.c: 31:                 mask = mask >> 1;
   690   0006B2  90D8               	bcf	status,0,c
   691   0006B4  3005               	rrcf	main@mask^0,w,c
   692   0006B6  6E05               	movwf	main@mask^0,c
   693                           
   694                           ;main.c: 35:             }
   695   0006B8  EF74  F003         	goto	l838
   696   0006BC                     l834:
   697   0006BC  BE04               	btfsc	(main@i+1)^0,7,c
   698   0006BE  EF6C  F003         	goto	u60
   699   0006C2  5004               	movf	(main@i+1)^0,w,c
   700   0006C4  E107               	bnz	u61
   701   0006C6  0E20               	movlw	32
   702   0006C8  5C03               	subwf	main@i^0,w,c
   703   0006CA  B0D8               	btfsc	status,0,c
   704   0006CC  EF6A  F003         	goto	u61
   705   0006D0  EF6C  F003         	goto	u60
   706   0006D4                     u61:
   707   0006D4  EF72  F003         	goto	l20
   708   0006D8                     u60:
   709   0006D8                     
   710                           ;main.c: 37:                 PORTB = PORTB & (PORTB>>1);
   711   0006D8  90D8               	bcf	status,0,c
   712   0006DA  3081               	rrcf	129,w,c	;volatile
   713   0006DC  1481               	andwf	129,w,c	;volatile
   714   0006DE  6E81               	movwf	129,c	;volatile
   715                           
   716                           ;main.c: 38:             }
   717   0006E0  EF74  F003         	goto	l838
   718   0006E4                     l20:
   719                           
   720                           ;main.c: 40:                 i=-1;
   721   0006E4  6803               	setf	main@i^0,c
   722   0006E6  6804               	setf	(main@i+1)^0,c
   723   0006E8                     l838:
   724                           
   725                           ;main.c: 42:             i++;
   726   0006E8  4A03               	infsnz	main@i^0,f,c
   727   0006EA  2A04               	incf	(main@i+1)^0,f,c
   728   0006EC                     
   729                           ;main.c: 44:             delay = 0;
   730   0006EC  6A02               	clrf	(main@delay+1)^0,c
   731   0006EE  0E00               	movlw	0
   732   0006F0  6E01               	movwf	main@delay^0,c
   733   0006F2  EF09  F003         	goto	l814
   734   0006F6  EFFE  F017         	goto	start
   735   0006FA                     __end_of_main:
   736                           	callstack 0
   737                           
   738                           	psect	smallconst
   739   000600                     __psmallconst:
   740                           	callstack 0
   741   000600  00                 	db	0
   742   000601  00                 	db	0	; dummy byte at the end
   743   000600                     __smallconst    set	__psmallconst
   744   000600                     __mediumconst   set	__psmallconst
   745   000000                     __activetblptr  equ	0
   746                           
   747                           	psect	rparam
   748   000001                     ___rparam_used  equ	1
   749   000000                     ___param_bank   equ	0
   750   000000                     __Lparam        equ	__Lrparam
   751   000000                     __Hparam        equ	__Hrparam
   752                           tosu	equ	0xFFF
   753                           tosh	equ	0xFFE
   754                           tosl	equ	0xFFD
   755                           stkptr	equ	0xFFC
   756                           pclatu	equ	0xFFB
   757                           pclath	equ	0xFFA
   758                           pcl	equ	0xFF9
   759                           tblptru	equ	0xFF8
   760                           tblptrh	equ	0xFF7
   761                           tblptrl	equ	0xFF6
   762                           tablat	equ	0xFF5
   763                           prodh	equ	0xFF4
   764                           prodl	equ	0xFF3
   765                           indf0	equ	0xFEF
   766                           postinc0	equ	0xFEE
   767                           postdec0	equ	0xFED
   768                           preinc0	equ	0xFEC
   769                           plusw0	equ	0xFEB
   770                           fsr0h	equ	0xFEA
   771                           fsr0l	equ	0xFE9
   772                           wreg	equ	0xFE8
   773                           indf1	equ	0xFE7
   774                           postinc1	equ	0xFE6
   775                           postdec1	equ	0xFE5
   776                           preinc1	equ	0xFE4
   777                           plusw1	equ	0xFE3
   778                           fsr1h	equ	0xFE2
   779                           fsr1l	equ	0xFE1
   780                           bsr	equ	0xFE0
   781                           indf2	equ	0xFDF
   782                           postinc2	equ	0xFDE
   783                           postdec2	equ	0xFDD
   784                           preinc2	equ	0xFDC
   785                           plusw2	equ	0xFDB
   786                           fsr2h	equ	0xFDA
   787                           fsr2l	equ	0xFD9
   788                           status	equ	0xFD8

Data Sizes:
    Strings     0
    Constant    0
    Data        1
    BSS         0
    Persistent  0
    Stack       0

Auto Spaces:
    Space          Size  Autos    Used
    COMRAM           95      4       5
    BANK0           160      0       0
    BANK1           256      0       0
    BANK2           256      0       0
    BANK3           256      0       0
    BANK4           256      0       0
    BANK5           256      0       0

Pointer List with Targets:

    None.

Critical Paths under _main in COMRAM

    None.

Critical Paths under _main in BANK0

    None.

Critical Paths under _main in BANK1

    None.

Critical Paths under _main in BANK2

    None.

Critical Paths under _main in BANK3

    None.

Critical Paths under _main in BANK4

    None.

Critical Paths under _main in BANK5

    None.

Call Graph Tables:

 ---------------------------------------------------------------------------------
 (Depth) Function   	        Calls       Base Space   Used Autos Params    Refs
 ---------------------------------------------------------------------------------
 (0) _main                                                 4     4      0      90
                                              0 COMRAM     4     4      0
 ---------------------------------------------------------------------------------
 Estimated maximum stack depth 0
 ---------------------------------------------------------------------------------

 Call Graph Graphs:

 _main (ROOT)

Address spaces:
Name               Size   Autos  Total    Usage
BIGRAM            1535      0       0      0.0%
BITBIGSFRl         641      0       0      0.0%
BITBANK5           256      0       0      0.0%
BANK5              256      0       0      0.0%
BITBANK4           256      0       0      0.0%
BANK4              256      0       0      0.0%
BITBANK3           256      0       0      0.0%
BANK3              256      0       0      0.0%
BITBANK2           256      0       0      0.0%
BANK2              256      0       0      0.0%
BITBANK1           256      0       0      0.0%
BANK1              256      0       0      0.0%
BITBANK0           160      0       0      0.0%
BANK0              160      0       0      0.0%
BITBIGSFRh         126      0       0      0.0%
BITCOMRAM           95      0       0      0.0%
COMRAM              95      4       5      5.3%
STACK                0      0       0      0.0%
DATA                 0      0       5      0.0%


Microchip Technology PIC18 Macro Assembler V4.00 build 20260614213421 
Symbol Table                                                                                   Mon Sep 28 15:32:19 2026

                     l20 06E4                       u10 062E                       u11 062A  
                     u20 064A                       u21 0646                       u30 066E  
                     u31 066A                       u40 0694                       u41 0690  
                     u50 06A8                       u51 06A4                       u60 06D8  
                     u61 06D4                      l810 0602                      l820 0652  
                    l812 0606                      l830 06AC                      l822 066E  
                    l814 0612                      l840 06EC                      l832 06B2  
                    l824 0678                      l816 062E                      l826 0694  
                    l834 06BC                      l818 064A                      l836 06D8  
                    l828 06A8                      l838 06E8                     _main 0602  
                   start 2FFC             ___param_bank 0000                    ?_main 0001  
                  _PORTB 0F81                    _TRISB 0F93                    main@i 0003  
                  tablat 0FF5                    status 0FD8          __initialization 06FA  
           __end_of_main 06FA                   ??_main 0001            __activetblptr 0000  
                 isa$std 0001             __pdataCOMRAM 0005             __mediumconst 0600  
                 tblptrh 0FF7                   tblptrl 0FF6                   tblptru 0FF8  
             __accesstop 0060  __end_of__initialization 070C            ___rparam_used 0001  
         __pcstackCOMRAM 0001                  __Hparam 0000                  __Lparam 0000  
           __psmallconst 0600                  __pcinit 06FA                  __ramtop 0600  
                __ptext0 0602     end_of_initialization 070C            __pidataCOMRAM 3000  
    start_initialization 06FA              __smallconst 0600                main@delay 0001  
               __Hrparam 0000                 __Lrparam 0000                 isa$xinst 0000  
               main@mask 0005  
