

Microchip MPLAB XC8 Assembler V4.00 build 20260614213421 
                                                                                               Mon Sep 28 17:27:37 2026

Microchip MPLAB XC8 C Compiler v4.00 build 20260614213421 Og1 
     1                           	processor	18F4580
     2                           	fnconf	rparam,??,?,0
     3                           	pagewidth 120
     4                           	psect	idataCOMRAM,global,class=CODE,space=0,delta=1,noexec
     5                           	psect	cinit,global,reloc=2,class=CODE,space=0,delta=1
     6                           	psect	dataCOMRAM,global,class=COMRAM,space=1,delta=1,lowdata,noexec
     7                           	psect	cstackCOMRAM,global,class=COMRAM,space=1,delta=1,lowdata,noexec
     8                           	psect	text0,global,reloc=2,class=CODE,space=0,delta=1
     9                           	psect	text1,global,reloc=2,class=CODE,space=0,delta=1
    10                           	psect	text2,global,reloc=2,class=CODE,space=0,delta=1
    11                           	psect	text3,global,reloc=2,class=CODE,space=0,delta=1
    12                           	psect	text4,global,reloc=2,class=CODE,space=0,delta=1,group=1
    13                           	psect	text5,global,reloc=2,class=CODE,space=0,delta=1,group=1
    14                           	psect	smallconst,global,reloc=2,class=SMALLCONST,space=0,delta=1,noexec
    15                           	psect	intsave_regs,global,class=BIGRAM,space=1,delta=1,noexec
    16                           	psect	rparam,global,class=COMRAM,space=1,delta=1,noexec
    17   000000                     
    18                           ; Generated 02/09/2026 GMT
    19                           ; 
    20                           ; Copyright (c) 2026 Microchip Technology Inc. and its subsidiaries.
    21                           ; 
    22                           ; Licensed under the Apache License, Version 2.0 (the "License");
    23                           ; you may not use this file except in compliance with the License.
    24                           ; You may obtain a copy of the License at
    25                           ; 
    26                           ;   http://www.apache.org/licenses/LICENSE-2.0
    27                           ; 
    28                           ; Unless required by applicable law or agreed to in writing, software
    29                           ; distributed under the License is distributed on an "AS IS" BASIS,
    30                           ; WITHOUT WARRANTIES OR CONDITIONS OF ANY KIND, either express or implied.
    31                           ; See the License for the specific language governing permissions and
    32                           ; limitations under the License.
    33                           ; 
    34                           ; 
    35                           ; Code-generator required, PIC18F4580 Definitions
    36                           ; 
    37                           ; SFR Addresses
    38   000FE0                     bsr             equ	4064
    39   000FE9                     fsr0            equ	4073
    40   000FEA                     fsr0h           equ	4074
    41   000FE9                     fsr0l           equ	4073
    42   000FE1                     fsr1            equ	4065
    43   000FE2                     fsr1h           equ	4066
    44   000FE1                     fsr1l           equ	4065
    45   000FD9                     fsr2            equ	4057
    46   000FDA                     fsr2h           equ	4058
    47   000FD9                     fsr2l           equ	4057
    48   000FEF                     indf0           equ	4079
    49   000FE7                     indf1           equ	4071
    50   000FDF                     indf2           equ	4063
    51   000FF2                     intcon          equ	4082
    52   000000                     nvmcon          equ	0
    53   000FF9                     pcl             equ	4089
    54   000FFA                     pclath          equ	4090
    55   000FFB                     pclatu          equ	4091
    56   000FEB                     plusw0          equ	4075
    57   000FE3                     plusw1          equ	4067
    58   000FDB                     plusw2          equ	4059
    59   000FED                     postdec0        equ	4077
    60   000FE5                     postdec1        equ	4069
    61   000FDD                     postdec2        equ	4061
    62   000FEE                     postinc0        equ	4078
    63   000FE6                     postinc1        equ	4070
    64   000FDE                     postinc2        equ	4062
    65   000FEC                     preinc0         equ	4076
    66   000FE4                     preinc1         equ	4068
    67   000FDC                     preinc2         equ	4060
    68   000FF3                     prod            equ	4083
    69   000FF4                     prodh           equ	4084
    70   000FF3                     prodl           equ	4083
    71   000FD8                     status          equ	4056
    72   000FF5                     tablat          equ	4085
    73   000FF6                     tblptr          equ	4086
    74   000FF7                     tblptrh         equ	4087
    75   000FF6                     tblptrl         equ	4086
    76   000FF8                     tblptru         equ	4088
    77   000FFD                     tosl            equ	4093
    78   000FE8                     wreg            equ	4072
    79   000D60                     RXF6SIDH        equ	3424	;# 
    80   000D61                     RXF6SIDL        equ	3425	;# 
    81   000D62                     RXF6EIDH        equ	3426	;# 
    82   000D63                     RXF6EIDL        equ	3427	;# 
    83   000D64                     RXF7SIDH        equ	3428	;# 
    84   000D65                     RXF7SIDL        equ	3429	;# 
    85   000D66                     RXF7EIDH        equ	3430	;# 
    86   000D67                     RXF7EIDL        equ	3431	;# 
    87   000D68                     RXF8SIDH        equ	3432	;# 
    88   000D69                     RXF8SIDL        equ	3433	;# 
    89   000D6A                     RXF8EIDH        equ	3434	;# 
    90   000D6B                     RXF8EIDL        equ	3435	;# 
    91   000D70                     RXF9SIDH        equ	3440	;# 
    92   000D71                     RXF9SIDL        equ	3441	;# 
    93   000D72                     RXF9EIDH        equ	3442	;# 
    94   000D73                     RXF9EIDL        equ	3443	;# 
    95   000D74                     RXF10SIDH       equ	3444	;# 
    96   000D75                     RXF10SIDL       equ	3445	;# 
    97   000D76                     RXF10EIDH       equ	3446	;# 
    98   000D77                     RXF10EIDL       equ	3447	;# 
    99   000D78                     RXF11SIDH       equ	3448	;# 
   100   000D79                     RXF11SIDL       equ	3449	;# 
   101   000D7A                     RXF11EIDH       equ	3450	;# 
   102   000D7B                     RXF11EIDL       equ	3451	;# 
   103   000D80                     RXF12SIDH       equ	3456	;# 
   104   000D81                     RXF12SIDL       equ	3457	;# 
   105   000D82                     RXF12EIDH       equ	3458	;# 
   106   000D83                     RXF12EIDL       equ	3459	;# 
   107   000D84                     RXF13SIDH       equ	3460	;# 
   108   000D85                     RXF13SIDL       equ	3461	;# 
   109   000D86                     RXF13EIDH       equ	3462	;# 
   110   000D87                     RXF13EIDL       equ	3463	;# 
   111   000D88                     RXF14SIDH       equ	3464	;# 
   112   000D89                     RXF14SIDL       equ	3465	;# 
   113   000D8A                     RXF14EIDH       equ	3466	;# 
   114   000D8B                     RXF14EIDL       equ	3467	;# 
   115   000D90                     RXF15SIDH       equ	3472	;# 
   116   000D91                     RXF15SIDL       equ	3473	;# 
   117   000D92                     RXF15EIDH       equ	3474	;# 
   118   000D93                     RXF15EIDL       equ	3475	;# 
   119   000DD4                     RXFCON0         equ	3540	;# 
   120   000DD5                     RXFCON1         equ	3541	;# 
   121   000DD8                     SDFLC           equ	3544	;# 
   122   000DE0                     RXFBCON0        equ	3552	;# 
   123   000DE1                     RXFBCON1        equ	3553	;# 
   124   000DE2                     RXFBCON2        equ	3554	;# 
   125   000DE3                     RXFBCON3        equ	3555	;# 
   126   000DE4                     RXFBCON4        equ	3556	;# 
   127   000DE5                     RXFBCON5        equ	3557	;# 
   128   000DE6                     RXFBCON6        equ	3558	;# 
   129   000DE7                     RXFBCON7        equ	3559	;# 
   130   000DF0                     MSEL0           equ	3568	;# 
   131   000DF1                     MSEL1           equ	3569	;# 
   132   000DF2                     MSEL2           equ	3570	;# 
   133   000DF3                     MSEL3           equ	3571	;# 
   134   000DF8                     BSEL0           equ	3576	;# 
   135   000DFA                     BIE0            equ	3578	;# 
   136   000DFC                     TXBIE           equ	3580	;# 
   137   000E20                     B0CON           equ	3616	;# 
   138   000E21                     B0SIDH          equ	3617	;# 
   139   000E22                     B0SIDL          equ	3618	;# 
   140   000E23                     B0EIDH          equ	3619	;# 
   141   000E24                     B0EIDL          equ	3620	;# 
   142   000E25                     B0DLC           equ	3621	;# 
   143   000E26                     B0D0            equ	3622	;# 
   144   000E27                     B0D1            equ	3623	;# 
   145   000E28                     B0D2            equ	3624	;# 
   146   000E29                     B0D3            equ	3625	;# 
   147   000E2A                     B0D4            equ	3626	;# 
   148   000E2B                     B0D5            equ	3627	;# 
   149   000E2C                     B0D6            equ	3628	;# 
   150   000E2D                     B0D7            equ	3629	;# 
   151   000E2E                     CANSTAT_RO9     equ	3630	;# 
   152   000E2F                     CANCON_RO9      equ	3631	;# 
   153   000E30                     B1CON           equ	3632	;# 
   154   000E31                     B1SIDH          equ	3633	;# 
   155   000E32                     B1SIDL          equ	3634	;# 
   156   000E33                     B1EIDH          equ	3635	;# 
   157   000E34                     B1EIDL          equ	3636	;# 
   158   000E35                     B1DLC           equ	3637	;# 
   159   000E36                     B1D0            equ	3638	;# 
   160   000E37                     B1D1            equ	3639	;# 
   161   000E38                     B1D2            equ	3640	;# 
   162   000E39                     B1D3            equ	3641	;# 
   163   000E3A                     B1D4            equ	3642	;# 
   164   000E3B                     B1D5            equ	3643	;# 
   165   000E3C                     B1D6            equ	3644	;# 
   166   000E3D                     B1D7            equ	3645	;# 
   167   000E3E                     CANSTAT_RO8     equ	3646	;# 
   168   000E3F                     CANCON_RO8      equ	3647	;# 
   169   000E40                     B2CON           equ	3648	;# 
   170   000E41                     B2SIDH          equ	3649	;# 
   171   000E42                     B2SIDL          equ	3650	;# 
   172   000E43                     B2EIDH          equ	3651	;# 
   173   000E44                     B2EIDL          equ	3652	;# 
   174   000E45                     B2DLC           equ	3653	;# 
   175   000E46                     B2D0            equ	3654	;# 
   176   000E47                     B2D1            equ	3655	;# 
   177   000E48                     B2D2            equ	3656	;# 
   178   000E49                     B2D3            equ	3657	;# 
   179   000E4A                     B2D4            equ	3658	;# 
   180   000E4B                     B2D5            equ	3659	;# 
   181   000E4C                     B2D6            equ	3660	;# 
   182   000E4D                     B2D7            equ	3661	;# 
   183   000E4E                     CANSTAT_RO7     equ	3662	;# 
   184   000E4F                     CANCON_RO7      equ	3663	;# 
   185   000E50                     B3CON           equ	3664	;# 
   186   000E51                     B3SIDH          equ	3665	;# 
   187   000E52                     B3SIDL          equ	3666	;# 
   188   000E53                     B3EIDH          equ	3667	;# 
   189   000E54                     B3EIDL          equ	3668	;# 
   190   000E55                     B3DLC           equ	3669	;# 
   191   000E56                     B3D0            equ	3670	;# 
   192   000E57                     B3D1            equ	3671	;# 
   193   000E58                     B3D2            equ	3672	;# 
   194   000E59                     B3D3            equ	3673	;# 
   195   000E5A                     B3D4            equ	3674	;# 
   196   000E5B                     B3D5            equ	3675	;# 
   197   000E5C                     B3D6            equ	3676	;# 
   198   000E5D                     B3D7            equ	3677	;# 
   199   000E5E                     CANSTAT_RO6     equ	3678	;# 
   200   000E5F                     CANCON_RO6      equ	3679	;# 
   201   000E60                     B4CON           equ	3680	;# 
   202   000E61                     B4SIDH          equ	3681	;# 
   203   000E62                     B4SIDL          equ	3682	;# 
   204   000E63                     B4EIDH          equ	3683	;# 
   205   000E64                     B4EIDL          equ	3684	;# 
   206   000E65                     B4DLC           equ	3685	;# 
   207   000E66                     B4D0            equ	3686	;# 
   208   000E67                     B4D1            equ	3687	;# 
   209   000E68                     B4D2            equ	3688	;# 
   210   000E69                     B4D3            equ	3689	;# 
   211   000E6A                     B4D4            equ	3690	;# 
   212   000E6B                     B4D5            equ	3691	;# 
   213   000E6C                     B4D6            equ	3692	;# 
   214   000E6D                     B4D7            equ	3693	;# 
   215   000E6E                     CANSTAT_RO5     equ	3694	;# 
   216   000E6F                     CANCON_RO5      equ	3695	;# 
   217   000E70                     B5CON           equ	3696	;# 
   218   000E71                     B5SIDH          equ	3697	;# 
   219   000E72                     B5SIDL          equ	3698	;# 
   220   000E73                     B5EIDH          equ	3699	;# 
   221   000E74                     B5EIDL          equ	3700	;# 
   222   000E75                     B5DLC           equ	3701	;# 
   223   000E76                     B5D0            equ	3702	;# 
   224   000E77                     B5D1            equ	3703	;# 
   225   000E78                     B5D2            equ	3704	;# 
   226   000E79                     B5D3            equ	3705	;# 
   227   000E7A                     B5D4            equ	3706	;# 
   228   000E7B                     B5D5            equ	3707	;# 
   229   000E7C                     B5D6            equ	3708	;# 
   230   000E7D                     B5D7            equ	3709	;# 
   231   000E7E                     CANSTAT_RO4     equ	3710	;# 
   232   000E7F                     CANCON_RO4      equ	3711	;# 
   233   000F00                     RXF0SIDH        equ	3840	;# 
   234   000F01                     RXF0SIDL        equ	3841	;# 
   235   000F02                     RXF0EIDH        equ	3842	;# 
   236   000F03                     RXF0EIDL        equ	3843	;# 
   237   000F04                     RXF1SIDH        equ	3844	;# 
   238   000F05                     RXF1SIDL        equ	3845	;# 
   239   000F06                     RXF1EIDH        equ	3846	;# 
   240   000F07                     RXF1EIDL        equ	3847	;# 
   241   000F08                     RXF2SIDH        equ	3848	;# 
   242   000F09                     RXF2SIDL        equ	3849	;# 
   243   000F0A                     RXF2EIDH        equ	3850	;# 
   244   000F0B                     RXF2EIDL        equ	3851	;# 
   245   000F0C                     RXF3SIDH        equ	3852	;# 
   246   000F0D                     RXF3SIDL        equ	3853	;# 
   247   000F0E                     RXF3EIDH        equ	3854	;# 
   248   000F0F                     RXF3EIDL        equ	3855	;# 
   249   000F10                     RXF4SIDH        equ	3856	;# 
   250   000F11                     RXF4SIDL        equ	3857	;# 
   251   000F12                     RXF4EIDH        equ	3858	;# 
   252   000F13                     RXF4EIDL        equ	3859	;# 
   253   000F14                     RXF5SIDH        equ	3860	;# 
   254   000F15                     RXF5SIDL        equ	3861	;# 
   255   000F16                     RXF5EIDH        equ	3862	;# 
   256   000F17                     RXF5EIDL        equ	3863	;# 
   257   000F18                     RXM0SIDH        equ	3864	;# 
   258   000F19                     RXM0SIDL        equ	3865	;# 
   259   000F1A                     RXM0EIDH        equ	3866	;# 
   260   000F1B                     RXM0EIDL        equ	3867	;# 
   261   000F1C                     RXM1SIDH        equ	3868	;# 
   262   000F1D                     RXM1SIDL        equ	3869	;# 
   263   000F1E                     RXM1EIDH        equ	3870	;# 
   264   000F1F                     RXM1EIDL        equ	3871	;# 
   265   000F20                     TXB2CON         equ	3872	;# 
   266   000F21                     TXB2SIDH        equ	3873	;# 
   267   000F22                     TXB2SIDL        equ	3874	;# 
   268   000F23                     TXB2EIDH        equ	3875	;# 
   269   000F24                     TXB2EIDL        equ	3876	;# 
   270   000F25                     TXB2DLC         equ	3877	;# 
   271   000F26                     TXB2D0          equ	3878	;# 
   272   000F27                     TXB2D1          equ	3879	;# 
   273   000F28                     TXB2D2          equ	3880	;# 
   274   000F29                     TXB2D3          equ	3881	;# 
   275   000F2A                     TXB2D4          equ	3882	;# 
   276   000F2B                     TXB2D5          equ	3883	;# 
   277   000F2C                     TXB2D6          equ	3884	;# 
   278   000F2D                     TXB2D7          equ	3885	;# 
   279   000F2E                     CANSTAT_RO3     equ	3886	;# 
   280   000F2F                     CANCON_RO3      equ	3887	;# 
   281   000F30                     TXB1CON         equ	3888	;# 
   282   000F31                     TXB1SIDH        equ	3889	;# 
   283   000F32                     TXB1SIDL        equ	3890	;# 
   284   000F33                     TXB1EIDH        equ	3891	;# 
   285   000F34                     TXB1EIDL        equ	3892	;# 
   286   000F35                     TXB1DLC         equ	3893	;# 
   287   000F36                     TXB1D0          equ	3894	;# 
   288   000F37                     TXB1D1          equ	3895	;# 
   289   000F38                     TXB1D2          equ	3896	;# 
   290   000F39                     TXB1D3          equ	3897	;# 
   291   000F3A                     TXB1D4          equ	3898	;# 
   292   000F3B                     TXB1D5          equ	3899	;# 
   293   000F3C                     TXB1D6          equ	3900	;# 
   294   000F3D                     TXB1D7          equ	3901	;# 
   295   000F3E                     CANSTAT_RO2     equ	3902	;# 
   296   000F3F                     CANCON_RO2      equ	3903	;# 
   297   000F40                     TXB0CON         equ	3904	;# 
   298   000F41                     TXB0SIDH        equ	3905	;# 
   299   000F42                     TXB0SIDL        equ	3906	;# 
   300   000F43                     TXB0EIDH        equ	3907	;# 
   301   000F44                     TXB0EIDL        equ	3908	;# 
   302   000F45                     TXB0DLC         equ	3909	;# 
   303   000F46                     TXB0D0          equ	3910	;# 
   304   000F47                     TXB0D1          equ	3911	;# 
   305   000F48                     TXB0D2          equ	3912	;# 
   306   000F49                     TXB0D3          equ	3913	;# 
   307   000F4A                     TXB0D4          equ	3914	;# 
   308   000F4B                     TXB0D5          equ	3915	;# 
   309   000F4C                     TXB0D6          equ	3916	;# 
   310   000F4D                     TXB0D7          equ	3917	;# 
   311   000F4E                     CANSTAT_RO1     equ	3918	;# 
   312   000F4F                     CANCON_RO1      equ	3919	;# 
   313   000F50                     RXB1CON         equ	3920	;# 
   314   000F51                     RXB1SIDH        equ	3921	;# 
   315   000F52                     RXB1SIDL        equ	3922	;# 
   316   000F53                     RXB1EIDH        equ	3923	;# 
   317   000F54                     RXB1EIDL        equ	3924	;# 
   318   000F55                     RXB1DLC         equ	3925	;# 
   319   000F56                     RXB1D0          equ	3926	;# 
   320   000F57                     RXB1D1          equ	3927	;# 
   321   000F58                     RXB1D2          equ	3928	;# 
   322   000F59                     RXB1D3          equ	3929	;# 
   323   000F5A                     RXB1D4          equ	3930	;# 
   324   000F5B                     RXB1D5          equ	3931	;# 
   325   000F5C                     RXB1D6          equ	3932	;# 
   326   000F5D                     RXB1D7          equ	3933	;# 
   327   000F5E                     CANSTAT_RO0     equ	3934	;# 
   328   000F5F                     CANCON_RO0      equ	3935	;# 
   329   000F60                     RXB0CON         equ	3936	;# 
   330   000F61                     RXB0SIDH        equ	3937	;# 
   331   000F62                     RXB0SIDL        equ	3938	;# 
   332   000F63                     RXB0EIDH        equ	3939	;# 
   333   000F64                     RXB0EIDL        equ	3940	;# 
   334   000F65                     RXB0DLC         equ	3941	;# 
   335   000F66                     RXB0D0          equ	3942	;# 
   336   000F67                     RXB0D1          equ	3943	;# 
   337   000F68                     RXB0D2          equ	3944	;# 
   338   000F69                     RXB0D3          equ	3945	;# 
   339   000F6A                     RXB0D4          equ	3946	;# 
   340   000F6B                     RXB0D5          equ	3947	;# 
   341   000F6C                     RXB0D6          equ	3948	;# 
   342   000F6D                     RXB0D7          equ	3949	;# 
   343   000F6E                     CANSTAT         equ	3950	;# 
   344   000F6F                     CANCON          equ	3951	;# 
   345   000F70                     BRGCON1         equ	3952	;# 
   346   000F71                     BRGCON2         equ	3953	;# 
   347   000F72                     BRGCON3         equ	3954	;# 
   348   000F73                     CIOCON          equ	3955	;# 
   349   000F74                     COMSTAT         equ	3956	;# 
   350   000F75                     RXERRCNT        equ	3957	;# 
   351   000F76                     TXERRCNT        equ	3958	;# 
   352   000F77                     ECANCON         equ	3959	;# 
   353   000F80                     PORTA           equ	3968	;# 
   354   000F81                     PORTB           equ	3969	;# 
   355   000F82                     PORTC           equ	3970	;# 
   356   000F83                     PORTD           equ	3971	;# 
   357   000F84                     PORTE           equ	3972	;# 
   358   000F89                     LATA            equ	3977	;# 
   359   000F8A                     LATB            equ	3978	;# 
   360   000F8B                     LATC            equ	3979	;# 
   361   000F8C                     LATD            equ	3980	;# 
   362   000F8D                     LATE            equ	3981	;# 
   363   000F92                     TRISA           equ	3986	;# 
   364   000F92                     DDRA            equ	3986	;# 
   365   000F93                     TRISB           equ	3987	;# 
   366   000F93                     DDRB            equ	3987	;# 
   367   000F94                     TRISC           equ	3988	;# 
   368   000F94                     DDRC            equ	3988	;# 
   369   000F95                     TRISD           equ	3989	;# 
   370   000F95                     DDRD            equ	3989	;# 
   371   000F96                     TRISE           equ	3990	;# 
   372   000F96                     DDRE            equ	3990	;# 
   373   000F9B                     OSCTUNE         equ	3995	;# 
   374   000F9D                     PIE1            equ	3997	;# 
   375   000F9E                     PIR1            equ	3998	;# 
   376   000F9F                     IPR1            equ	3999	;# 
   377   000FA0                     PIE2            equ	4000	;# 
   378   000FA1                     PIR2            equ	4001	;# 
   379   000FA2                     IPR2            equ	4002	;# 
   380   000FA3                     PIE3            equ	4003	;# 
   381   000FA4                     PIR3            equ	4004	;# 
   382   000FA5                     IPR3            equ	4005	;# 
   383   000FA6                     EECON1          equ	4006	;# 
   384   000FA7                     EECON2          equ	4007	;# 
   385   000FA8                     EEDATA          equ	4008	;# 
   386   000FA9                     EEADR           equ	4009	;# 
   387   000FAB                     RCSTA           equ	4011	;# 
   388   000FAB                     RCSTA1          equ	4011	;# 
   389   000FAC                     TXSTA           equ	4012	;# 
   390   000FAC                     TXSTA1          equ	4012	;# 
   391   000FAD                     TXREG           equ	4013	;# 
   392   000FAD                     TXREG1          equ	4013	;# 
   393   000FAE                     RCREG           equ	4014	;# 
   394   000FAE                     RCREG1          equ	4014	;# 
   395   000FAF                     SPBRG           equ	4015	;# 
   396   000FAF                     SPBRG1          equ	4015	;# 
   397   000FB0                     SPBRGH          equ	4016	;# 
   398   000FB1                     T3CON           equ	4017	;# 
   399   000FB2                     TMR3            equ	4018	;# 
   400   000FB2                     TMR3L           equ	4018	;# 
   401   000FB3                     TMR3H           equ	4019	;# 
   402   000FB4                     CMCON           equ	4020	;# 
   403   000FB5                     CVRCON          equ	4021	;# 
   404   000FB6                     ECCP1AS         equ	4022	;# 
   405   000FB7                     ECCP1DEL        equ	4023	;# 
   406   000FB8                     BAUDCON         equ	4024	;# 
   407   000FB8                     BAUDCTL         equ	4024	;# 
   408   000FBA                     ECCP1CON        equ	4026	;# 
   409   000FBB                     ECCPR1          equ	4027	;# 
   410   000FBB                     ECCPR1L         equ	4027	;# 
   411   000FBC                     ECCPR1H         equ	4028	;# 
   412   000FBD                     CCP1CON         equ	4029	;# 
   413   000FBE                     CCPR1           equ	4030	;# 
   414   000FBE                     CCPR1L          equ	4030	;# 
   415   000FBF                     CCPR1H          equ	4031	;# 
   416   000FC0                     ADCON2          equ	4032	;# 
   417   000FC1                     ADCON1          equ	4033	;# 
   418   000FC2                     ADCON0          equ	4034	;# 
   419   000FC3                     ADRES           equ	4035	;# 
   420   000FC3                     ADRESL          equ	4035	;# 
   421   000FC4                     ADRESH          equ	4036	;# 
   422   000FC5                     SSPCON2         equ	4037	;# 
   423   000FC6                     SSPCON1         equ	4038	;# 
   424   000FC7                     SSPSTAT         equ	4039	;# 
   425   000FC8                     SSPADD          equ	4040	;# 
   426   000FC9                     SSPBUF          equ	4041	;# 
   427   000FCA                     T2CON           equ	4042	;# 
   428   000FCB                     PR2             equ	4043	;# 
   429   000FCB                     MEMCON          equ	4043	;# 
   430   000FCC                     TMR2            equ	4044	;# 
   431   000FCD                     T1CON           equ	4045	;# 
   432   000FCE                     TMR1            equ	4046	;# 
   433   000FCE                     TMR1L           equ	4046	;# 
   434   000FCF                     TMR1H           equ	4047	;# 
   435   000FD0                     RCON            equ	4048	;# 
   436   000FD1                     WDTCON          equ	4049	;# 
   437   000FD2                     HLVDCON         equ	4050	;# 
   438   000FD2                     LVDCON          equ	4050	;# 
   439   000FD3                     OSCCON          equ	4051	;# 
   440   000FD5                     T0CON           equ	4053	;# 
   441   000FD6                     TMR0            equ	4054	;# 
   442   000FD6                     TMR0L           equ	4054	;# 
   443   000FD7                     TMR0H           equ	4055	;# 
   444   000FD8                     STATUS          equ	4056	;# 
   445   000FD9                     FSR2            equ	4057	;# 
   446   000FD9                     FSR2L           equ	4057	;# 
   447   000FDA                     FSR2H           equ	4058	;# 
   448   000FDB                     PLUSW2          equ	4059	;# 
   449   000FDC                     PREINC2         equ	4060	;# 
   450   000FDD                     POSTDEC2        equ	4061	;# 
   451   000FDE                     POSTINC2        equ	4062	;# 
   452   000FDF                     INDF2           equ	4063	;# 
   453   000FE0                     BSR             equ	4064	;# 
   454   000FE1                     FSR1            equ	4065	;# 
   455   000FE1                     FSR1L           equ	4065	;# 
   456   000FE2                     FSR1H           equ	4066	;# 
   457   000FE3                     PLUSW1          equ	4067	;# 
   458   000FE4                     PREINC1         equ	4068	;# 
   459   000FE5                     POSTDEC1        equ	4069	;# 
   460   000FE6                     POSTINC1        equ	4070	;# 
   461   000FE7                     INDF1           equ	4071	;# 
   462   000FE8                     WREG            equ	4072	;# 
   463   000FE9                     FSR0            equ	4073	;# 
   464   000FE9                     FSR0L           equ	4073	;# 
   465   000FEA                     FSR0H           equ	4074	;# 
   466   000FEB                     PLUSW0          equ	4075	;# 
   467   000FEC                     PREINC0         equ	4076	;# 
   468   000FED                     POSTDEC0        equ	4077	;# 
   469   000FEE                     POSTINC0        equ	4078	;# 
   470   000FEF                     INDF0           equ	4079	;# 
   471   000FF0                     INTCON3         equ	4080	;# 
   472   000FF1                     INTCON2         equ	4081	;# 
   473   000FF2                     INTCON          equ	4082	;# 
   474   000FF3                     PROD            equ	4083	;# 
   475   000FF3                     PRODL           equ	4083	;# 
   476   000FF4                     PRODH           equ	4084	;# 
   477   000FF5                     TABLAT          equ	4085	;# 
   478   000FF6                     TBLPTR          equ	4086	;# 
   479   000FF6                     TBLPTRL         equ	4086	;# 
   480   000FF7                     TBLPTRH         equ	4087	;# 
   481   000FF8                     TBLPTRU         equ	4088	;# 
   482   000FF9                     PCLAT           equ	4089	;# 
   483   000FF9                     PC              equ	4089	;# 
   484   000FF9                     PCL             equ	4089	;# 
   485   000FFA                     PCLATH          equ	4090	;# 
   486   000FFB                     PCLATU          equ	4091	;# 
   487   000FFC                     STKPTR          equ	4092	;# 
   488   000FFD                     TOS             equ	4093	;# 
   489   000FFD                     TOSL            equ	4093	;# 
   490   000FFE                     TOSH            equ	4094	;# 
   491   000FFF                     TOSU            equ	4095	;# 
   492                           
   493                           	psect	idataCOMRAM
   494   000990                     __pidataCOMRAM:
   495                           	callstack 0
   496                           
   497                           ;initializer for main@F10613
   498   000990  E7                 	db	231
   499   000991  21                 	db	33
   500   000992  CB                 	db	203
   501   000993  6B                 	db	107
   502   000994  2D                 	db	45
   503   000995  6E                 	db	110
   504   000996  EE                 	db	238
   505   000997  23                 	db	35
   506   000998  EF                 	db	239
   507   000999  6F                 	db	111
   508   000F94                     _TRISC          set	3988
   509   000F92                     _TRISA          set	3986
   510   000F95                     _TRISD          set	3989
   511   000F83                     _PORTD          set	3971
   512   000F80                     _PORTA          set	3968
   513   000FA7                     _EECON2         set	4007
   514   000FA8                     _EEDATA         set	4008
   515   000FA9                     _EEADR          set	4009
   516   007C11                     _RC1            set	31761
   517   007C10                     _RC0            set	31760
   518   007D30                     _RD             set	32048
   519   007D0C                     _EEIF           set	32012
   520   007D31                     _WR             set	32049
   521   007F97                     _GIE            set	32663
   522   007D32                     _WREN           set	32050
   523   007D36                     _CFGS           set	32054
   524   007D37                     _EEPGD          set	32055
   525                           
   526                           ; #config settings
   527                           
   528                           	psect	cinit
   529   00095A                     __pcinit:
   530                           	callstack 0
   531   00095A                     start_initialization:
   532                           	callstack 0
   533   00095A                     __initialization:
   534                           	callstack 0
   535                           
   536                           ; Initialize objects allocated to COMRAM (10 bytes)
   537                           ; load TBLPTR registers with __pidataCOMRAM
   538   00095A  0E90               	movlw	low __pidataCOMRAM
   539   00095C  6EF6               	movwf	tblptrl,c
   540   00095E  0E09               	movlw	high __pidataCOMRAM
   541   000960  6EF7               	movwf	tblptrh,c
   542   000962  0E00               	movlw	low (__pidataCOMRAM shr (0+16))
   543   000964  6EF8               	movwf	tblptru,c
   544   000966  EE00  F027         	lfsr	0,__pdataCOMRAM
   545   00096A  EE10 F00A          	lfsr	1,10
   546   00096E                     copy_data0:
   547   00096E  0009               	tblrd		*+
   548   000970  CFF5 FFEE          	movff	tablat,postinc0
   549   000974  50E5               	movf	postdec1,w,c
   550   000976  50E1               	movf	fsr1l,w,c
   551   000978  E1FA               	bnz	copy_data0
   552   00097A                     end_of_initialization:
   553                           	callstack 0
   554   00097A                     __end_of__initialization:
   555                           	callstack 0
   556   00097A  0100               	movlb	0
   557   00097C  EF01  F003         	goto	_main	;jump to C main() function
   558                           
   559                           	psect	dataCOMRAM
   560   000027                     __pdataCOMRAM:
   561                           	callstack 0
   562   000027                     main@F10613:
   563                           	callstack 0
   564   000027                     	ds	10
   565                           
   566                           	psect	cstackCOMRAM
   567   000001                     __pcstackCOMRAM:
   568                           	callstack 0
   569   000001                     ?___lwdiv:
   570                           	callstack 0
   571   000001                     write_internal_eeprom@data:
   572                           	callstack 0
   573   000001                     read_internal_eeprom@address:
   574                           	callstack 0
   575   000001                     display@ssd:
   576                           	callstack 0
   577   000001                     ___lwdiv@dividend:
   578                           	callstack 0
   579   000001                     
   580                           ; 1 bytes @ 0x0
   581   000001                     	ds	1
   582   000002                     write_internal_eeprom@address:
   583                           	callstack 0
   584   000002                     ??_display:
   585                           
   586                           ; 1 bytes @ 0x1
   587   000002                     	ds	1
   588   000003                     ___lwdiv@divisor:
   589                           	callstack 0
   590                           
   591                           ; 2 bytes @ 0x2
   592   000003                     	ds	1
   593   000004                     display@delay:
   594                           	callstack 0
   595                           
   596                           ; 2 bytes @ 0x3
   597   000004                     	ds	1
   598   000005                     ___lwdiv@quotient:
   599                           	callstack 0
   600   000005                     
   601                           ; 1 bytes @ 0x4
   602   000005                     	ds	1
   603   000006                     display@i:
   604                           	callstack 0
   605                           
   606                           ; 2 bytes @ 0x5
   607   000006                     	ds	1
   608   000007                     ___lwdiv@counter:
   609                           	callstack 0
   610                           
   611                           ; 1 bytes @ 0x6
   612   000007                     	ds	1
   613   000008                     ?___lwmod:
   614                           	callstack 0
   615   000008                     ___lwmod@dividend:
   616                           	callstack 0
   617                           
   618                           ; 2 bytes @ 0x7
   619   000008                     	ds	2
   620   00000A                     ___lwmod@divisor:
   621                           	callstack 0
   622                           
   623                           ; 2 bytes @ 0x9
   624   00000A                     	ds	2
   625   00000C                     ___lwmod@counter:
   626                           	callstack 0
   627   00000C                     
   628                           ; 1 bytes @ 0xB
   629   00000C                     	ds	1
   630   00000D                     ??_main:
   631                           
   632                           ; 1 bytes @ 0xC
   633   00000D                     	ds	2
   634   00000F                     main@digit:
   635                           	callstack 0
   636                           
   637                           ; 10 bytes @ 0xE
   638   00000F                     	ds	10
   639   000019                     main@ssd:
   640                           	callstack 0
   641                           
   642                           ; 4 bytes @ 0x18
   643   000019                     	ds	4
   644   00001D                     main@count:
   645                           	callstack 0
   646                           
   647                           ; 2 bytes @ 0x1C
   648   00001D                     	ds	2
   649   00001F                     main@flag:
   650                           	callstack 0
   651                           
   652                           ; 2 bytes @ 0x1E
   653   00001F                     	ds	2
   654   000021                     main@low_byte:
   655                           	callstack 0
   656                           
   657                           ; 2 bytes @ 0x20
   658   000021                     	ds	2
   659   000023                     main@high_byte:
   660                           	callstack 0
   661                           
   662                           ; 2 bytes @ 0x22
   663   000023                     	ds	2
   664   000025                     main@num:
   665                           	callstack 0
   666                           
   667                           ; 2 bytes @ 0x24
   668   000025                     	ds	2
   669                           
   670 ;;
   671 ;;Main: autosize = 0, tempsize = 2, incstack = 0, save=0
   672 ;;
   673 ;; *************** function _main *****************
   674 ;; Defined at:
   675 ;;		line 166 in file "main.c"
   676 ;; Parameters:    Size  Location     Type
   677 ;;		None
   678 ;; Auto vars:     Size  Location     Type
   679 ;;  digit          10   14[COMRAM] unsigned char [10]
   680 ;;  ssd             4   24[COMRAM] unsigned char [4]
   681 ;;  num             2   36[COMRAM] unsigned int 
   682 ;;  high_byte       2   34[COMRAM] unsigned int 
   683 ;;  low_byte        2   32[COMRAM] unsigned int 
   684 ;;  flag            2   30[COMRAM] int 
   685 ;;  count           2   28[COMRAM] int 
   686 ;;  delay           2    0        unsigned int 
   687 ;; Return value:  Size  Location     Type
   688 ;;                  1    wreg      void 
   689 ;; Registers used:
   690 ;;		wreg, fsr1l, fsr1h, fsr2l, fsr2h, status,2, status,0, cstack
   691 ;; Tracked objects:
   692 ;;		On entry : 0/0
   693 ;;		On exit  : 0/0
   694 ;;		Unchanged: 0/0
   695 ;; Data sizes:     COMRAM   BANK0   BANK1   BANK2   BANK3   BANK4   BANK5
   696 ;;      Params:         0       0       0       0       0       0       0
   697 ;;      Locals:        24       0       0       0       0       0       0
   698 ;;      Temps:          2       0       0       0       0       0       0
   699 ;;      Totals:        26       0       0       0       0       0       0
   700 ;;Total ram usage:       26 bytes
   701 ;; Hardware stack levels required when called: 1
   702 ;; This function calls:
   703 ;;		___lwdiv
   704 ;;		___lwmod
   705 ;;		_display
   706 ;;		_read_internal_eeprom
   707 ;;		_write_internal_eeprom
   708 ;; This function is called by:
   709 ;;		Startup code after reset
   710 ;; This function uses a non-reentrant model
   711 ;;
   712                           
   713                           	psect	text0
   714   000602                     __ptext0:
   715                           	callstack 0
   716   000602                     _main:
   717                           	callstack 30
   718   000602                     
   719                           ;main.c: 168:     TRISD=0X00;
   720   000602  6A95               	clrf	149,c	;volatile
   721                           
   722                           ;main.c: 169:     PORTD=0X00;
   723   000604  6A83               	clrf	131,c	;volatile
   724   000606                     
   725                           ;main.c: 171:     TRISA=TRISA & 0XF0;
   726   000606  5092               	movf	146,w,c	;volatile
   727   000608  0BF0               	andlw	240
   728   00060A  6E92               	movwf	146,c	;volatile
   729                           
   730                           ;main.c: 172:     PORTA=PORTA & 0XF0;
   731   00060C  5080               	movf	128,w,c	;volatile
   732   00060E  0BF0               	andlw	240
   733   000610  6E80               	movwf	128,c	;volatile
   734                           
   735                           ;main.c: 174:     TRISC=TRISC | 0XF0;
   736   000612  5094               	movf	148,w,c	;volatile
   737   000614  09F0               	iorlw	240
   738   000616  6E94               	movwf	148,c	;volatile
   739   000618                     
   740                           ;main.c: 176:     unsigned char digit[]={0XE7,0X21,0XCB,0X6B,0X2D,0X6E,0XEE,0X23,0XEF,0X
      +                          6F};
   741   000618  EE20  F027         	lfsr	2,main@F10613
   742   00061C  EE10  F00F         	lfsr	1,main@digit
   743   000620  0E09               	movlw	9
   744   000622                     u271:
   745   000622  CFDB FFE3          	movff	plusw2,plusw1
   746   000626  06E8               	decf	wreg,f,c
   747   000628  E2FC               	bc	u271
   748   00062A                     
   749                           ;main.c: 180:     int flag=0;
   750   00062A  6A20               	clrf	(main@flag+1)^0,c
   751   00062C  0E00               	movlw	0
   752   00062E  6E1F               	movwf	main@flag^0,c
   753   000630                     
   754                           ;main.c: 181:     int count=0;
   755   000630  6A1E               	clrf	(main@count+1)^0,c
   756   000632  0E00               	movlw	0
   757   000634  6E1D               	movwf	main@count^0,c
   758   000636                     
   759                           ;main.c: 183:     unsigned int low_byte;;main.c: 184:     unsigned int high_byte;;main.c
      +                          : 186:     low_byte = read_internal_eeprom(0);
   760   000636  0E00               	movlw	0
   761   000638  ECC0  F004         	call	_read_internal_eeprom
   762   00063C  6E0D               	movwf	??_main^0,c
   763   00063E  500D               	movf	??_main^0,w,c
   764   000640  6E21               	movwf	main@low_byte^0,c
   765   000642  6A22               	clrf	(main@low_byte+1)^0,c
   766   000644                     
   767                           ;main.c: 187:     high_byte = read_internal_eeprom(1);
   768   000644  0E01               	movlw	1
   769   000646  ECC0  F004         	call	_read_internal_eeprom
   770   00064A  6E0D               	movwf	??_main^0,c
   771   00064C  500D               	movf	??_main^0,w,c
   772   00064E  6E23               	movwf	main@high_byte^0,c
   773   000650  6A24               	clrf	(main@high_byte+1)^0,c
   774   000652                     
   775                           ;main.c: 189:      num = ((unsigned int)high_byte << 8) | low_byte;
   776   000652  5023               	movf	main@high_byte^0,w,c
   777   000654  6E0E               	movwf	(??_main+1)^0,c
   778   000656  6A0D               	clrf	??_main^0,c
   779   000658  5021               	movf	main@low_byte^0,w,c
   780   00065A  100D               	iorwf	??_main^0,w,c
   781   00065C  6E25               	movwf	main@num^0,c
   782   00065E  5022               	movf	(main@low_byte+1)^0,w,c
   783   000660  100E               	iorwf	(??_main+1)^0,w,c
   784   000662  6E26               	movwf	(main@num+1)^0,c
   785   000664                     l1101:
   786                           
   787                           ;main.c: 191:     {;main.c: 192:         if(RC0 == 0)
   788   000664  B082               	btfsc	3970,0,c	;volatile
   789   000666  EF37  F003         	goto	u281
   790   00066A  EF39  F003         	goto	u280
   791   00066E                     u281:
   792   00066E  EF61  F003         	goto	l59
   793   000672                     u280:
   794   000672                     
   795                           ;main.c: 193:         {;main.c: 194:             count++;
   796   000672  4A1D               	infsnz	main@count^0,f,c
   797   000674  2A1E               	incf	(main@count+1)^0,f,c
   798   000676                     
   799                           ;main.c: 196:             if(count > 300)
   800   000676  BE1E               	btfsc	(main@count+1)^0,7,c
   801   000678  EF47  F003         	goto	u291
   802   00067C  0E2D               	movlw	45
   803   00067E  5C1D               	subwf	main@count^0,w,c
   804   000680  0E01               	movlw	1
   805   000682  581E               	subwfb	(main@count+1)^0,w,c
   806   000684  A0D8               	btfss	status,0,c
   807   000686  EF47  F003         	goto	u291
   808   00068A  EF49  F003         	goto	u290
   809   00068E                     u291:
   810   00068E  EF51  F003         	goto	l1109
   811   000692                     u290:
   812   000692                     
   813                           ;main.c: 197:             {;main.c: 198:                 num = 0;
   814   000692  6A26               	clrf	(main@num+1)^0,c
   815   000694  0E00               	movlw	0
   816   000696  6E25               	movwf	main@num^0,c
   817                           
   818                           ;main.c: 199:                 flag = 0;
   819   000698  6A20               	clrf	(main@flag+1)^0,c
   820   00069A  0E00               	movlw	0
   821   00069C  6E1F               	movwf	main@flag^0,c
   822                           
   823                           ;main.c: 200:             }
   824   00069E  EF94  F003         	goto	l1127
   825   0006A2                     l1109:
   826   0006A2  501F               	movf	main@flag^0,w,c
   827   0006A4  1020               	iorwf	(main@flag+1)^0,w,c
   828   0006A6  B4D8               	btfsc	status,2,c
   829   0006A8  EF58  F003         	goto	u301
   830   0006AC  EF5A  F003         	goto	u300
   831   0006B0                     u301:
   832   0006B0  EF94  F003         	goto	l1127
   833   0006B4                     u300:
   834   0006B4                     
   835                           ;main.c: 202:             {;main.c: 203:                 num++;
   836   0006B4  4A25               	infsnz	main@num^0,f,c
   837   0006B6  2A26               	incf	(main@num+1)^0,f,c
   838   0006B8                     
   839                           ;main.c: 205:                 flag = 0;
   840   0006B8  6A20               	clrf	(main@flag+1)^0,c
   841   0006BA  0E00               	movlw	0
   842   0006BC  6E1F               	movwf	main@flag^0,c
   843   0006BE  EF94  F003         	goto	l1127
   844   0006C2                     l59:
   845   0006C2  B282               	btfsc	3970,1,c	;volatile
   846   0006C4  EF66  F003         	goto	u311
   847   0006C8  EF68  F003         	goto	u310
   848   0006CC                     u311:
   849   0006CC  EF8E  F003         	goto	l1125
   850   0006D0                     u310:
   851   0006D0                     
   852                           ;main.c: 211:         {;main.c: 212:             low_byte = num & 0XFF;
   853   0006D0  5025               	movf	main@num^0,w,c
   854   0006D2  6E21               	movwf	main@low_byte^0,c
   855   0006D4  6A22               	clrf	(main@low_byte+1)^0,c
   856                           
   857                           ;main.c: 213:             high_byte = (num >> 8) & 0xFF;
   858   0006D6  C025  F00D         	movff	main@num,??_main
   859   0006DA  C026  F00E         	movff	main@num+1,??_main+1
   860   0006DE  C00E  F00D         	movff	??_main+1,??_main
   861   0006E2  6A0E               	clrf	(??_main+1)^0,c
   862   0006E4  500D               	movf	??_main^0,w,c
   863   0006E6  6E23               	movwf	main@high_byte^0,c
   864   0006E8  6A24               	clrf	(main@high_byte+1)^0,c
   865   0006EA                     
   866                           ;main.c: 215:             write_internal_eeprom(0, low_byte);
   867   0006EA  C021  F001         	movff	main@low_byte,write_internal_eeprom@data
   868   0006EE  0E00               	movlw	0
   869   0006F0  EC94  F004         	call	_write_internal_eeprom
   870   0006F4                     
   871                           ;main.c: 216:             write_internal_eeprom(1, high_byte);
   872   0006F4  C023  F001         	movff	main@high_byte,write_internal_eeprom@data
   873   0006F8  0E01               	movlw	1
   874   0006FA  EC94  F004         	call	_write_internal_eeprom
   875                           
   876                           ;main.c: 218:             while(RC1==0)
   877   0006FE  EF85  F003         	goto	l1123
   878   000702                     l1121:
   879                           
   880                           ;main.c: 219:             {;main.c: 220:                 display(ssd);
   881   000702  0E19               	movlw	low main@ssd
   882   000704  6E01               	movwf	display@ssd^0,c
   883   000706  ECEB  F003         	call	_display	;wreg free
   884   00070A                     l1123:
   885                           
   886                           ;main.c: 218:             while(RC1==0)
   887   00070A  A282               	btfss	3970,1,c	;volatile
   888   00070C  EF8A  F003         	goto	u321
   889   000710  EF8C  F003         	goto	u320
   890   000714                     u321:
   891   000714  EF81  F003         	goto	l1121
   892   000718                     u320:
   893   000718  EF94  F003         	goto	l1127
   894   00071C                     l1125:
   895                           
   896                           ;main.c: 225:         {;main.c: 226:             flag = 1;
   897   00071C  6A20               	clrf	(main@flag+1)^0,c
   898   00071E  0E01               	movlw	1
   899   000720  6E1F               	movwf	main@flag^0,c
   900                           
   901                           ;main.c: 227:             count = 0;
   902   000722  6A1E               	clrf	(main@count+1)^0,c
   903   000724  0E00               	movlw	0
   904   000726  6E1D               	movwf	main@count^0,c
   905   000728                     l1127:
   906                           
   907                           ;main.c: 230:         ssd[0]=digit[num/1000];
   908   000728  C025  F001         	movff	main@num,___lwdiv@dividend
   909   00072C  C026  F002         	movff	main@num+1,___lwdiv@dividend+1
   910   000730  0E03               	movlw	3
   911   000732  6E04               	movwf	(___lwdiv@divisor+1)^0,c
   912   000734  0EE8               	movlw	232
   913   000736  6E03               	movwf	___lwdiv@divisor^0,c
   914   000738  EC29  F004         	call	___lwdiv	;wreg free
   915   00073C  5001               	movf	?___lwdiv^0,w,c
   916   00073E  0F0F               	addlw	low main@digit
   917   000740  6ED9               	movwf	fsr2l,c
   918   000742  6ADA               	clrf	fsr2h,c
   919   000744  50DF               	movf	indf2,w,c
   920   000746  6E19               	movwf	main@ssd^0,c
   921   000748                     
   922                           ;main.c: 231:         ssd[1]=digit[(num/100)%10];
   923   000748  6A04               	clrf	(___lwdiv@divisor+1)^0,c
   924   00074A  0E64               	movlw	100
   925   00074C  6E03               	movwf	___lwdiv@divisor^0,c
   926   00074E  C025  F001         	movff	main@num,___lwdiv@dividend
   927   000752  C026  F002         	movff	main@num+1,___lwdiv@dividend+1
   928   000756  EC29  F004         	call	___lwdiv	;wreg free
   929   00075A  C001  F008         	movff	?___lwdiv,___lwmod@dividend
   930   00075E  C002  F009         	movff	?___lwdiv+1,___lwmod@dividend+1
   931   000762  6A0B               	clrf	(___lwmod@divisor+1)^0,c
   932   000764  0E0A               	movlw	10
   933   000766  6E0A               	movwf	___lwmod@divisor^0,c
   934   000768  EC62  F004         	call	___lwmod	;wreg free
   935   00076C  5008               	movf	?___lwmod^0,w,c
   936   00076E  0F0F               	addlw	low main@digit
   937   000770  6ED9               	movwf	fsr2l,c
   938   000772  6ADA               	clrf	fsr2h,c
   939   000774  50DF               	movf	indf2,w,c
   940   000776  6E1A               	movwf	(main@ssd+1)^0,c
   941   000778                     
   942                           ;main.c: 232:         ssd[2]=digit[(num/10)%10];
   943   000778  6A04               	clrf	(___lwdiv@divisor+1)^0,c
   944   00077A  0E0A               	movlw	10
   945   00077C  6E03               	movwf	___lwdiv@divisor^0,c
   946   00077E  C025  F001         	movff	main@num,___lwdiv@dividend
   947   000782  C026  F002         	movff	main@num+1,___lwdiv@dividend+1
   948   000786  EC29  F004         	call	___lwdiv	;wreg free
   949   00078A  C001  F008         	movff	?___lwdiv,___lwmod@dividend
   950   00078E  C002  F009         	movff	?___lwdiv+1,___lwmod@dividend+1
   951   000792  6A0B               	clrf	(___lwmod@divisor+1)^0,c
   952   000794  0E0A               	movlw	10
   953   000796  6E0A               	movwf	___lwmod@divisor^0,c
   954   000798  EC62  F004         	call	___lwmod	;wreg free
   955   00079C  5008               	movf	?___lwmod^0,w,c
   956   00079E  0F0F               	addlw	low main@digit
   957   0007A0  6ED9               	movwf	fsr2l,c
   958   0007A2  6ADA               	clrf	fsr2h,c
   959   0007A4  50DF               	movf	indf2,w,c
   960   0007A6  6E1B               	movwf	(main@ssd+2)^0,c
   961   0007A8                     
   962                           ;main.c: 233:         ssd[3]=digit[num%10];
   963   0007A8  C025  F008         	movff	main@num,___lwmod@dividend
   964   0007AC  C026  F009         	movff	main@num+1,___lwmod@dividend+1
   965   0007B0  6A0B               	clrf	(___lwmod@divisor+1)^0,c
   966   0007B2  0E0A               	movlw	10
   967   0007B4  6E0A               	movwf	___lwmod@divisor^0,c
   968   0007B6  EC62  F004         	call	___lwmod	;wreg free
   969   0007BA  5008               	movf	?___lwmod^0,w,c
   970   0007BC  0F0F               	addlw	low main@digit
   971   0007BE  6ED9               	movwf	fsr2l,c
   972   0007C0  6ADA               	clrf	fsr2h,c
   973   0007C2  50DF               	movf	indf2,w,c
   974   0007C4  6E1C               	movwf	(main@ssd+3)^0,c
   975   0007C6                     
   976                           ;main.c: 235:         display(ssd);
   977   0007C6  0E19               	movlw	low main@ssd
   978   0007C8  6E01               	movwf	display@ssd^0,c
   979   0007CA  ECEB  F003         	call	_display	;wreg free
   980   0007CE  EF32  F003         	goto	l1101
   981   0007D2  EFFE  F017         	goto	start
   982   0007D6                     __end_of_main:
   983                           	callstack 0
   984                           
   985 ;; *************** function _write_internal_eeprom *****************
   986 ;; Defined at:
   987 ;;		line 117 in file "main.c"
   988 ;; Parameters:    Size  Location     Type
   989 ;;  address         1    wreg     unsigned char 
   990 ;;  data            1    0[COMRAM] unsigned char 
   991 ;; Auto vars:     Size  Location     Type
   992 ;;  address         1    1[COMRAM] unsigned char 
   993 ;; Return value:  Size  Location     Type
   994 ;;                  1    wreg      void 
   995 ;; Registers used:
   996 ;;		wreg, status,2
   997 ;; Tracked objects:
   998 ;;		On entry : 0/0
   999 ;;		On exit  : 0/0
  1000 ;;		Unchanged: 0/0
  1001 ;; Data sizes:     COMRAM   BANK0   BANK1   BANK2   BANK3   BANK4   BANK5
  1002 ;;      Params:         1       0       0       0       0       0       0
  1003 ;;      Locals:         1       0       0       0       0       0       0
  1004 ;;      Temps:          0       0       0       0       0       0       0
  1005 ;;      Totals:         2       0       0       0       0       0       0
  1006 ;;Total ram usage:        2 bytes
  1007 ;; Hardware stack levels used: 1
  1008 ;; This function calls:
  1009 ;;		Nothing
  1010 ;; This function is called by:
  1011 ;;		_main
  1012 ;; This function uses a non-reentrant model
  1013 ;;
  1014                           
  1015                           	psect	text1
  1016   000928                     __ptext1:
  1017                           	callstack 0
  1018   000928                     _write_internal_eeprom:
  1019                           	callstack 30
  1020                           
  1021                           ;incstack = 0
  1022                           ;write_internal_eeprom@address stored from wreg
  1023   000928  6E02               	movwf	write_internal_eeprom@address^0,c
  1024   00092A                     
  1025                           ;main.c: 117: void write_internal_eeprom(unsigned char address, unsigned char data);main
      +                          .c: 118: {;main.c: 119:     EEADR = address;
  1026   00092A  C002  FFA9         	movff	write_internal_eeprom@address,4009	;volatile
  1027   00092E                     
  1028                           ;main.c: 120:     EEDATA = data;
  1029   00092E  C001  FFA8         	movff	write_internal_eeprom@data,4008	;volatile
  1030   000932                     
  1031                           ;main.c: 121:     EEPGD = 0;
  1032   000932  9EA6               	bcf	4006,7,c	;volsfr
  1033   000934                     
  1034                           ;main.c: 122:     CFGS=0;
  1035   000934  9CA6               	bcf	4006,6,c	;volsfr
  1036   000936                     
  1037                           ;main.c: 124:     WREN=1;
  1038   000936  84A6               	bsf	4006,2,c	;volsfr
  1039   000938                     
  1040                           ;main.c: 126:     GIE=0;
  1041   000938  9EF2               	bcf	4082,7,c	;volatile
  1042   00093A                     
  1043                           ;main.c: 128:     EECON2 = 0X55;
  1044   00093A  0E55               	movlw	85
  1045   00093C  6EA7               	movwf	167,c	;volsfr
  1046   00093E                     
  1047                           ;main.c: 129:     EECON2 = 0XAA;
  1048   00093E  0EAA               	movlw	170
  1049   000940  6EA7               	movwf	167,c	;volsfr
  1050   000942                     
  1051                           ;main.c: 131:     WR=1;
  1052   000942  82A6               	bsf	4006,1,c	;volsfr
  1053   000944                     
  1054                           ;main.c: 133:     GIE=1;
  1055   000944  8EF2               	bsf	4082,7,c	;volatile
  1056   000946                     l37:
  1057   000946  A8A1               	btfss	4001,4,c	;volatile
  1058   000948  EFA8  F004         	goto	u171
  1059   00094C  EFAA  F004         	goto	u170
  1060   000950                     u171:
  1061   000950  EFA3  F004         	goto	l37
  1062   000954                     u170:
  1063   000954                     
  1064                           ;main.c: 137:     EEIF=0;
  1065   000954  98A1               	bcf	4001,4,c	;volatile
  1066                           
  1067                           ;main.c: 139:     WREN=0;
  1068   000956  94A6               	bcf	4006,2,c	;volsfr
  1069   000958  0012               	return		;funcret
  1070   00095A                     __end_of_write_internal_eeprom:
  1071                           	callstack 0
  1072                           
  1073 ;; *************** function _read_internal_eeprom *****************
  1074 ;; Defined at:
  1075 ;;		line 143 in file "main.c"
  1076 ;; Parameters:    Size  Location     Type
  1077 ;;  address         1    wreg     unsigned char 
  1078 ;; Auto vars:     Size  Location     Type
  1079 ;;  address         1    0[COMRAM] unsigned char 
  1080 ;; Return value:  Size  Location     Type
  1081 ;;                  1    wreg      unsigned char 
  1082 ;; Registers used:
  1083 ;;		wreg, status,2
  1084 ;; Tracked objects:
  1085 ;;		On entry : 0/0
  1086 ;;		On exit  : 0/0
  1087 ;;		Unchanged: 0/0
  1088 ;; Data sizes:     COMRAM   BANK0   BANK1   BANK2   BANK3   BANK4   BANK5
  1089 ;;      Params:         0       0       0       0       0       0       0
  1090 ;;      Locals:         1       0       0       0       0       0       0
  1091 ;;      Temps:          0       0       0       0       0       0       0
  1092 ;;      Totals:         1       0       0       0       0       0       0
  1093 ;;Total ram usage:        1 bytes
  1094 ;; Hardware stack levels used: 1
  1095 ;; This function calls:
  1096 ;;		Nothing
  1097 ;; This function is called by:
  1098 ;;		_main
  1099 ;; This function uses a non-reentrant model
  1100 ;;
  1101                           
  1102                           	psect	text2
  1103   000980                     __ptext2:
  1104                           	callstack 0
  1105   000980                     _read_internal_eeprom:
  1106                           	callstack 30
  1107                           
  1108                           ;incstack = 0
  1109                           ;read_internal_eeprom@address stored from wreg
  1110   000980  6E01               	movwf	read_internal_eeprom@address^0,c
  1111   000982                     
  1112                           ;main.c: 143: unsigned char read_internal_eeprom(unsigned char address);main.c: 144: {;m
      +                          ain.c: 145:     EEADR=address;
  1113   000982  C001  FFA9         	movff	read_internal_eeprom@address,4009	;volatile
  1114   000986                     
  1115                           ;main.c: 146:     EEPGD = 0;
  1116   000986  9EA6               	bcf	4006,7,c	;volsfr
  1117   000988                     
  1118                           ;main.c: 147:     CFGS=0;
  1119   000988  9CA6               	bcf	4006,6,c	;volsfr
  1120   00098A                     
  1121                           ;main.c: 149:     RD=1;
  1122   00098A  80A6               	bsf	4006,0,c	;volsfr
  1123   00098C                     
  1124                           ;main.c: 151:     return EEDATA;
  1125   00098C  50A8               	movf	168,w,c	;volatile
  1126   00098E  0012               	return		;funcret
  1127   000990                     __end_of_read_internal_eeprom:
  1128                           	callstack 0
  1129                           
  1130 ;; *************** function _display *****************
  1131 ;; Defined at:
  1132 ;;		line 154 in file "main.c"
  1133 ;; Parameters:    Size  Location     Type
  1134 ;;  ssd             1    0[COMRAM] PTR unsigned char 
  1135 ;;		 -> main@ssd(4), 
  1136 ;; Auto vars:     Size  Location     Type
  1137 ;;  delay           2    3[COMRAM] int 
  1138 ;;  i               2    5[COMRAM] int 
  1139 ;; Return value:  Size  Location     Type
  1140 ;;                  1    wreg      void 
  1141 ;; Registers used:
  1142 ;;		wreg, fsr2l, fsr2h, status,2, status,0
  1143 ;; Tracked objects:
  1144 ;;		On entry : 0/0
  1145 ;;		On exit  : 0/0
  1146 ;;		Unchanged: 0/0
  1147 ;; Data sizes:     COMRAM   BANK0   BANK1   BANK2   BANK3   BANK4   BANK5
  1148 ;;      Params:         1       0       0       0       0       0       0
  1149 ;;      Locals:         4       0       0       0       0       0       0
  1150 ;;      Temps:          2       0       0       0       0       0       0
  1151 ;;      Totals:         7       0       0       0       0       0       0
  1152 ;;Total ram usage:        7 bytes
  1153 ;; Hardware stack levels used: 1
  1154 ;; This function calls:
  1155 ;;		Nothing
  1156 ;; This function is called by:
  1157 ;;		_main
  1158 ;; This function uses a non-reentrant model
  1159 ;;
  1160                           
  1161                           	psect	text3
  1162   0007D6                     __ptext3:
  1163                           	callstack 0
  1164   0007D6                     _display:
  1165                           	callstack 30
  1166   0007D6                     
  1167                           ;main.c: 154: void display(char *ssd);main.c: 155: {;main.c: 156:     for(int i=0;i<4;i+
      +                          +)
  1168   0007D6  6A07               	clrf	(display@i+1)^0,c
  1169   0007D8  0E00               	movlw	0
  1170   0007DA  6E06               	movwf	display@i^0,c
  1171   0007DC                     l1029:
  1172                           
  1173                           ;main.c: 157:     {;main.c: 158:         PORTA = PORTA & 0XF0;
  1174   0007DC  5080               	movf	128,w,c	;volatile
  1175   0007DE  0BF0               	andlw	240
  1176   0007E0  6E80               	movwf	128,c	;volatile
  1177   0007E2                     
  1178                           ;main.c: 160:         PORTD=ssd[i];
  1179   0007E2  5001               	movf	display@ssd^0,w,c
  1180   0007E4  2406               	addwf	display@i^0,w,c
  1181   0007E6  6ED9               	movwf	fsr2l,c
  1182   0007E8  6ADA               	clrf	fsr2h,c
  1183   0007EA  50DF               	movf	indf2,w,c
  1184   0007EC  6E83               	movwf	131,c	;volatile
  1185   0007EE                     
  1186                           ;main.c: 161:         PORTA=(PORTA & 0XF0 )| 1<<i;
  1187   0007EE  C006  F002         	movff	display@i,??_display
  1188   0007F2  0E01               	movlw	1
  1189   0007F4  6E03               	movwf	(??_display+1)^0,c
  1190   0007F6  2A02               	incf	??_display^0,f,c
  1191   0007F8  EF00  F004         	goto	u184
  1192   0007FC                     u185:
  1193   0007FC  90D8               	bcf	status,0,c
  1194   0007FE  3603               	rlcf	(??_display+1)^0,f,c
  1195   000800                     u184:
  1196   000800  2E02               	decfsz	??_display^0,f,c
  1197   000802  EFFE  F003         	goto	u185
  1198   000806  5080               	movf	128,w,c	;volatile
  1199   000808  0BF0               	andlw	240
  1200   00080A  1003               	iorwf	(??_display+1)^0,w,c
  1201   00080C  6E80               	movwf	128,c	;volatile
  1202   00080E                     
  1203                           ;main.c: 162:         for(int delay=500;delay--;);
  1204   00080E  0E01               	movlw	1
  1205   000810  6E05               	movwf	(display@delay+1)^0,c
  1206   000812  0EF4               	movlw	244
  1207   000814  6E04               	movwf	display@delay^0,c
  1208   000816                     l1037:
  1209   000816  0604               	decf	display@delay^0,f,c
  1210   000818  A0D8               	btfss	status,0,c
  1211   00081A  0605               	decf	(display@delay+1)^0,f,c
  1212   00081C  2804               	incf	display@delay^0,w,c
  1213   00081E  E106               	bnz	u191
  1214   000820  2805               	incf	(display@delay+1)^0,w,c
  1215   000822  A4D8               	btfss	status,2,c
  1216   000824  EF16  F004         	goto	u191
  1217   000828  EF18  F004         	goto	u190
  1218   00082C                     u191:
  1219   00082C  EF0B  F004         	goto	l1037
  1220   000830                     u190:
  1221   000830                     
  1222                           ;main.c: 163:     };main.c: 156:     for(int i=0;i<4;i++)
  1223   000830  4A06               	infsnz	display@i^0,f,c
  1224   000832  2A07               	incf	(display@i+1)^0,f,c
  1225   000834  BE07               	btfsc	(display@i+1)^0,7,c
  1226   000836  EF26  F004         	goto	u201
  1227   00083A  5007               	movf	(display@i+1)^0,w,c
  1228   00083C  E109               	bnz	u200
  1229   00083E  0E04               	movlw	4
  1230   000840  5C06               	subwf	display@i^0,w,c
  1231   000842  A0D8               	btfss	status,0,c
  1232   000844  EF26  F004         	goto	u201
  1233   000848  EF28  F004         	goto	u200
  1234   00084C                     u201:
  1235   00084C  EFEE  F003         	goto	l1029
  1236   000850                     u200:
  1237   000850  0012               	return		;funcret
  1238   000852                     __end_of_display:
  1239                           	callstack 0
  1240                           
  1241 ;; *************** function ___lwmod *****************
  1242 ;; Defined at:
  1243 ;;		line 7 in file "C:\Program Files\Microchip\xc8\v4.00\pic\sources\c99\common\lwmod.c"
  1244 ;; Parameters:    Size  Location     Type
  1245 ;;  dividend        2    7[COMRAM] unsigned int 
  1246 ;;  divisor         2    9[COMRAM] unsigned int 
  1247 ;; Auto vars:     Size  Location     Type
  1248 ;;  counter         1   11[COMRAM] unsigned char 
  1249 ;; Return value:  Size  Location     Type
  1250 ;;                  2    7[COMRAM] unsigned int 
  1251 ;; Registers used:
  1252 ;;		wreg, status,2, status,0
  1253 ;; Tracked objects:
  1254 ;;		On entry : 0/0
  1255 ;;		On exit  : 0/0
  1256 ;;		Unchanged: 0/0
  1257 ;; Data sizes:     COMRAM   BANK0   BANK1   BANK2   BANK3   BANK4   BANK5
  1258 ;;      Params:         4       0       0       0       0       0       0
  1259 ;;      Locals:         1       0       0       0       0       0       0
  1260 ;;      Temps:          0       0       0       0       0       0       0
  1261 ;;      Totals:         5       0       0       0       0       0       0
  1262 ;;Total ram usage:        5 bytes
  1263 ;; Hardware stack levels used: 1
  1264 ;; This function calls:
  1265 ;;		Nothing
  1266 ;; This function is called by:
  1267 ;;		_main
  1268 ;; This function uses a non-reentrant model
  1269 ;;
  1270                           
  1271                           	psect	text4
  1272   0008C4                     __ptext4:
  1273                           	callstack 0
  1274   0008C4                     ___lwmod:
  1275                           	callstack 30
  1276   0008C4  500A               	movf	___lwmod@divisor^0,w,c
  1277   0008C6  100B               	iorwf	(___lwmod@divisor+1)^0,w,c
  1278   0008C8  B4D8               	btfsc	status,2,c
  1279   0008CA  EF69  F004         	goto	u241
  1280   0008CE  EF6B  F004         	goto	u240
  1281   0008D2                     u241:
  1282   0008D2  EF8F  F004         	goto	l685
  1283   0008D6                     u240:
  1284   0008D6  0E01               	movlw	1
  1285   0008D8  6E0C               	movwf	___lwmod@counter^0,c
  1286   0008DA  EF73  F004         	goto	l1071
  1287   0008DE                     l1069:
  1288   0008DE  90D8               	bcf	status,0,c
  1289   0008E0  360A               	rlcf	___lwmod@divisor^0,f,c
  1290   0008E2  360B               	rlcf	(___lwmod@divisor+1)^0,f,c
  1291   0008E4  2A0C               	incf	___lwmod@counter^0,f,c
  1292   0008E6                     l1071:
  1293   0008E6  AE0B               	btfss	(___lwmod@divisor+1)^0,7,c
  1294   0008E8  EF78  F004         	goto	u251
  1295   0008EC  EF7A  F004         	goto	u250
  1296   0008F0                     u251:
  1297   0008F0  EF6F  F004         	goto	l1069
  1298   0008F4                     u250:
  1299   0008F4                     l1073:
  1300   0008F4  500A               	movf	___lwmod@divisor^0,w,c
  1301   0008F6  5C08               	subwf	___lwmod@dividend^0,w,c
  1302   0008F8  500B               	movf	(___lwmod@divisor+1)^0,w,c
  1303   0008FA  5809               	subwfb	(___lwmod@dividend+1)^0,w,c
  1304   0008FC  A0D8               	btfss	status,0,c
  1305   0008FE  EF83  F004         	goto	u261
  1306   000902  EF85  F004         	goto	u260
  1307   000906                     u261:
  1308   000906  EF89  F004         	goto	l1077
  1309   00090A                     u260:
  1310   00090A  500A               	movf	___lwmod@divisor^0,w,c
  1311   00090C  5E08               	subwf	___lwmod@dividend^0,f,c
  1312   00090E  500B               	movf	(___lwmod@divisor+1)^0,w,c
  1313   000910  5A09               	subwfb	(___lwmod@dividend+1)^0,f,c
  1314   000912                     l1077:
  1315   000912  90D8               	bcf	status,0,c
  1316   000914  320B               	rrcf	(___lwmod@divisor+1)^0,f,c
  1317   000916  320A               	rrcf	___lwmod@divisor^0,f,c
  1318   000918  2E0C               	decfsz	___lwmod@counter^0,f,c
  1319   00091A  EF7A  F004         	goto	l1073
  1320   00091E                     l685:
  1321   00091E  C008  F008         	movff	___lwmod@dividend,?___lwmod
  1322   000922  C009  F009         	movff	___lwmod@dividend+1,?___lwmod+1
  1323   000926  0012               	return		;funcret
  1324   000928                     __end_of___lwmod:
  1325                           	callstack 0
  1326                           
  1327 ;; *************** function ___lwdiv *****************
  1328 ;; Defined at:
  1329 ;;		line 7 in file "C:\Program Files\Microchip\xc8\v4.00\pic\sources\c99\common\lwdiv.c"
  1330 ;; Parameters:    Size  Location     Type
  1331 ;;  dividend        2    0[COMRAM] unsigned int 
  1332 ;;  divisor         2    2[COMRAM] unsigned int 
  1333 ;; Auto vars:     Size  Location     Type
  1334 ;;  quotient        2    4[COMRAM] unsigned int 
  1335 ;;  counter         1    6[COMRAM] unsigned char 
  1336 ;; Return value:  Size  Location     Type
  1337 ;;                  2    0[COMRAM] unsigned int 
  1338 ;; Registers used:
  1339 ;;		wreg, status,2, status,0
  1340 ;; Tracked objects:
  1341 ;;		On entry : 0/0
  1342 ;;		On exit  : 0/0
  1343 ;;		Unchanged: 0/0
  1344 ;; Data sizes:     COMRAM   BANK0   BANK1   BANK2   BANK3   BANK4   BANK5
  1345 ;;      Params:         4       0       0       0       0       0       0
  1346 ;;      Locals:         3       0       0       0       0       0       0
  1347 ;;      Temps:          0       0       0       0       0       0       0
  1348 ;;      Totals:         7       0       0       0       0       0       0
  1349 ;;Total ram usage:        7 bytes
  1350 ;; Hardware stack levels used: 1
  1351 ;; This function calls:
  1352 ;;		Nothing
  1353 ;; This function is called by:
  1354 ;;		_main
  1355 ;; This function uses a non-reentrant model
  1356 ;;
  1357                           
  1358                           	psect	text5
  1359   000852                     __ptext5:
  1360                           	callstack 0
  1361   000852                     ___lwdiv:
  1362                           	callstack 30
  1363   000852  6A06               	clrf	(___lwdiv@quotient+1)^0,c
  1364   000854  0E00               	movlw	0
  1365   000856  6E05               	movwf	___lwdiv@quotient^0,c
  1366   000858  5003               	movf	___lwdiv@divisor^0,w,c
  1367   00085A  1004               	iorwf	(___lwdiv@divisor+1)^0,w,c
  1368   00085C  B4D8               	btfsc	status,2,c
  1369   00085E  EF33  F004         	goto	u211
  1370   000862  EF35  F004         	goto	u210
  1371   000866                     u211:
  1372   000866  EF5D  F004         	goto	l675
  1373   00086A                     u210:
  1374   00086A  0E01               	movlw	1
  1375   00086C  6E07               	movwf	___lwdiv@counter^0,c
  1376   00086E  EF3D  F004         	goto	l1051
  1377   000872                     l1049:
  1378   000872  90D8               	bcf	status,0,c
  1379   000874  3603               	rlcf	___lwdiv@divisor^0,f,c
  1380   000876  3604               	rlcf	(___lwdiv@divisor+1)^0,f,c
  1381   000878  2A07               	incf	___lwdiv@counter^0,f,c
  1382   00087A                     l1051:
  1383   00087A  AE04               	btfss	(___lwdiv@divisor+1)^0,7,c
  1384   00087C  EF42  F004         	goto	u221
  1385   000880  EF44  F004         	goto	u220
  1386   000884                     u221:
  1387   000884  EF39  F004         	goto	l1049
  1388   000888                     u220:
  1389   000888                     l1053:
  1390   000888  90D8               	bcf	status,0,c
  1391   00088A  3605               	rlcf	___lwdiv@quotient^0,f,c
  1392   00088C  3606               	rlcf	(___lwdiv@quotient+1)^0,f,c
  1393   00088E  5003               	movf	___lwdiv@divisor^0,w,c
  1394   000890  5C01               	subwf	___lwdiv@dividend^0,w,c
  1395   000892  5004               	movf	(___lwdiv@divisor+1)^0,w,c
  1396   000894  5802               	subwfb	(___lwdiv@dividend+1)^0,w,c
  1397   000896  A0D8               	btfss	status,0,c
  1398   000898  EF50  F004         	goto	u231
  1399   00089C  EF52  F004         	goto	u230
  1400   0008A0                     u231:
  1401   0008A0  EF57  F004         	goto	l1061
  1402   0008A4                     u230:
  1403   0008A4  5003               	movf	___lwdiv@divisor^0,w,c
  1404   0008A6  5E01               	subwf	___lwdiv@dividend^0,f,c
  1405   0008A8  5004               	movf	(___lwdiv@divisor+1)^0,w,c
  1406   0008AA  5A02               	subwfb	(___lwdiv@dividend+1)^0,f,c
  1407   0008AC  8005               	bsf	___lwdiv@quotient^0,0,c
  1408   0008AE                     l1061:
  1409   0008AE  90D8               	bcf	status,0,c
  1410   0008B0  3204               	rrcf	(___lwdiv@divisor+1)^0,f,c
  1411   0008B2  3203               	rrcf	___lwdiv@divisor^0,f,c
  1412   0008B4  2E07               	decfsz	___lwdiv@counter^0,f,c
  1413   0008B6  EF44  F004         	goto	l1053
  1414   0008BA                     l675:
  1415   0008BA  C005  F001         	movff	___lwdiv@quotient,?___lwdiv
  1416   0008BE  C006  F002         	movff	___lwdiv@quotient+1,?___lwdiv+1
  1417   0008C2  0012               	return		;funcret
  1418   0008C4                     __end_of___lwdiv:
  1419                           	callstack 0
  1420                           
  1421                           	psect	smallconst
  1422   000600                     __psmallconst:
  1423                           	callstack 0
  1424   000600  00                 	db	0
  1425   000601  00                 	db	0	; dummy byte at the end
  1426   000600                     __smallconst    set	__psmallconst
  1427   000600                     __mediumconst   set	__psmallconst
  1428   000000                     __activetblptr  equ	0
  1429                           
  1430                           	psect	rparam
  1431   000001                     ___rparam_used  equ	1
  1432   000000                     ___param_bank   equ	0
  1433   000000                     __Lparam        equ	__Lrparam
  1434   000000                     __Hparam        equ	__Hrparam
  1435                           tosu	equ	0xFFF
  1436                           tosh	equ	0xFFE
  1437                           tosl	equ	0xFFD
  1438                           stkptr	equ	0xFFC
  1439                           pclatu	equ	0xFFB
  1440                           pclath	equ	0xFFA
  1441                           pcl	equ	0xFF9
  1442                           tblptru	equ	0xFF8
  1443                           tblptrh	equ	0xFF7
  1444                           tblptrl	equ	0xFF6
  1445                           tablat	equ	0xFF5
  1446                           prodh	equ	0xFF4
  1447                           prodl	equ	0xFF3
  1448                           indf0	equ	0xFEF
  1449                           postinc0	equ	0xFEE
  1450                           postdec0	equ	0xFED
  1451                           preinc0	equ	0xFEC
  1452                           plusw0	equ	0xFEB
  1453                           fsr0h	equ	0xFEA
  1454                           fsr0l	equ	0xFE9
  1455                           wreg	equ	0xFE8
  1456                           indf1	equ	0xFE7
  1457                           postinc1	equ	0xFE6
  1458                           postdec1	equ	0xFE5
  1459                           preinc1	equ	0xFE4
  1460                           plusw1	equ	0xFE3
  1461                           fsr1h	equ	0xFE2
  1462                           fsr1l	equ	0xFE1
  1463                           bsr	equ	0xFE0
  1464                           indf2	equ	0xFDF
  1465                           postinc2	equ	0xFDE
  1466                           postdec2	equ	0xFDD
  1467                           preinc2	equ	0xFDC
  1468                           plusw2	equ	0xFDB
  1469                           fsr2h	equ	0xFDA
  1470                           fsr2l	equ	0xFD9
  1471                           status	equ	0xFD8

Data Sizes:
    Strings     0
    Constant    0
    Data        10
    BSS         0
    Persistent  0
    Stack       0

Auto Spaces:
    Space          Size  Autos    Used
    COMRAM           95     38      48
    BANK0           160      0       0
    BANK1           256      0       0
    BANK2           256      0       0
    BANK3           256      0       0
    BANK4           256      0       0
    BANK5           256      0       0

Pointer List with Targets:

    display@ssd	PTR unsigned char  size(1) Largest target is 4
		 -> main@ssd(COMRAM[4]), 


Critical Paths under _main in COMRAM

    _main->___lwmod
    ___lwmod->___lwdiv

Critical Paths under _main in BANK0

    None.

Critical Paths under _main in BANK1

    None.

Critical Paths under _main in BANK2

    None.

Critical Paths under _main in BANK3

    None.

Critical Paths under _main in BANK4

    None.

Critical Paths under _main in BANK5

    None.

Call Graph Tables:

 ---------------------------------------------------------------------------------
 (Depth) Function   	        Calls       Base Space   Used Autos Params    Refs
 ---------------------------------------------------------------------------------
 (0) _main                                                28    28      0    1029
                                             12 COMRAM    26    26      0
                            ___lwdiv
                            ___lwmod
                            _display
               _read_internal_eeprom
              _write_internal_eeprom
 ---------------------------------------------------------------------------------
 (1) _write_internal_eeprom                                2     1      1      53
                                              0 COMRAM     2     1      1
 ---------------------------------------------------------------------------------
 (1) _read_internal_eeprom                                 1     1      0      15
                                              0 COMRAM     1     1      0
 ---------------------------------------------------------------------------------
 (1) _display                                              7     6      1     137
                                              0 COMRAM     7     6      1
 ---------------------------------------------------------------------------------
 (1) ___lwmod                                              5     1      4     165
                                              7 COMRAM     5     1      4
                            ___lwdiv (ARG)
 ---------------------------------------------------------------------------------
 (1) ___lwdiv                                              7     3      4     168
                                              0 COMRAM     7     3      4
 ---------------------------------------------------------------------------------
 Estimated maximum stack depth 1
 ---------------------------------------------------------------------------------

 Call Graph Graphs:

 _main (ROOT)
   ___lwdiv
   ___lwmod
     ___lwdiv (ARG)
   _display
   _read_internal_eeprom
   _write_internal_eeprom

Address spaces:
Name               Size   Autos  Total    Usage
BIGRAM            1535      0       0      0.0%
BITBIGSFRlll       640      0       0      0.0%
BITBANK5           256      0       0      0.0%
BANK5              256      0       0      0.0%
BITBANK4           256      0       0      0.0%
BANK4              256      0       0      0.0%
BITBANK3           256      0       0      0.0%
BANK3              256      0       0      0.0%
BITBANK2           256      0       0      0.0%
BANK2              256      0       0      0.0%
BITBANK1           256      0       0      0.0%
BANK1              256      0       0      0.0%
BITBANK0           160      0       0      0.0%
BANK0              160      0       0      0.0%
BITCOMRAM           95      0       0      0.0%
COMRAM              95     38      48     50.5%
BITBIGSFRh          89      0       0      0.0%
BITBIGSFRlh         35      0       0      0.0%
BITBIGSFRllh         1      0       0      0.0%
STACK                0      0       0      0.0%
DATA                 0      0      48      0.0%


Microchip Technology PIC18 Macro Assembler V4.00 build 20260614213421 
Symbol Table                                                                                   Mon Sep 28 17:27:37 2026

                           l40 0958                             l51 0850                             l43 098E  
                           l37 0946                             l39 0954                             l59 06C2  
                           _RD 7D30                             _WR 7D31                            l682 08C2  
                          l675 08BA                            l692 0926                            l685 091E  
                          l881 0988                            l883 098A                            l885 098C  
                          l877 0982                            l879 0986                            _GIE 7F97  
                          _RC0 7C10                            _RC1 7C11                            u200 0850  
                          u201 084C                            u210 086A                            u211 0866  
                          u220 0888                            u300 06B4                            u221 0884  
                          u301 06B0                            u230 08A4                            u310 06D0  
                          u231 08A0                            u311 06CC                            u240 08D6  
                          u320 0718                            u241 08D2                            u321 0714  
                          u250 08F4                            u170 0954                            u251 08F0  
                          u171 0950                            u260 090A                            u261 0906  
                          u190 0830                            u191 082C                            u271 0622  
                          u184 0800                            u280 0672                            u185 07FC  
                          u281 066E                            u290 0692                            u291 068E  
                          wreg 0FE8                           l1011 0936                           l1003 092A  
                         l1021 0944                           l1013 0938                           l1005 092E  
                         l1101 0664                           l1031 07E2                           l1023 07D6  
                         l1015 093A                           l1007 0932                           l1111 06B4  
                         l1103 0672                           l1041 0834                           l1033 07EE  
                         l1017 093E                           l1009 0934                           l1121 0702  
                         l1113 06B8                           l1105 0676                           l1051 087A  
                         l1043 0852                           l1035 080E                           l1019 0942  
                         l1131 0778                           l1123 070A                           l1115 06D0  
                         l1107 0692                           l1061 08AE                           l1053 0888  
                         l1045 0858                           l1037 0816                           l1029 07DC  
                         l1133 07A8                           l1117 06EA                           l1125 071C  
                         l1109 06A2                           l1063 08B4                           l1055 088E  
                         l1047 086A                           l1071 08E6                           l1039 0830  
                         l1135 07C6                           l1119 06F4                           l1127 0728  
                         l1057 08A4                           l1049 0872                           l1073 08F4  
                         l1065 08C4                           l1129 0748                           l1081 0602  
                         l1059 08AC                           l1075 090A                           l1067 08D6  
                         l1091 062A                           l1083 0606                           l1077 0912  
                         l1069 08DE                           l1093 0630                           l1085 0618  
                         l1079 0918                           l1095 0636                           l1087 062A  
                         l1097 0644                           l1089 062A                           l1099 0652  
                         _CFGS 7D36                           _EEIF 7D0C                           _WREN 7D32  
                         _main 0602                           fsr2h 0FDA                           indf2 0FDF  
                         fsr1l 0FE1                           fsr2l 0FD9                           start 2FFC  
                 ___param_bank 0000                          ?_main 0001                          _EEADR 0FA9  
                        _EEPGD 7D37                __end_of___lwdiv 08C4                __end_of___lwmod 0928  
                        _PORTA 0F80                          _PORTD 0F83                          _TRISA 0F92  
                        _TRISC 0F94                          _TRISD 0F95                   display@delay 0004  
              __end_of_display 0852                   main@low_byte 0021                          tablat 0FF5  
                        plusw1 0FE3                          plusw2 0FDB                          status 0FD8  
      ??_write_internal_eeprom 0002                __initialization 095A                   __end_of_main 07D6  
                       ??_main 000D                  __activetblptr 0000                  main@high_byte 0023  
                       _EEDATA 0FA8                         _EECON2 0FA7                      ??___lwdiv 0005  
                    ??___lwmod 000C                         isa$std 0001                      ??_display 0002  
                 __pdataCOMRAM 0027                   __mediumconst 0600                         tblptrh 0FF7  
                       tblptrl 0FF6                         tblptru 0FF8                     __accesstop 0060  
      __end_of__initialization 097A                  ___rparam_used 0001                 __pcstackCOMRAM 0001  
  read_internal_eeprom@address 0001  __end_of_write_internal_eeprom 095A                        __Hparam 0000  
                      __Lparam 0000                        ___lwdiv 0852                        ___lwmod 08C4  
                 __psmallconst 0600                        __pcinit 095A                        __ramtop 0600  
                      __ptext0 0602                        __ptext1 0928                        __ptext2 0980  
                      __ptext3 07D6                        __ptext4 08C4                        __ptext5 0852  
                      _display 07D6      write_internal_eeprom@data 0001                        main@num 0025  
                      main@ssd 0019           end_of_initialization 097A                        postdec1 0FE5  
                      postinc0 0FEE                     main@F10613 0027                     display@ssd 0001  
 __end_of_read_internal_eeprom 0990                  __pidataCOMRAM 0990            start_initialization 095A  
             ___lwdiv@dividend 0001                       ?___lwdiv 0001                       ?___lwmod 0008  
                     ?_display 0001                    __smallconst 0600               ___lwdiv@quotient 0005  
         _read_internal_eeprom 0980          _write_internal_eeprom 0928                      main@digit 000F  
                    main@count 001D          ?_read_internal_eeprom 0001                      copy_data0 096E  
                     __Hrparam 0000                       __Lrparam 0000                ___lwdiv@divisor 0003  
              ___lwdiv@counter 0007         ?_write_internal_eeprom 0001                       isa$xinst 0000  
                     main@flag 001F                       display@i 0006         ??_read_internal_eeprom 0001  
             ___lwmod@dividend 0008                ___lwmod@divisor 000A                ___lwmod@counter 000C  
 write_internal_eeprom@address 0002  
