

Microchip MPLAB XC8 Assembler V4.00 build 20260614213421 
                                                                                               Wed Sep 30 16:13:39 2026

Microchip MPLAB XC8 C Compiler v4.00 build 20260614213421 Og1 
     1                           	processor	18F4580
     2                           	fnconf	rparam,??,?,0
     3                           	pagewidth 120
     4                           	psect	cinit,global,reloc=2,class=CODE,space=0,delta=1
     5                           	psect	cstackCOMRAM,global,class=COMRAM,space=1,delta=1,lowdata,noexec
     6                           	psect	text0,global,reloc=2,class=CODE,space=0,delta=1
     7                           	psect	smallconst,global,reloc=2,class=SMALLCONST,space=0,delta=1,noexec
     8                           	psect	intsave_regs,global,class=BIGRAM,space=1,delta=1,noexec
     9                           	psect	rparam,global,class=COMRAM,space=1,delta=1,noexec
    10   000000                     
    11                           ; Generated 02/09/2026 GMT
    12                           ; 
    13                           ; Copyright (c) 2026 Microchip Technology Inc. and its subsidiaries.
    14                           ; 
    15                           ; Licensed under the Apache License, Version 2.0 (the "License");
    16                           ; you may not use this file except in compliance with the License.
    17                           ; You may obtain a copy of the License at
    18                           ; 
    19                           ;   http://www.apache.org/licenses/LICENSE-2.0
    20                           ; 
    21                           ; Unless required by applicable law or agreed to in writing, software
    22                           ; distributed under the License is distributed on an "AS IS" BASIS,
    23                           ; WITHOUT WARRANTIES OR CONDITIONS OF ANY KIND, either express or implied.
    24                           ; See the License for the specific language governing permissions and
    25                           ; limitations under the License.
    26                           ; 
    27                           ; 
    28                           ; Code-generator required, PIC18F4580 Definitions
    29                           ; 
    30                           ; SFR Addresses
    31   000FE0                     bsr             equ	4064
    32   000FE9                     fsr0            equ	4073
    33   000FEA                     fsr0h           equ	4074
    34   000FE9                     fsr0l           equ	4073
    35   000FE1                     fsr1            equ	4065
    36   000FE2                     fsr1h           equ	4066
    37   000FE1                     fsr1l           equ	4065
    38   000FD9                     fsr2            equ	4057
    39   000FDA                     fsr2h           equ	4058
    40   000FD9                     fsr2l           equ	4057
    41   000FEF                     indf0           equ	4079
    42   000FE7                     indf1           equ	4071
    43   000FDF                     indf2           equ	4063
    44   000FF2                     intcon          equ	4082
    45   000000                     nvmcon          equ	0
    46   000FF9                     pcl             equ	4089
    47   000FFA                     pclath          equ	4090
    48   000FFB                     pclatu          equ	4091
    49   000FEB                     plusw0          equ	4075
    50   000FE3                     plusw1          equ	4067
    51   000FDB                     plusw2          equ	4059
    52   000FED                     postdec0        equ	4077
    53   000FE5                     postdec1        equ	4069
    54   000FDD                     postdec2        equ	4061
    55   000FEE                     postinc0        equ	4078
    56   000FE6                     postinc1        equ	4070
    57   000FDE                     postinc2        equ	4062
    58   000FEC                     preinc0         equ	4076
    59   000FE4                     preinc1         equ	4068
    60   000FDC                     preinc2         equ	4060
    61   000FF3                     prod            equ	4083
    62   000FF4                     prodh           equ	4084
    63   000FF3                     prodl           equ	4083
    64   000FD8                     status          equ	4056
    65   000FF5                     tablat          equ	4085
    66   000FF6                     tblptr          equ	4086
    67   000FF7                     tblptrh         equ	4087
    68   000FF6                     tblptrl         equ	4086
    69   000FF8                     tblptru         equ	4088
    70   000FFD                     tosl            equ	4093
    71   000FE8                     wreg            equ	4072
    72   000D60                     RXF6SIDH        equ	3424	;# 
    73   000D61                     RXF6SIDL        equ	3425	;# 
    74   000D62                     RXF6EIDH        equ	3426	;# 
    75   000D63                     RXF6EIDL        equ	3427	;# 
    76   000D64                     RXF7SIDH        equ	3428	;# 
    77   000D65                     RXF7SIDL        equ	3429	;# 
    78   000D66                     RXF7EIDH        equ	3430	;# 
    79   000D67                     RXF7EIDL        equ	3431	;# 
    80   000D68                     RXF8SIDH        equ	3432	;# 
    81   000D69                     RXF8SIDL        equ	3433	;# 
    82   000D6A                     RXF8EIDH        equ	3434	;# 
    83   000D6B                     RXF8EIDL        equ	3435	;# 
    84   000D70                     RXF9SIDH        equ	3440	;# 
    85   000D71                     RXF9SIDL        equ	3441	;# 
    86   000D72                     RXF9EIDH        equ	3442	;# 
    87   000D73                     RXF9EIDL        equ	3443	;# 
    88   000D74                     RXF10SIDH       equ	3444	;# 
    89   000D75                     RXF10SIDL       equ	3445	;# 
    90   000D76                     RXF10EIDH       equ	3446	;# 
    91   000D77                     RXF10EIDL       equ	3447	;# 
    92   000D78                     RXF11SIDH       equ	3448	;# 
    93   000D79                     RXF11SIDL       equ	3449	;# 
    94   000D7A                     RXF11EIDH       equ	3450	;# 
    95   000D7B                     RXF11EIDL       equ	3451	;# 
    96   000D80                     RXF12SIDH       equ	3456	;# 
    97   000D81                     RXF12SIDL       equ	3457	;# 
    98   000D82                     RXF12EIDH       equ	3458	;# 
    99   000D83                     RXF12EIDL       equ	3459	;# 
   100   000D84                     RXF13SIDH       equ	3460	;# 
   101   000D85                     RXF13SIDL       equ	3461	;# 
   102   000D86                     RXF13EIDH       equ	3462	;# 
   103   000D87                     RXF13EIDL       equ	3463	;# 
   104   000D88                     RXF14SIDH       equ	3464	;# 
   105   000D89                     RXF14SIDL       equ	3465	;# 
   106   000D8A                     RXF14EIDH       equ	3466	;# 
   107   000D8B                     RXF14EIDL       equ	3467	;# 
   108   000D90                     RXF15SIDH       equ	3472	;# 
   109   000D91                     RXF15SIDL       equ	3473	;# 
   110   000D92                     RXF15EIDH       equ	3474	;# 
   111   000D93                     RXF15EIDL       equ	3475	;# 
   112   000DD4                     RXFCON0         equ	3540	;# 
   113   000DD5                     RXFCON1         equ	3541	;# 
   114   000DD8                     SDFLC           equ	3544	;# 
   115   000DE0                     RXFBCON0        equ	3552	;# 
   116   000DE1                     RXFBCON1        equ	3553	;# 
   117   000DE2                     RXFBCON2        equ	3554	;# 
   118   000DE3                     RXFBCON3        equ	3555	;# 
   119   000DE4                     RXFBCON4        equ	3556	;# 
   120   000DE5                     RXFBCON5        equ	3557	;# 
   121   000DE6                     RXFBCON6        equ	3558	;# 
   122   000DE7                     RXFBCON7        equ	3559	;# 
   123   000DF0                     MSEL0           equ	3568	;# 
   124   000DF1                     MSEL1           equ	3569	;# 
   125   000DF2                     MSEL2           equ	3570	;# 
   126   000DF3                     MSEL3           equ	3571	;# 
   127   000DF8                     BSEL0           equ	3576	;# 
   128   000DFA                     BIE0            equ	3578	;# 
   129   000DFC                     TXBIE           equ	3580	;# 
   130   000E20                     B0CON           equ	3616	;# 
   131   000E21                     B0SIDH          equ	3617	;# 
   132   000E22                     B0SIDL          equ	3618	;# 
   133   000E23                     B0EIDH          equ	3619	;# 
   134   000E24                     B0EIDL          equ	3620	;# 
   135   000E25                     B0DLC           equ	3621	;# 
   136   000E26                     B0D0            equ	3622	;# 
   137   000E27                     B0D1            equ	3623	;# 
   138   000E28                     B0D2            equ	3624	;# 
   139   000E29                     B0D3            equ	3625	;# 
   140   000E2A                     B0D4            equ	3626	;# 
   141   000E2B                     B0D5            equ	3627	;# 
   142   000E2C                     B0D6            equ	3628	;# 
   143   000E2D                     B0D7            equ	3629	;# 
   144   000E2E                     CANSTAT_RO9     equ	3630	;# 
   145   000E2F                     CANCON_RO9      equ	3631	;# 
   146   000E30                     B1CON           equ	3632	;# 
   147   000E31                     B1SIDH          equ	3633	;# 
   148   000E32                     B1SIDL          equ	3634	;# 
   149   000E33                     B1EIDH          equ	3635	;# 
   150   000E34                     B1EIDL          equ	3636	;# 
   151   000E35                     B1DLC           equ	3637	;# 
   152   000E36                     B1D0            equ	3638	;# 
   153   000E37                     B1D1            equ	3639	;# 
   154   000E38                     B1D2            equ	3640	;# 
   155   000E39                     B1D3            equ	3641	;# 
   156   000E3A                     B1D4            equ	3642	;# 
   157   000E3B                     B1D5            equ	3643	;# 
   158   000E3C                     B1D6            equ	3644	;# 
   159   000E3D                     B1D7            equ	3645	;# 
   160   000E3E                     CANSTAT_RO8     equ	3646	;# 
   161   000E3F                     CANCON_RO8      equ	3647	;# 
   162   000E40                     B2CON           equ	3648	;# 
   163   000E41                     B2SIDH          equ	3649	;# 
   164   000E42                     B2SIDL          equ	3650	;# 
   165   000E43                     B2EIDH          equ	3651	;# 
   166   000E44                     B2EIDL          equ	3652	;# 
   167   000E45                     B2DLC           equ	3653	;# 
   168   000E46                     B2D0            equ	3654	;# 
   169   000E47                     B2D1            equ	3655	;# 
   170   000E48                     B2D2            equ	3656	;# 
   171   000E49                     B2D3            equ	3657	;# 
   172   000E4A                     B2D4            equ	3658	;# 
   173   000E4B                     B2D5            equ	3659	;# 
   174   000E4C                     B2D6            equ	3660	;# 
   175   000E4D                     B2D7            equ	3661	;# 
   176   000E4E                     CANSTAT_RO7     equ	3662	;# 
   177   000E4F                     CANCON_RO7      equ	3663	;# 
   178   000E50                     B3CON           equ	3664	;# 
   179   000E51                     B3SIDH          equ	3665	;# 
   180   000E52                     B3SIDL          equ	3666	;# 
   181   000E53                     B3EIDH          equ	3667	;# 
   182   000E54                     B3EIDL          equ	3668	;# 
   183   000E55                     B3DLC           equ	3669	;# 
   184   000E56                     B3D0            equ	3670	;# 
   185   000E57                     B3D1            equ	3671	;# 
   186   000E58                     B3D2            equ	3672	;# 
   187   000E59                     B3D3            equ	3673	;# 
   188   000E5A                     B3D4            equ	3674	;# 
   189   000E5B                     B3D5            equ	3675	;# 
   190   000E5C                     B3D6            equ	3676	;# 
   191   000E5D                     B3D7            equ	3677	;# 
   192   000E5E                     CANSTAT_RO6     equ	3678	;# 
   193   000E5F                     CANCON_RO6      equ	3679	;# 
   194   000E60                     B4CON           equ	3680	;# 
   195   000E61                     B4SIDH          equ	3681	;# 
   196   000E62                     B4SIDL          equ	3682	;# 
   197   000E63                     B4EIDH          equ	3683	;# 
   198   000E64                     B4EIDL          equ	3684	;# 
   199   000E65                     B4DLC           equ	3685	;# 
   200   000E66                     B4D0            equ	3686	;# 
   201   000E67                     B4D1            equ	3687	;# 
   202   000E68                     B4D2            equ	3688	;# 
   203   000E69                     B4D3            equ	3689	;# 
   204   000E6A                     B4D4            equ	3690	;# 
   205   000E6B                     B4D5            equ	3691	;# 
   206   000E6C                     B4D6            equ	3692	;# 
   207   000E6D                     B4D7            equ	3693	;# 
   208   000E6E                     CANSTAT_RO5     equ	3694	;# 
   209   000E6F                     CANCON_RO5      equ	3695	;# 
   210   000E70                     B5CON           equ	3696	;# 
   211   000E71                     B5SIDH          equ	3697	;# 
   212   000E72                     B5SIDL          equ	3698	;# 
   213   000E73                     B5EIDH          equ	3699	;# 
   214   000E74                     B5EIDL          equ	3700	;# 
   215   000E75                     B5DLC           equ	3701	;# 
   216   000E76                     B5D0            equ	3702	;# 
   217   000E77                     B5D1            equ	3703	;# 
   218   000E78                     B5D2            equ	3704	;# 
   219   000E79                     B5D3            equ	3705	;# 
   220   000E7A                     B5D4            equ	3706	;# 
   221   000E7B                     B5D5            equ	3707	;# 
   222   000E7C                     B5D6            equ	3708	;# 
   223   000E7D                     B5D7            equ	3709	;# 
   224   000E7E                     CANSTAT_RO4     equ	3710	;# 
   225   000E7F                     CANCON_RO4      equ	3711	;# 
   226   000F00                     RXF0SIDH        equ	3840	;# 
   227   000F01                     RXF0SIDL        equ	3841	;# 
   228   000F02                     RXF0EIDH        equ	3842	;# 
   229   000F03                     RXF0EIDL        equ	3843	;# 
   230   000F04                     RXF1SIDH        equ	3844	;# 
   231   000F05                     RXF1SIDL        equ	3845	;# 
   232   000F06                     RXF1EIDH        equ	3846	;# 
   233   000F07                     RXF1EIDL        equ	3847	;# 
   234   000F08                     RXF2SIDH        equ	3848	;# 
   235   000F09                     RXF2SIDL        equ	3849	;# 
   236   000F0A                     RXF2EIDH        equ	3850	;# 
   237   000F0B                     RXF2EIDL        equ	3851	;# 
   238   000F0C                     RXF3SIDH        equ	3852	;# 
   239   000F0D                     RXF3SIDL        equ	3853	;# 
   240   000F0E                     RXF3EIDH        equ	3854	;# 
   241   000F0F                     RXF3EIDL        equ	3855	;# 
   242   000F10                     RXF4SIDH        equ	3856	;# 
   243   000F11                     RXF4SIDL        equ	3857	;# 
   244   000F12                     RXF4EIDH        equ	3858	;# 
   245   000F13                     RXF4EIDL        equ	3859	;# 
   246   000F14                     RXF5SIDH        equ	3860	;# 
   247   000F15                     RXF5SIDL        equ	3861	;# 
   248   000F16                     RXF5EIDH        equ	3862	;# 
   249   000F17                     RXF5EIDL        equ	3863	;# 
   250   000F18                     RXM0SIDH        equ	3864	;# 
   251   000F19                     RXM0SIDL        equ	3865	;# 
   252   000F1A                     RXM0EIDH        equ	3866	;# 
   253   000F1B                     RXM0EIDL        equ	3867	;# 
   254   000F1C                     RXM1SIDH        equ	3868	;# 
   255   000F1D                     RXM1SIDL        equ	3869	;# 
   256   000F1E                     RXM1EIDH        equ	3870	;# 
   257   000F1F                     RXM1EIDL        equ	3871	;# 
   258   000F20                     TXB2CON         equ	3872	;# 
   259   000F21                     TXB2SIDH        equ	3873	;# 
   260   000F22                     TXB2SIDL        equ	3874	;# 
   261   000F23                     TXB2EIDH        equ	3875	;# 
   262   000F24                     TXB2EIDL        equ	3876	;# 
   263   000F25                     TXB2DLC         equ	3877	;# 
   264   000F26                     TXB2D0          equ	3878	;# 
   265   000F27                     TXB2D1          equ	3879	;# 
   266   000F28                     TXB2D2          equ	3880	;# 
   267   000F29                     TXB2D3          equ	3881	;# 
   268   000F2A                     TXB2D4          equ	3882	;# 
   269   000F2B                     TXB2D5          equ	3883	;# 
   270   000F2C                     TXB2D6          equ	3884	;# 
   271   000F2D                     TXB2D7          equ	3885	;# 
   272   000F2E                     CANSTAT_RO3     equ	3886	;# 
   273   000F2F                     CANCON_RO3      equ	3887	;# 
   274   000F30                     TXB1CON         equ	3888	;# 
   275   000F31                     TXB1SIDH        equ	3889	;# 
   276   000F32                     TXB1SIDL        equ	3890	;# 
   277   000F33                     TXB1EIDH        equ	3891	;# 
   278   000F34                     TXB1EIDL        equ	3892	;# 
   279   000F35                     TXB1DLC         equ	3893	;# 
   280   000F36                     TXB1D0          equ	3894	;# 
   281   000F37                     TXB1D1          equ	3895	;# 
   282   000F38                     TXB1D2          equ	3896	;# 
   283   000F39                     TXB1D3          equ	3897	;# 
   284   000F3A                     TXB1D4          equ	3898	;# 
   285   000F3B                     TXB1D5          equ	3899	;# 
   286   000F3C                     TXB1D6          equ	3900	;# 
   287   000F3D                     TXB1D7          equ	3901	;# 
   288   000F3E                     CANSTAT_RO2     equ	3902	;# 
   289   000F3F                     CANCON_RO2      equ	3903	;# 
   290   000F40                     TXB0CON         equ	3904	;# 
   291   000F41                     TXB0SIDH        equ	3905	;# 
   292   000F42                     TXB0SIDL        equ	3906	;# 
   293   000F43                     TXB0EIDH        equ	3907	;# 
   294   000F44                     TXB0EIDL        equ	3908	;# 
   295   000F45                     TXB0DLC         equ	3909	;# 
   296   000F46                     TXB0D0          equ	3910	;# 
   297   000F47                     TXB0D1          equ	3911	;# 
   298   000F48                     TXB0D2          equ	3912	;# 
   299   000F49                     TXB0D3          equ	3913	;# 
   300   000F4A                     TXB0D4          equ	3914	;# 
   301   000F4B                     TXB0D5          equ	3915	;# 
   302   000F4C                     TXB0D6          equ	3916	;# 
   303   000F4D                     TXB0D7          equ	3917	;# 
   304   000F4E                     CANSTAT_RO1     equ	3918	;# 
   305   000F4F                     CANCON_RO1      equ	3919	;# 
   306   000F50                     RXB1CON         equ	3920	;# 
   307   000F51                     RXB1SIDH        equ	3921	;# 
   308   000F52                     RXB1SIDL        equ	3922	;# 
   309   000F53                     RXB1EIDH        equ	3923	;# 
   310   000F54                     RXB1EIDL        equ	3924	;# 
   311   000F55                     RXB1DLC         equ	3925	;# 
   312   000F56                     RXB1D0          equ	3926	;# 
   313   000F57                     RXB1D1          equ	3927	;# 
   314   000F58                     RXB1D2          equ	3928	;# 
   315   000F59                     RXB1D3          equ	3929	;# 
   316   000F5A                     RXB1D4          equ	3930	;# 
   317   000F5B                     RXB1D5          equ	3931	;# 
   318   000F5C                     RXB1D6          equ	3932	;# 
   319   000F5D                     RXB1D7          equ	3933	;# 
   320   000F5E                     CANSTAT_RO0     equ	3934	;# 
   321   000F5F                     CANCON_RO0      equ	3935	;# 
   322   000F60                     RXB0CON         equ	3936	;# 
   323   000F61                     RXB0SIDH        equ	3937	;# 
   324   000F62                     RXB0SIDL        equ	3938	;# 
   325   000F63                     RXB0EIDH        equ	3939	;# 
   326   000F64                     RXB0EIDL        equ	3940	;# 
   327   000F65                     RXB0DLC         equ	3941	;# 
   328   000F66                     RXB0D0          equ	3942	;# 
   329   000F67                     RXB0D1          equ	3943	;# 
   330   000F68                     RXB0D2          equ	3944	;# 
   331   000F69                     RXB0D3          equ	3945	;# 
   332   000F6A                     RXB0D4          equ	3946	;# 
   333   000F6B                     RXB0D5          equ	3947	;# 
   334   000F6C                     RXB0D6          equ	3948	;# 
   335   000F6D                     RXB0D7          equ	3949	;# 
   336   000F6E                     CANSTAT         equ	3950	;# 
   337   000F6F                     CANCON          equ	3951	;# 
   338   000F70                     BRGCON1         equ	3952	;# 
   339   000F71                     BRGCON2         equ	3953	;# 
   340   000F72                     BRGCON3         equ	3954	;# 
   341   000F73                     CIOCON          equ	3955	;# 
   342   000F74                     COMSTAT         equ	3956	;# 
   343   000F75                     RXERRCNT        equ	3957	;# 
   344   000F76                     TXERRCNT        equ	3958	;# 
   345   000F77                     ECANCON         equ	3959	;# 
   346   000F80                     PORTA           equ	3968	;# 
   347   000F81                     PORTB           equ	3969	;# 
   348   000F82                     PORTC           equ	3970	;# 
   349   000F83                     PORTD           equ	3971	;# 
   350   000F84                     PORTE           equ	3972	;# 
   351   000F89                     LATA            equ	3977	;# 
   352   000F8A                     LATB            equ	3978	;# 
   353   000F8B                     LATC            equ	3979	;# 
   354   000F8C                     LATD            equ	3980	;# 
   355   000F8D                     LATE            equ	3981	;# 
   356   000F92                     TRISA           equ	3986	;# 
   357   000F92                     DDRA            equ	3986	;# 
   358   000F93                     TRISB           equ	3987	;# 
   359   000F93                     DDRB            equ	3987	;# 
   360   000F94                     TRISC           equ	3988	;# 
   361   000F94                     DDRC            equ	3988	;# 
   362   000F95                     TRISD           equ	3989	;# 
   363   000F95                     DDRD            equ	3989	;# 
   364   000F96                     TRISE           equ	3990	;# 
   365   000F96                     DDRE            equ	3990	;# 
   366   000F9B                     OSCTUNE         equ	3995	;# 
   367   000F9D                     PIE1            equ	3997	;# 
   368   000F9E                     PIR1            equ	3998	;# 
   369   000F9F                     IPR1            equ	3999	;# 
   370   000FA0                     PIE2            equ	4000	;# 
   371   000FA1                     PIR2            equ	4001	;# 
   372   000FA2                     IPR2            equ	4002	;# 
   373   000FA3                     PIE3            equ	4003	;# 
   374   000FA4                     PIR3            equ	4004	;# 
   375   000FA5                     IPR3            equ	4005	;# 
   376   000FA6                     EECON1          equ	4006	;# 
   377   000FA7                     EECON2          equ	4007	;# 
   378   000FA8                     EEDATA          equ	4008	;# 
   379   000FA9                     EEADR           equ	4009	;# 
   380   000FAB                     RCSTA           equ	4011	;# 
   381   000FAB                     RCSTA1          equ	4011	;# 
   382   000FAC                     TXSTA           equ	4012	;# 
   383   000FAC                     TXSTA1          equ	4012	;# 
   384   000FAD                     TXREG           equ	4013	;# 
   385   000FAD                     TXREG1          equ	4013	;# 
   386   000FAE                     RCREG           equ	4014	;# 
   387   000FAE                     RCREG1          equ	4014	;# 
   388   000FAF                     SPBRG           equ	4015	;# 
   389   000FAF                     SPBRG1          equ	4015	;# 
   390   000FB0                     SPBRGH          equ	4016	;# 
   391   000FB1                     T3CON           equ	4017	;# 
   392   000FB2                     TMR3            equ	4018	;# 
   393   000FB2                     TMR3L           equ	4018	;# 
   394   000FB3                     TMR3H           equ	4019	;# 
   395   000FB4                     CMCON           equ	4020	;# 
   396   000FB5                     CVRCON          equ	4021	;# 
   397   000FB6                     ECCP1AS         equ	4022	;# 
   398   000FB7                     ECCP1DEL        equ	4023	;# 
   399   000FB8                     BAUDCON         equ	4024	;# 
   400   000FB8                     BAUDCTL         equ	4024	;# 
   401   000FBA                     ECCP1CON        equ	4026	;# 
   402   000FBB                     ECCPR1          equ	4027	;# 
   403   000FBB                     ECCPR1L         equ	4027	;# 
   404   000FBC                     ECCPR1H         equ	4028	;# 
   405   000FBD                     CCP1CON         equ	4029	;# 
   406   000FBE                     CCPR1           equ	4030	;# 
   407   000FBE                     CCPR1L          equ	4030	;# 
   408   000FBF                     CCPR1H          equ	4031	;# 
   409   000FC0                     ADCON2          equ	4032	;# 
   410   000FC1                     ADCON1          equ	4033	;# 
   411   000FC2                     ADCON0          equ	4034	;# 
   412   000FC3                     ADRES           equ	4035	;# 
   413   000FC3                     ADRESL          equ	4035	;# 
   414   000FC4                     ADRESH          equ	4036	;# 
   415   000FC5                     SSPCON2         equ	4037	;# 
   416   000FC6                     SSPCON1         equ	4038	;# 
   417   000FC7                     SSPSTAT         equ	4039	;# 
   418   000FC8                     SSPADD          equ	4040	;# 
   419   000FC9                     SSPBUF          equ	4041	;# 
   420   000FCA                     T2CON           equ	4042	;# 
   421   000FCB                     PR2             equ	4043	;# 
   422   000FCB                     MEMCON          equ	4043	;# 
   423   000FCC                     TMR2            equ	4044	;# 
   424   000FCD                     T1CON           equ	4045	;# 
   425   000FCE                     TMR1            equ	4046	;# 
   426   000FCE                     TMR1L           equ	4046	;# 
   427   000FCF                     TMR1H           equ	4047	;# 
   428   000FD0                     RCON            equ	4048	;# 
   429   000FD1                     WDTCON          equ	4049	;# 
   430   000FD2                     HLVDCON         equ	4050	;# 
   431   000FD2                     LVDCON          equ	4050	;# 
   432   000FD3                     OSCCON          equ	4051	;# 
   433   000FD5                     T0CON           equ	4053	;# 
   434   000FD6                     TMR0            equ	4054	;# 
   435   000FD6                     TMR0L           equ	4054	;# 
   436   000FD7                     TMR0H           equ	4055	;# 
   437   000FD8                     STATUS          equ	4056	;# 
   438   000FD9                     FSR2            equ	4057	;# 
   439   000FD9                     FSR2L           equ	4057	;# 
   440   000FDA                     FSR2H           equ	4058	;# 
   441   000FDB                     PLUSW2          equ	4059	;# 
   442   000FDC                     PREINC2         equ	4060	;# 
   443   000FDD                     POSTDEC2        equ	4061	;# 
   444   000FDE                     POSTINC2        equ	4062	;# 
   445   000FDF                     INDF2           equ	4063	;# 
   446   000FE0                     BSR             equ	4064	;# 
   447   000FE1                     FSR1            equ	4065	;# 
   448   000FE1                     FSR1L           equ	4065	;# 
   449   000FE2                     FSR1H           equ	4066	;# 
   450   000FE3                     PLUSW1          equ	4067	;# 
   451   000FE4                     PREINC1         equ	4068	;# 
   452   000FE5                     POSTDEC1        equ	4069	;# 
   453   000FE6                     POSTINC1        equ	4070	;# 
   454   000FE7                     INDF1           equ	4071	;# 
   455   000FE8                     WREG            equ	4072	;# 
   456   000FE9                     FSR0            equ	4073	;# 
   457   000FE9                     FSR0L           equ	4073	;# 
   458   000FEA                     FSR0H           equ	4074	;# 
   459   000FEB                     PLUSW0          equ	4075	;# 
   460   000FEC                     PREINC0         equ	4076	;# 
   461   000FED                     POSTDEC0        equ	4077	;# 
   462   000FEE                     POSTINC0        equ	4078	;# 
   463   000FEF                     INDF0           equ	4079	;# 
   464   000FF0                     INTCON3         equ	4080	;# 
   465   000FF1                     INTCON2         equ	4081	;# 
   466   000FF2                     INTCON          equ	4082	;# 
   467   000FF3                     PROD            equ	4083	;# 
   468   000FF3                     PRODL           equ	4083	;# 
   469   000FF4                     PRODH           equ	4084	;# 
   470   000FF5                     TABLAT          equ	4085	;# 
   471   000FF6                     TBLPTR          equ	4086	;# 
   472   000FF6                     TBLPTRL         equ	4086	;# 
   473   000FF7                     TBLPTRH         equ	4087	;# 
   474   000FF8                     TBLPTRU         equ	4088	;# 
   475   000FF9                     PCLAT           equ	4089	;# 
   476   000FF9                     PC              equ	4089	;# 
   477   000FF9                     PCL             equ	4089	;# 
   478   000FFA                     PCLATH          equ	4090	;# 
   479   000FFB                     PCLATU          equ	4091	;# 
   480   000FFC                     STKPTR          equ	4092	;# 
   481   000FFD                     TOS             equ	4093	;# 
   482   000FFD                     TOSL            equ	4093	;# 
   483   000FFE                     TOSH            equ	4094	;# 
   484   000FFF                     TOSU            equ	4095	;# 
   485   000F94                     _TRISC          set	3988
   486   000F81                     _PORTB          set	3969
   487   000F93                     _TRISB          set	3987
   488   007C10                     _RC0            set	31760
   489                           
   490                           ; #config settings
   491                           
   492                           	psect	cinit
   493   000666                     __pcinit:
   494                           	callstack 0
   495   000666                     start_initialization:
   496                           	callstack 0
   497   000666                     __initialization:
   498                           	callstack 0
   499   000666                     end_of_initialization:
   500                           	callstack 0
   501   000666                     __end_of__initialization:
   502                           	callstack 0
   503   000666  0100               	movlb	0
   504   000668  EF01  F003         	goto	_main	;jump to C main() function
   505                           
   506                           	psect	cstackCOMRAM
   507   000001                     __pcstackCOMRAM:
   508                           	callstack 0
   509   000001                     main@flag:
   510                           	callstack 0
   511   000001                     
   512                           ; 1 bytes @ 0x0
   513   000001                     	ds	2
   514                           
   515 ;;
   516 ;;Main: autosize = 0, tempsize = 0, incstack = 0, save=0
   517 ;;
   518 ;; *************** function _main *****************
   519 ;; Defined at:
   520 ;;		line 10 in file "main.c"
   521 ;; Parameters:    Size  Location     Type
   522 ;;		None
   523 ;; Auto vars:     Size  Location     Type
   524 ;;  flag            2    0[COMRAM] int 
   525 ;; Return value:  Size  Location     Type
   526 ;;                  1    wreg      void 
   527 ;; Registers used:
   528 ;;		wreg, status,2, status,0
   529 ;; Tracked objects:
   530 ;;		On entry : 0/0
   531 ;;		On exit  : 0/0
   532 ;;		Unchanged: 0/0
   533 ;; Data sizes:     COMRAM   BANK0   BANK1   BANK2   BANK3   BANK4   BANK5
   534 ;;      Params:         0       0       0       0       0       0       0
   535 ;;      Locals:         2       0       0       0       0       0       0
   536 ;;      Temps:          0       0       0       0       0       0       0
   537 ;;      Totals:         2       0       0       0       0       0       0
   538 ;;Total ram usage:        2 bytes
   539 ;; This function calls:
   540 ;;		Nothing
   541 ;; This function is called by:
   542 ;;		Startup code after reset
   543 ;; This function uses a non-reentrant model
   544 ;;
   545                           
   546                           	psect	text0
   547   000602                     __ptext0:
   548                           	callstack 0
   549   000602                     _main:
   550                           	callstack 31
   551   000602                     
   552                           ;main.c: 11:     TRISB = 0X00;
   553   000602  6A93               	clrf	147,c	;volatile
   554                           
   555                           ;main.c: 12:     PORTB = 0X00;
   556   000604  6A81               	clrf	129,c	;volatile
   557   000606                     
   558                           ;main.c: 14:     TRISC = TRISC | 0X0F;
   559   000606  5094               	movf	148,w,c	;volatile
   560   000608  090F               	iorlw	15
   561   00060A  6E94               	movwf	148,c	;volatile
   562   00060C                     l809:
   563                           
   564                           ;main.c: 16:     int flag = 1;
   565   00060C  6A02               	clrf	(main@flag+1)^0,c
   566   00060E  0E01               	movlw	1
   567   000610  6E01               	movwf	main@flag^0,c
   568   000612                     l811:
   569                           
   570                           ;main.c: 19:         if(RC0 == 0 && flag == 1){
   571   000612  B082               	btfsc	3970,0,c	;volatile
   572   000614  EF0E  F003         	goto	u11
   573   000618  EF10  F003         	goto	u10
   574   00061C                     u11:
   575   00061C  EF1F  F003         	goto	l14
   576   000620                     u10:
   577   000620  0401               	decf	main@flag^0,w,c
   578   000622  1002               	iorwf	(main@flag+1)^0,w,c
   579   000624  A4D8               	btfss	status,2,c
   580   000626  EF17  F003         	goto	u21
   581   00062A  EF19  F003         	goto	u20
   582   00062E                     u21:
   583   00062E  EF1F  F003         	goto	l14
   584   000632                     u20:
   585   000632                     
   586                           ;main.c: 20:             PORTB = ~PORTB;
   587   000632  1E81               	comf	129,f,c	;volatile
   588   000634                     
   589                           ;main.c: 21:             flag = 0;
   590   000634  6A02               	clrf	(main@flag+1)^0,c
   591   000636  0E00               	movlw	0
   592   000638  6E01               	movwf	main@flag^0,c
   593                           
   594                           ;main.c: 22:         }
   595   00063A  EF09  F003         	goto	l811
   596   00063E                     l14:
   597   00063E  A082               	btfss	3970,0,c	;volatile
   598   000640  EF24  F003         	goto	u31
   599   000644  EF26  F003         	goto	u30
   600   000648                     u31:
   601   000648  EF09  F003         	goto	l811
   602   00064C                     u30:
   603   00064C  5001               	movf	main@flag^0,w,c
   604   00064E  1002               	iorwf	(main@flag+1)^0,w,c
   605   000650  A4D8               	btfss	status,2,c
   606   000652  EF2D  F003         	goto	u41
   607   000656  EF2F  F003         	goto	u40
   608   00065A                     u41:
   609   00065A  EF09  F003         	goto	l811
   610   00065E                     u40:
   611   00065E  EF06  F003         	goto	l809
   612   000662  EFFE  F017         	goto	start
   613   000666                     __end_of_main:
   614                           	callstack 0
   615                           
   616                           	psect	smallconst
   617   000600                     __psmallconst:
   618                           	callstack 0
   619   000600  00                 	db	0
   620   000601  00                 	db	0	; dummy byte at the end
   621   000600                     __smallconst    set	__psmallconst
   622   000600                     __mediumconst   set	__psmallconst
   623   000000                     __activetblptr  equ	0
   624                           
   625                           	psect	rparam
   626   000001                     ___rparam_used  equ	1
   627   000000                     ___param_bank   equ	0
   628   000000                     __Lparam        equ	__Lrparam
   629   000000                     __Hparam        equ	__Hrparam
   630                           tosu	equ	0xFFF
   631                           tosh	equ	0xFFE
   632                           tosl	equ	0xFFD
   633                           stkptr	equ	0xFFC
   634                           pclatu	equ	0xFFB
   635                           pclath	equ	0xFFA
   636                           pcl	equ	0xFF9
   637                           tblptru	equ	0xFF8
   638                           tblptrh	equ	0xFF7
   639                           tblptrl	equ	0xFF6
   640                           tablat	equ	0xFF5
   641                           prodh	equ	0xFF4
   642                           prodl	equ	0xFF3
   643                           indf0	equ	0xFEF
   644                           postinc0	equ	0xFEE
   645                           postdec0	equ	0xFED
   646                           preinc0	equ	0xFEC
   647                           plusw0	equ	0xFEB
   648                           fsr0h	equ	0xFEA
   649                           fsr0l	equ	0xFE9
   650                           wreg	equ	0xFE8
   651                           indf1	equ	0xFE7
   652                           postinc1	equ	0xFE6
   653                           postdec1	equ	0xFE5
   654                           preinc1	equ	0xFE4
   655                           plusw1	equ	0xFE3
   656                           fsr1h	equ	0xFE2
   657                           fsr1l	equ	0xFE1
   658                           bsr	equ	0xFE0
   659                           indf2	equ	0xFDF
   660                           postinc2	equ	0xFDE
   661                           postdec2	equ	0xFDD
   662                           preinc2	equ	0xFDC
   663                           plusw2	equ	0xFDB
   664                           fsr2h	equ	0xFDA
   665                           fsr2l	equ	0xFD9
   666                           status	equ	0xFD8

Data Sizes:
    Strings     0
    Constant    0
    Data        0
    BSS         0
    Persistent  0
    Stack       0

Auto Spaces:
    Space          Size  Autos    Used
    COMRAM           95      2       2
    BANK0           160      0       0
    BANK1           256      0       0
    BANK2           256      0       0
    BANK3           256      0       0
    BANK4           256      0       0
    BANK5           256      0       0

Pointer List with Targets:

    None.

Critical Paths under _main in COMRAM

    None.

Critical Paths under _main in BANK0

    None.

Critical Paths under _main in BANK1

    None.

Critical Paths under _main in BANK2

    None.

Critical Paths under _main in BANK3

    None.

Critical Paths under _main in BANK4

    None.

Critical Paths under _main in BANK5

    None.

Call Graph Tables:

 ---------------------------------------------------------------------------------
 (Depth) Function   	        Calls       Base Space   Used Autos Params    Refs
 ---------------------------------------------------------------------------------
 (0) _main                                                 2     2      0      30
                                              0 COMRAM     2     2      0
 ---------------------------------------------------------------------------------
 Estimated maximum stack depth 0
 ---------------------------------------------------------------------------------

 Call Graph Graphs:

 _main (ROOT)

Address spaces:
Name               Size   Autos  Total    Usage
BITCOMRAM           95      0       0      0.0%
BITBANK0           160      0       0      0.0%
BITBANK1           256      0       0      0.0%
BITBANK2           256      0       0      0.0%
BITBANK3           256      0       0      0.0%
BITBANK4           256      0       0      0.0%
BITBANK5           256      0       0      0.0%
BITBIGSFRl         641      0       0      0.0%
BITBIGSFRh         125      0       0      0.0%
COMRAM              95      2       2      2.1%
BANK0              160      0       0      0.0%
BANK1              256      0       0      0.0%
BANK2              256      0       0      0.0%
BANK3              256      0       0      0.0%
BANK4              256      0       0      0.0%
BANK5              256      0       0      0.0%
BIGRAM            1535      0       0      0.0%
STACK                0      0       0      0.0%
DATA                 0      0       2      0.0%


Microchip Technology PIC18 Macro Assembler V4.00 build 20260614213421 
Symbol Table                                                                                   Wed Sep 30 16:13:39 2026

                     l14 063E                       u10 0620                       u11 061C  
                     u20 0632                       u21 062E                       u30 064C  
                     u31 0648                       u40 065E                       u41 065A  
                    l811 0612                      l813 0620                      l805 0602  
                    l815 0632                      l807 0606                      l817 0634  
                    l809 060C                      l819 064C                      _RC0 7C10  
                   _main 0602                     start 2FFC             ___param_bank 0000  
                  ?_main 0001                    _PORTB 0F81                    _TRISB 0F93  
                  _TRISC 0F94                    status 0FD8          __initialization 0666  
           __end_of_main 0666                   ??_main 0001            __activetblptr 0000  
                 isa$std 0001             __mediumconst 0600               __accesstop 0060  
__end_of__initialization 0666            ___rparam_used 0001           __pcstackCOMRAM 0001  
                __Hparam 0000                  __Lparam 0000             __psmallconst 0600  
                __pcinit 0666                  __ramtop 0600                  __ptext0 0602  
   end_of_initialization 0666      start_initialization 0666              __smallconst 0600  
               __Hrparam 0000                 __Lrparam 0000                 isa$xinst 0000  
               main@flag 0001  
